<html>
<body>
<pre>
<h1>µVision Build Log</h1>
<h2>Tool Versions:</h2>
IDE-Version: µVision V5.17.0.0
Copyright (C) 2015 ARM Ltd and ARM Germany GmbH. All rights reserved.
License Information: powen ko, looptek, LIC=----
 
Tool Versions:
Toolchain:       MDK-Lite  Version: 5.17
Toolchain Path:  C:\Keil_v5\ARM\ARMCC\Bin
C Compiler:      Armcc.exe V5.06 update 1 (build 61)
Assembler:       Armasm.exe V5.06 update 1 (build 61)
Linker/Locator:  ArmLink.exe V5.06 update 1 (build 61)
Library Manager: ArmAr.exe V5.06 update 1 (build 61)
Hex Converter:   FromElf.exe V5.06 update 1 (build 61)
CPU DLL:         SARMCM3.DLL V5.17
Dialog DLL:      DCM.DLL V1.13.4.0
Target DLL:      STLink\ST-LINKIII-KEIL_SWO.dll V2.0.18.0
Dialog DLL:      TCM.DLL V1.14.6.0
 
<h2>Project:</h2>
\\vmware-host\Shared Folders\Desktop\temp\STM32L-Discovery_FW_Pack\Projects\AN3964-Temperature_sensor\MDK-ARM\Project.uvprojx
Project File Date:  02/03/2015

<h2>Output:</h2>
*** Using Compiler 'V5.06 update 1 (build 61)', folder: 'C:\Keil_v5\ARM\ARMCC\Bin'
Rebuild target 'STM32L152RC (32L152C-DISCOVERY)'
assembling startup_stm32l1xx_mdp.s...
compiling stm32l1xx_wwdg.c...
compiling misc.c...
compiling stm32l1xx_adc.c...
compiling stm32l1xx_comp.c...
compiling stm32l1xx_crc.c...
compiling stm32l1xx_dac.c...
compiling stm32l1xx_dbgmcu.c...
compiling stm32l1xx_dma.c...
compiling stm32l1xx_exti.c...
compiling stm32l1xx_flash.c...
compiling stm32l1xx_gpio.c...
compiling stm32l1xx_i2c.c...
compiling stm32l1xx_iwdg.c...
compiling stm32l1xx_lcd.c...
compiling stm32l1xx_pwr.c...
compiling stm32l1xx_rcc.c...
compiling stm32l1xx_rtc.c...
compiling stm32l1xx_spi.c...
compiling stm32l1xx_syscfg.c...
compiling stm32l1xx_tim.c...
compiling stm32l1xx_usart.c...
compiling stm32l_discovery_lcd.c...
compiling system_stm32l1xx.c...
compiling stm32l1xx_it.c...
compiling main.c...
linking...
Program Size: Code=8972 RO-data=396 RW-data=84 ZI-data=1172  
".\STM32L-Discovery\STM32L-Discovery.axf" - 0 Error(s), 0 Warning(s).

<h2>Collection of Component include folders:</h2>
  \\vmware-host\Shared Folders\Desktop\temp\STM32L-Discovery_FW_Pack\Projects\AN3964-Temperature_sensor\MDK-ARM\RTE
  C:\Keil_v5\ARM\PACK\Keil\STM32L1xx_DFP\1.0.2\Device\Include

<h2>Collection of Component Files used:</h2>
Build Time Elapsed:  00:02:27
</pre>
</body>
</html>
