Component: ARM Compiler 5.06 update 1 (build 61) Tool: armlink [4d35a8]

==============================================================================

Section Cross References

    startup_stm32l1xx_mdp.o(RESET) refers to startup_stm32l1xx_mdp.o(STACK) for __initial_sp
    startup_stm32l1xx_mdp.o(RESET) refers to startup_stm32l1xx_mdp.o(.text) for Reset_Handler
    startup_stm32l1xx_mdp.o(RESET) refers to stm32l1xx_it.o(i.NMI_Handler) for NMI_Handler
    startup_stm32l1xx_mdp.o(RESET) refers to stm32l1xx_it.o(i.HardFault_Handler) for HardFault_Handler
    startup_stm32l1xx_mdp.o(RESET) refers to stm32l1xx_it.o(i.MemManage_Handler) for MemManage_Handler
    startup_stm32l1xx_mdp.o(RESET) refers to stm32l1xx_it.o(i.BusFault_Handler) for BusFault_Handler
    startup_stm32l1xx_mdp.o(RESET) refers to stm32l1xx_it.o(i.UsageFault_Handler) for UsageFault_Handler
    startup_stm32l1xx_mdp.o(RESET) refers to stm32l1xx_it.o(i.SVC_Handler) for SVC_Handler
    startup_stm32l1xx_mdp.o(RESET) refers to stm32l1xx_it.o(i.DebugMon_Handler) for DebugMon_Handler
    startup_stm32l1xx_mdp.o(RESET) refers to stm32l1xx_it.o(i.PendSV_Handler) for PendSV_Handler
    startup_stm32l1xx_mdp.o(RESET) refers to stm32l1xx_it.o(i.SysTick_Handler) for SysTick_Handler
    startup_stm32l1xx_mdp.o(RESET) refers to stm32l1xx_it.o(i.RTC_WKUP_IRQHandler) for RTC_WKUP_IRQHandler
    startup_stm32l1xx_mdp.o(RESET) refers to stm32l1xx_it.o(i.EXTI0_IRQHandler) for EXTI0_IRQHandler
    startup_stm32l1xx_mdp.o(RESET) refers to stm32l1xx_it.o(i.DMA1_Channel1_IRQHandler) for DMA1_Channel1_IRQHandler
    startup_stm32l1xx_mdp.o(.text) refers to system_stm32l1xx.o(i.SystemInit) for SystemInit
    startup_stm32l1xx_mdp.o(.text) refers to entry.o(.ARM.Collect$$$$00000000) for __main
    stm32l1xx_wwdg.o(i.WWDG_DeInit) refers to stm32l1xx_rcc.o(i.RCC_APB1PeriphResetCmd) for RCC_APB1PeriphResetCmd
    stm32l1xx_adc.o(i.ADC_DeInit) refers to stm32l1xx_rcc.o(i.RCC_APB2PeriphResetCmd) for RCC_APB2PeriphResetCmd
    stm32l1xx_dac.o(i.DAC_DeInit) refers to stm32l1xx_rcc.o(i.RCC_APB1PeriphResetCmd) for RCC_APB1PeriphResetCmd
    stm32l1xx_flash.o(i.DATA_EEPROM_EraseByte) refers to stm32l1xx_flash.o(i.FLASH_WaitForLastOperation) for FLASH_WaitForLastOperation
    stm32l1xx_flash.o(i.DATA_EEPROM_EraseHalfWord) refers to stm32l1xx_flash.o(i.FLASH_WaitForLastOperation) for FLASH_WaitForLastOperation
    stm32l1xx_flash.o(i.DATA_EEPROM_EraseWord) refers to stm32l1xx_flash.o(i.FLASH_WaitForLastOperation) for FLASH_WaitForLastOperation
    stm32l1xx_flash.o(i.DATA_EEPROM_FastProgramByte) refers to stm32l1xx_flash.o(i.FLASH_WaitForLastOperation) for FLASH_WaitForLastOperation
    stm32l1xx_flash.o(i.DATA_EEPROM_FastProgramHalfWord) refers to stm32l1xx_flash.o(i.FLASH_WaitForLastOperation) for FLASH_WaitForLastOperation
    stm32l1xx_flash.o(i.DATA_EEPROM_FastProgramWord) refers to stm32l1xx_flash.o(i.FLASH_WaitForLastOperation) for FLASH_WaitForLastOperation
    stm32l1xx_flash.o(i.DATA_EEPROM_ProgramByte) refers to stm32l1xx_flash.o(i.FLASH_WaitForLastOperation) for FLASH_WaitForLastOperation
    stm32l1xx_flash.o(i.DATA_EEPROM_ProgramHalfWord) refers to stm32l1xx_flash.o(i.FLASH_WaitForLastOperation) for FLASH_WaitForLastOperation
    stm32l1xx_flash.o(i.DATA_EEPROM_ProgramWord) refers to stm32l1xx_flash.o(i.FLASH_WaitForLastOperation) for FLASH_WaitForLastOperation
    stm32l1xx_flash.o(i.FLASH_ErasePage) refers to stm32l1xx_flash.o(i.FLASH_WaitForLastOperation) for FLASH_WaitForLastOperation
    stm32l1xx_flash.o(i.FLASH_FastProgramWord) refers to stm32l1xx_flash.o(i.FLASH_WaitForLastOperation) for FLASH_WaitForLastOperation
    stm32l1xx_flash.o(i.FLASH_OB_BORConfig) refers to stm32l1xx_flash.o(i.FLASH_WaitForLastOperation) for FLASH_WaitForLastOperation
    stm32l1xx_flash.o(i.FLASH_OB_BootConfig) refers to stm32l1xx_flash.o(i.FLASH_WaitForLastOperation) for FLASH_WaitForLastOperation
    stm32l1xx_flash.o(i.FLASH_OB_PCROP1Config) refers to stm32l1xx_flash.o(i.FLASH_WaitForLastOperation) for FLASH_WaitForLastOperation
    stm32l1xx_flash.o(i.FLASH_OB_PCROPConfig) refers to stm32l1xx_flash.o(i.FLASH_WaitForLastOperation) for FLASH_WaitForLastOperation
    stm32l1xx_flash.o(i.FLASH_OB_PCROPSelectionConfig) refers to stm32l1xx_flash.o(i.FLASH_WaitForLastOperation) for FLASH_WaitForLastOperation
    stm32l1xx_flash.o(i.FLASH_OB_RDPConfig) refers to stm32l1xx_flash.o(i.FLASH_WaitForLastOperation) for FLASH_WaitForLastOperation
    stm32l1xx_flash.o(i.FLASH_OB_Unlock) refers to stm32l1xx_flash.o(i.DATA_EEPROM_Unlock) for DATA_EEPROM_Unlock
    stm32l1xx_flash.o(i.FLASH_OB_UserConfig) refers to stm32l1xx_flash.o(i.FLASH_WaitForLastOperation) for FLASH_WaitForLastOperation
    stm32l1xx_flash.o(i.FLASH_OB_WRP1Config) refers to stm32l1xx_flash.o(i.FLASH_WaitForLastOperation) for FLASH_WaitForLastOperation
[...]
    Removing stm32l1xx_flash.o(i.FLASH_ITConfig), (32 bytes).
    Removing stm32l1xx_flash.o(i.FLASH_Lock), (20 bytes).
    Removing stm32l1xx_flash.o(i.FLASH_OB_BORConfig), (72 bytes).
    Removing stm32l1xx_flash.o(i.FLASH_OB_BootConfig), (72 bytes).
    Removing stm32l1xx_flash.o(i.FLASH_OB_GetBOR), (16 bytes).
    Removing stm32l1xx_flash.o(i.FLASH_OB_GetRDP), (24 bytes).
    Removing stm32l1xx_flash.o(i.FLASH_OB_GetSPRMOD), (28 bytes).
    Removing stm32l1xx_flash.o(i.FLASH_OB_GetUser), (16 bytes).
    Removing stm32l1xx_flash.o(i.FLASH_OB_GetWRP), (12 bytes).
    Removing stm32l1xx_flash.o(i.FLASH_OB_GetWRP1), (12 bytes).
    Removing stm32l1xx_flash.o(i.FLASH_OB_GetWRP2), (12 bytes).
    Removing stm32l1xx_flash.o(i.FLASH_OB_Launch), (20 bytes).
    Removing stm32l1xx_flash.o(i.FLASH_OB_Lock), (20 bytes).
    Removing stm32l1xx_flash.o(i.FLASH_OB_PCROP1Config), (148 bytes).
    Removing stm32l1xx_flash.o(i.FLASH_OB_PCROPConfig), (148 bytes).
    Removing stm32l1xx_flash.o(i.FLASH_OB_PCROPSelectionConfig), (76 bytes).
    Removing stm32l1xx_flash.o(i.FLASH_OB_RDPConfig), (52 bytes).
    Removing stm32l1xx_flash.o(i.FLASH_OB_Unlock), (44 bytes).
    Removing stm32l1xx_flash.o(i.FLASH_OB_UserConfig), (100 bytes).
    Removing stm32l1xx_flash.o(i.FLASH_OB_WRP1Config), (148 bytes).
    Removing stm32l1xx_flash.o(i.FLASH_OB_WRP2Config), (148 bytes).
    Removing stm32l1xx_flash.o(i.FLASH_OB_WRPConfig), (148 bytes).
    Removing stm32l1xx_flash.o(i.FLASH_PrefetchBufferCmd), (36 bytes).
    Removing stm32l1xx_flash.o(i.FLASH_ReadAccess64Cmd), (36 bytes).
    Removing stm32l1xx_flash.o(i.FLASH_SLEEPPowerDownCmd), (36 bytes).
    Removing stm32l1xx_flash.o(i.FLASH_SetLatency), (24 bytes).
    Removing stm32l1xx_flash.o(i.FLASH_Unlock), (44 bytes).
    Removing stm32l1xx_gpio.o(.rev16_text), (4 bytes).
    Removing stm32l1xx_gpio.o(.revsh_text), (4 bytes).
    Removing stm32l1xx_gpio.o(i.GPIO_DeInit), (228 bytes).
    Removing stm32l1xx_gpio.o(i.GPIO_PinLockConfig), (34 bytes).
    Removing stm32l1xx_gpio.o(i.GPIO_ReadInputData), (6 bytes).
    Removing stm32l1xx_gpio.o(i.GPIO_ReadInputDataBit), (18 bytes).
    Removing stm32l1xx_gpio.o(i.GPIO_ReadOutputData), (6 bytes).
    Removing stm32l1xx_gpio.o(i.GPIO_ReadOutputDataBit), (18 bytes).
    Removing stm32l1xx_gpio.o(i.GPIO_ResetBits), (4 bytes).
    Removing stm32l1xx_gpio.o(i.GPIO_SetBits), (4 bytes).
    Removing stm32l1xx_gpio.o(i.GPIO_ToggleBits), (8 bytes).
    Removing stm32l1xx_gpio.o(i.GPIO_Write), (4 bytes).
    Removing stm32l1xx_gpio.o(i.GPIO_WriteBit), (10 bytes).
    Removing stm32l1xx_i2c.o(.rev16_text), (4 bytes).
    Removing stm32l1xx_i2c.o(.revsh_text), (4 bytes).
    Removing stm32l1xx_i2c.o(i.I2C_ARPCmd), (24 bytes).
    Removing stm32l1xx_i2c.o(i.I2C_AcknowledgeConfig), (24 bytes).
    Removing stm32l1xx_i2c.o(i.I2C_CalculatePEC), (24 bytes).
    Removing stm32l1xx_i2c.o(i.I2C_CheckEvent), (42 bytes).
    Removing stm32l1xx_i2c.o(i.I2C_ClearFlag), (12 bytes).
    Removing stm32l1xx_i2c.o(i.I2C_ClearITPendingBit), (12 bytes).
    Removing stm32l1xx_i2c.o(i.I2C_Cmd), (24 bytes).
    Removing stm32l1xx_i2c.o(i.I2C_DMACmd), (24 bytes).
    Removing stm32l1xx_i2c.o(i.I2C_DMALastTransferCmd), (24 bytes).
    Removing stm32l1xx_i2c.o(i.I2C_DeInit), (56 bytes).
    Removing stm32l1xx_i2c.o(i.I2C_DualAddressCmd), (24 bytes).
    Removing stm32l1xx_i2c.o(i.I2C_FastModeDutyCycleConfig), (28 bytes).
    Removing stm32l1xx_i2c.o(i.I2C_GeneralCallCmd), (24 bytes).
    Removing stm32l1xx_i2c.o(i.I2C_GenerateSTART), (24 bytes).
    Removing stm32l1xx_i2c.o(i.I2C_GenerateSTOP), (24 bytes).
    Removing stm32l1xx_i2c.o(i.I2C_GetFlagStatus), (58 bytes).
    Removing stm32l1xx_i2c.o(i.I2C_GetITStatus), (38 bytes).
    Removing stm32l1xx_i2c.o(i.I2C_GetLastEvent), (26 bytes).
    Removing stm32l1xx_i2c.o(i.I2C_GetPEC), (8 bytes).
    Removing stm32l1xx_i2c.o(i.I2C_ITConfig), (18 bytes).
    Removing stm32l1xx_i2c.o(i.I2C_Init), (232 bytes).
    Removing stm32l1xx_i2c.o(i.I2C_NACKPositionConfig), (28 bytes).
    Removing stm32l1xx_i2c.o(i.I2C_OwnAddress2Config), (22 bytes).
    Removing stm32l1xx_i2c.o(i.I2C_PECPositionConfig), (28 bytes).
    Removing stm32l1xx_i2c.o(i.I2C_ReadRegister), (22 bytes).
    Removing stm32l1xx_i2c.o(i.I2C_ReceiveData), (8 bytes).
    Removing stm32l1xx_i2c.o(i.I2C_SMBusAlertConfig), (28 bytes).
    Removing stm32l1xx_i2c.o(i.I2C_Send7bitAddress), (16 bytes).
    Removing stm32l1xx_i2c.o(i.I2C_SendData), (4 bytes).
    Removing stm32l1xx_i2c.o(i.I2C_SoftwareResetCmd), (22 bytes).
    Removing stm32l1xx_i2c.o(i.I2C_StretchClockCmd), (24 bytes).
    Removing stm32l1xx_i2c.o(i.I2C_StructInit), (30 bytes).
    Removing stm32l1xx_i2c.o(i.I2C_TransmitPEC), (24 bytes).
    Removing stm32l1xx_iwdg.o(.rev16_text), (4 bytes).
    Removing stm32l1xx_iwdg.o(.revsh_text), (4 bytes).
    Removing stm32l1xx_iwdg.o(i.IWDG_Enable), (16 bytes).
    Removing stm32l1xx_iwdg.o(i.IWDG_GetFlagStatus), (24 bytes).
    Removing stm32l1xx_iwdg.o(i.IWDG_ReloadCounter), (16 bytes).
    Removing stm32l1xx_iwdg.o(i.IWDG_SetPrescaler), (12 bytes).
    Removing stm32l1xx_iwdg.o(i.IWDG_SetReload), (12 bytes).
    Removing stm32l1xx_iwdg.o(i.IWDG_WriteAccessCmd), (12 bytes).
    Removing stm32l1xx_lcd.o(.rev16_text), (4 bytes).
    Removing stm32l1xx_lcd.o(.revsh_text), (4 bytes).
    Removing stm32l1xx_lcd.o(i.LCD_ClearFlag), (12 bytes).
    Removing stm32l1xx_lcd.o(i.LCD_ClearITPendingBit), (12 bytes).
    Removing stm32l1xx_lcd.o(i.LCD_DeInit), (22 bytes).
    Removing stm32l1xx_lcd.o(i.LCD_GetITStatus), (44 bytes).
    Removing stm32l1xx_lcd.o(i.LCD_HighDriveCmd), (12 bytes).
    Removing stm32l1xx_lcd.o(i.LCD_ITConfig), (32 bytes).
    Removing stm32l1xx_lcd.o(i.LCD_StructInit), (14 bytes).
    Removing stm32l1xx_lcd.o(i.LCD_Write), (12 bytes).
    Removing stm32l1xx_pwr.o(.rev16_text), (4 bytes).
    Removing stm32l1xx_pwr.o(.revsh_text), (4 bytes).
    Removing stm32l1xx_pwr.o(i.PWR_DeInit), (22 bytes).
    Removing stm32l1xx_pwr.o(i.PWR_EnterLowPowerRunMode), (56 bytes).
    Removing stm32l1xx_pwr.o(i.PWR_EnterSTANDBYMode), (52 bytes).
    Removing stm32l1xx_pwr.o(i.PWR_EnterSleepMode), (52 bytes).
    Removing stm32l1xx_pwr.o(i.PWR_FastWakeUpCmd), (12 bytes).
    Removing stm32l1xx_pwr.o(i.PWR_PVDCmd), (12 bytes).
    Removing stm32l1xx_pwr.o(i.PWR_PVDLevelConfig), (24 bytes).
    Removing stm32l1xx_pwr.o(i.PWR_UltraLowPowerCmd), (12 bytes).
    Removing stm32l1xx_pwr.o(i.PWR_WakeUpPinCmd), (24 bytes).
    Removing stm32l1xx_rcc.o(.rev16_text), (4 bytes).
    Removing stm32l1xx_rcc.o(.revsh_text), (4 bytes).
    Removing stm32l1xx_rcc.o(i.RCC_AHBPeriphClockLPModeCmd), (32 bytes).
    Removing stm32l1xx_rcc.o(i.RCC_AHBPeriphResetCmd), (32 bytes).
    Removing stm32l1xx_rcc.o(i.RCC_APB1PeriphClockLPModeCmd), (32 bytes).
    Removing stm32l1xx_rcc.o(i.RCC_APB1PeriphResetCmd), (32 bytes).
    Removing stm32l1xx_rcc.o(i.RCC_APB2PeriphClockLPModeCmd), (32 bytes).
    Removing stm32l1xx_rcc.o(i.RCC_APB2PeriphResetCmd), (32 bytes).
    Removing stm32l1xx_rcc.o(i.RCC_AdjustHSICalibrationValue), (24 bytes).
    Removing stm32l1xx_rcc.o(i.RCC_AdjustMSICalibrationValue), (12 bytes).
    Removing stm32l1xx_rcc.o(i.RCC_ClearFlag), (20 bytes).
    Removing stm32l1xx_rcc.o(i.RCC_ClearITPendingBit), (12 bytes).
    Removing stm32l1xx_rcc.o(i.RCC_ClockSecuritySystemCmd), (12 bytes).
    Removing stm32l1xx_rcc.o(i.RCC_DeInit), (88 bytes).
    Removing stm32l1xx_rcc.o(i.RCC_GetITStatus), (24 bytes).
    Removing stm32l1xx_rcc.o(i.RCC_GetSYSCLKSource), (16 bytes).
    Removing stm32l1xx_rcc.o(i.RCC_HCLKConfig), (24 bytes).
    Removing stm32l1xx_rcc.o(i.RCC_ITConfig), (32 bytes).
    Removing stm32l1xx_rcc.o(i.RCC_LSEClockSecuritySystemCmd), (12 bytes).
    Removing stm32l1xx_rcc.o(i.RCC_LSICmd), (12 bytes).
    Removing stm32l1xx_rcc.o(i.RCC_MCOConfig), (16 bytes).
    Removing stm32l1xx_rcc.o(i.RCC_MSICmd), (12 bytes).
    Removing stm32l1xx_rcc.o(i.RCC_PCLK1Config), (24 bytes).
    Removing stm32l1xx_rcc.o(i.RCC_PCLK2Config), (24 bytes).
    Removing stm32l1xx_rcc.o(i.RCC_PLLCmd), (12 bytes).
    Removing stm32l1xx_rcc.o(i.RCC_PLLConfig), (20 bytes).
    Removing stm32l1xx_rcc.o(i.RCC_WaitForHSEStartUp), (56 bytes).
    Removing stm32l1xx_rtc.o(.rev16_text), (4 bytes).
    Removing stm32l1xx_rtc.o(.revsh_text), (4 bytes).
    Removing stm32l1xx_rtc.o(i.RTC_AlarmCmd), (116 bytes).
    Removing stm32l1xx_rtc.o(i.RTC_AlarmStructInit), (22 bytes).
    Removing stm32l1xx_rtc.o(i.RTC_AlarmSubSecondConfig), (52 bytes).
    Removing stm32l1xx_rtc.o(i.RTC_Bcd2ToByte), (22 bytes).
    Removing stm32l1xx_rtc.o(i.RTC_BypassShadowCmd), (60 bytes).
    Removing stm32l1xx_rtc.o(i.RTC_ByteToBcd2), (28 bytes).
    Removing stm32l1xx_rtc.o(i.RTC_CalibOutputCmd), (60 bytes).
    Removing stm32l1xx_rtc.o(i.RTC_CalibOutputConfig), (48 bytes).
    Removing stm32l1xx_rtc.o(i.RTC_ClearFlag), (32 bytes).
    Removing stm32l1xx_rtc.o(i.RTC_CoarseCalibCmd), (80 bytes).
    Removing stm32l1xx_rtc.o(i.RTC_CoarseCalibConfig), (56 bytes).
    Removing stm32l1xx_rtc.o(i.RTC_DateStructInit), (14 bytes).
    Removing stm32l1xx_rtc.o(i.RTC_DayLightSavingConfig), (56 bytes).
    Removing stm32l1xx_rtc.o(i.RTC_DeInit), (212 bytes).
    Removing stm32l1xx_rtc.o(i.RTC_EnterInitMode), (80 bytes).
    Removing stm32l1xx_rtc.o(i.RTC_ExitInitMode), (20 bytes).
    Removing stm32l1xx_rtc.o(i.RTC_GetAlarm), (116 bytes).
    Removing stm32l1xx_rtc.o(i.RTC_GetAlarmSubSecond), (36 bytes).
    Removing stm32l1xx_rtc.o(i.RTC_GetDate), (76 bytes).
    Removing stm32l1xx_rtc.o(i.RTC_GetFlagStatus), (40 bytes).
    Removing stm32l1xx_rtc.o(i.RTC_GetStoreOperation), (16 bytes).
    Removing stm32l1xx_rtc.o(i.RTC_GetSubSecond), (20 bytes).
    Removing stm32l1xx_rtc.o(i.RTC_GetTime), (80 bytes).
    Removing stm32l1xx_rtc.o(i.RTC_GetTimeStamp), (156 bytes).
    Removing stm32l1xx_rtc.o(i.RTC_GetTimeStampSubSecond), (12 bytes).
    Removing stm32l1xx_rtc.o(i.RTC_GetWakeUpCounter), (12 bytes).
    Removing stm32l1xx_rtc.o(i.RTC_Init), (100 bytes).
    Removing stm32l1xx_rtc.o(i.RTC_OutputConfig), (56 bytes).
    Removing stm32l1xx_rtc.o(i.RTC_OutputTypeConfig), (28 bytes).
    Removing stm32l1xx_rtc.o(i.RTC_ReadBackupRegister), (32 bytes).
    Removing stm32l1xx_rtc.o(i.RTC_RefClockCmd), (80 bytes).
    Removing stm32l1xx_rtc.o(i.RTC_SetAlarm), (236 bytes).
    Removing stm32l1xx_rtc.o(i.RTC_SetDate), (200 bytes).
    Removing stm32l1xx_rtc.o(i.RTC_SetTime), (208 bytes).
    Removing stm32l1xx_rtc.o(i.RTC_SmoothCalibConfig), (96 bytes).
    Removing stm32l1xx_rtc.o(i.RTC_StructInit), (14 bytes).
    Removing stm32l1xx_rtc.o(i.RTC_SynchroShiftConfig), (124 bytes).
    Removing stm32l1xx_rtc.o(i.RTC_TamperCmd), (32 bytes).
    Removing stm32l1xx_rtc.o(i.RTC_TamperFilterConfig), (28 bytes).
    Removing stm32l1xx_rtc.o(i.RTC_TamperPinsPrechargeDuration), (28 bytes).
    Removing stm32l1xx_rtc.o(i.RTC_TamperPullUpCmd), (36 bytes).
    Removing stm32l1xx_rtc.o(i.RTC_TamperSamplingFreqConfig), (28 bytes).
    Removing stm32l1xx_rtc.o(i.RTC_TamperTriggerConfig), (36 bytes).
    Removing stm32l1xx_rtc.o(i.RTC_TimeStampCmd), (56 bytes).
    Removing stm32l1xx_rtc.o(i.RTC_TimeStampOnTamperDetectionCmd), (36 bytes).
    Removing stm32l1xx_rtc.o(i.RTC_TimeStructInit), (12 bytes).
    Removing stm32l1xx_rtc.o(i.RTC_WriteBackupRegister), (28 bytes).
    Removing stm32l1xx_rtc.o(i.RTC_WriteProtectionCmd), (28 bytes).
    Removing stm32l1xx_spi.o(.rev16_text), (4 bytes).
    Removing stm32l1xx_spi.o(.revsh_text), (4 bytes).
    Removing stm32l1xx_spi.o(i.I2S_Cmd), (24 bytes).
    Removing stm32l1xx_spi.o(i.I2S_Init), (212 bytes).
    Removing stm32l1xx_spi.o(i.I2S_StructInit), (20 bytes).
    Removing stm32l1xx_spi.o(i.SPI_BiDirectionalLineConfig), (28 bytes).
    Removing stm32l1xx_spi.o(i.SPI_CalculateCRC), (24 bytes).
    Removing stm32l1xx_spi.o(i.SPI_Cmd), (24 bytes).
    Removing stm32l1xx_spi.o(i.SPI_DataSizeConfig), (18 bytes).
    Removing stm32l1xx_spi.o(i.SPI_GetCRC), (16 bytes).
    Removing stm32l1xx_spi.o(i.SPI_GetCRCPolynomial), (6 bytes).
    Removing stm32l1xx_spi.o(i.SPI_I2S_ClearFlag), (6 bytes).
    Removing stm32l1xx_spi.o(i.SPI_I2S_ClearITPendingBit), (20 bytes).
    Removing stm32l1xx_spi.o(i.SPI_I2S_DMACmd), (18 bytes).
    Removing stm32l1xx_spi.o(i.SPI_I2S_DeInit), (88 bytes).
    Removing stm32l1xx_spi.o(i.SPI_I2S_GetFlagStatus), (18 bytes).
    Removing stm32l1xx_spi.o(i.SPI_I2S_GetITStatus), (52 bytes).
    Removing stm32l1xx_spi.o(i.SPI_I2S_ITConfig), (32 bytes).
    Removing stm32l1xx_spi.o(i.SPI_I2S_ReceiveData), (6 bytes).
    Removing stm32l1xx_spi.o(i.SPI_I2S_SendData), (4 bytes).
    Removing stm32l1xx_spi.o(i.SPI_Init), (60 bytes).
    Removing stm32l1xx_spi.o(i.SPI_NSSInternalSoftwareConfig), (30 bytes).
    Removing stm32l1xx_spi.o(i.SPI_SSOutputCmd), (24 bytes).
    Removing stm32l1xx_spi.o(i.SPI_StructInit), (24 bytes).
    Removing stm32l1xx_spi.o(i.SPI_TransmitCRC), (10 bytes).
    Removing stm32l1xx_syscfg.o(.rev16_text), (4 bytes).
    Removing stm32l1xx_syscfg.o(.revsh_text), (4 bytes).
    Removing stm32l1xx_syscfg.o(i.SYSCFG_DeInit), (20 bytes).
    Removing stm32l1xx_syscfg.o(i.SYSCFG_GetBootMode), (16 bytes).
    Removing stm32l1xx_syscfg.o(i.SYSCFG_MemoryRemapConfig), (12 bytes).
    Removing stm32l1xx_syscfg.o(i.SYSCFG_RIChannelSpeedConfig), (32 bytes).
    Removing stm32l1xx_syscfg.o(i.SYSCFG_RIDeInit), (36 bytes).
    Removing stm32l1xx_syscfg.o(i.SYSCFG_RIHysteresisConfig), (272 bytes).
    Removing stm32l1xx_syscfg.o(i.SYSCFG_RIIOSwitchConfig), (76 bytes).
    Removing stm32l1xx_syscfg.o(i.SYSCFG_RIResistorConfig), (32 bytes).
    Removing stm32l1xx_syscfg.o(i.SYSCFG_RISwitchControlModeCmd), (36 bytes).
    Removing stm32l1xx_syscfg.o(i.SYSCFG_RITIMInputCaptureConfig), (92 bytes).
    Removing stm32l1xx_syscfg.o(i.SYSCFG_RITIMSelect), (24 bytes).
    Removing stm32l1xx_syscfg.o(i.SYSCFG_USBPuCmd), (36 bytes).
    Removing stm32l1xx_tim.o(.rev16_text), (4 bytes).
    Removing stm32l1xx_tim.o(.revsh_text), (4 bytes).
    Removing stm32l1xx_tim.o(i.TI1_Config), (58 bytes).
    Removing stm32l1xx_tim.o(i.TI2_Config), (80 bytes).
    Removing stm32l1xx_tim.o(i.TI3_Config), (72 bytes).
    Removing stm32l1xx_tim.o(i.TI4_Config), (80 bytes).
    Removing stm32l1xx_tim.o(i.TIM_ARRPreloadConfig), (24 bytes).
    Removing stm32l1xx_tim.o(i.TIM_CCxCmd), (30 bytes).
    Removing stm32l1xx_tim.o(i.TIM_ClearFlag), (6 bytes).
    Removing stm32l1xx_tim.o(i.TIM_ClearITPendingBit), (6 bytes).
    Removing stm32l1xx_tim.o(i.TIM_ClearOC1Ref), (18 bytes).
    Removing stm32l1xx_tim.o(i.TIM_ClearOC2Ref), (24 bytes).
    Removing stm32l1xx_tim.o(i.TIM_ClearOC3Ref), (18 bytes).
    Removing stm32l1xx_tim.o(i.TIM_ClearOC4Ref), (24 bytes).
    Removing stm32l1xx_tim.o(i.TIM_Cmd), (24 bytes).
    Removing stm32l1xx_tim.o(i.TIM_CounterModeConfig), (18 bytes).
    Removing stm32l1xx_tim.o(i.TIM_DMACmd), (18 bytes).
    Removing stm32l1xx_tim.o(i.TIM_DMAConfig), (10 bytes).
    Removing stm32l1xx_tim.o(i.TIM_DeInit), (252 bytes).
    Removing stm32l1xx_tim.o(i.TIM_ETRClockMode1Config), (54 bytes).
    Removing stm32l1xx_tim.o(i.TIM_ETRClockMode2Config), (32 bytes).
    Removing stm32l1xx_tim.o(i.TIM_ETRConfig), (28 bytes).
    Removing stm32l1xx_tim.o(i.TIM_EncoderInterfaceConfig), (66 bytes).
    Removing stm32l1xx_tim.o(i.TIM_ForcedOC1Config), (18 bytes).
    Removing stm32l1xx_tim.o(i.TIM_ForcedOC2Config), (26 bytes).
    Removing stm32l1xx_tim.o(i.TIM_ForcedOC3Config), (18 bytes).
    Removing stm32l1xx_tim.o(i.TIM_ForcedOC4Config), (26 bytes).
    Removing stm32l1xx_tim.o(i.TIM_GenerateEvent), (4 bytes).
    Removing stm32l1xx_tim.o(i.TIM_GetCapture1), (6 bytes).
    Removing stm32l1xx_tim.o(i.TIM_GetCapture2), (6 bytes).
    Removing stm32l1xx_tim.o(i.TIM_GetCapture3), (6 bytes).
    Removing stm32l1xx_tim.o(i.TIM_GetCapture4), (6 bytes).
    Removing stm32l1xx_tim.o(i.TIM_GetCounter), (6 bytes).
    Removing stm32l1xx_tim.o(i.TIM_GetFlagStatus), (18 bytes).
    Removing stm32l1xx_tim.o(i.TIM_GetITStatus), (34 bytes).
    Removing stm32l1xx_tim.o(i.TIM_GetPrescaler), (6 bytes).
    Removing stm32l1xx_tim.o(i.TIM_ICInit), (110 bytes).
    Removing stm32l1xx_tim.o(i.TIM_ICStructInit), (18 bytes).
    Removing stm32l1xx_tim.o(i.TIM_ITConfig), (18 bytes).
    Removing stm32l1xx_tim.o(i.TIM_ITRxExternalClockConfig), (24 bytes).
    Removing stm32l1xx_tim.o(i.TIM_InternalClockConfig), (12 bytes).
    Removing stm32l1xx_tim.o(i.TIM_OC1FastConfig), (18 bytes).
    Removing stm32l1xx_tim.o(i.TIM_OC1Init), (56 bytes).
    Removing stm32l1xx_tim.o(i.TIM_OC1PolarityConfig), (18 bytes).
    Removing stm32l1xx_tim.o(i.TIM_OC1PreloadConfig), (18 bytes).
    Removing stm32l1xx_tim.o(i.TIM_OC2FastConfig), (26 bytes).
    Removing stm32l1xx_tim.o(i.TIM_OC2Init), (70 bytes).
    Removing stm32l1xx_tim.o(i.TIM_OC2PolarityConfig), (26 bytes).
    Removing stm32l1xx_tim.o(i.TIM_OC2PreloadConfig), (26 bytes).
    Removing stm32l1xx_tim.o(i.TIM_OC3FastConfig), (18 bytes).
    Removing stm32l1xx_tim.o(i.TIM_OC3Init), (66 bytes).
    Removing stm32l1xx_tim.o(i.TIM_OC3PolarityConfig), (26 bytes).
    Removing stm32l1xx_tim.o(i.TIM_OC3PreloadConfig), (18 bytes).
    Removing stm32l1xx_tim.o(i.TIM_OC4FastConfig), (26 bytes).
    Removing stm32l1xx_tim.o(i.TIM_OC4Init), (70 bytes).
    Removing stm32l1xx_tim.o(i.TIM_OC4PolarityConfig), (26 bytes).
    Removing stm32l1xx_tim.o(i.TIM_OC4PreloadConfig), (26 bytes).
    Removing stm32l1xx_tim.o(i.TIM_OCStructInit), (12 bytes).
    Removing stm32l1xx_tim.o(i.TIM_PWMIConfig), (124 bytes).
    Removing stm32l1xx_tim.o(i.TIM_PrescalerConfig), (6 bytes).
    Removing stm32l1xx_tim.o(i.TIM_RemapConfig), (22 bytes).
    Removing stm32l1xx_tim.o(i.TIM_SelectCCDMA), (24 bytes).
    Removing stm32l1xx_tim.o(i.TIM_SelectHallSensor), (24 bytes).
    Removing stm32l1xx_tim.o(i.TIM_SelectInputTrigger), (18 bytes).
    Removing stm32l1xx_tim.o(i.TIM_SelectMasterSlaveMode), (18 bytes).
    Removing stm32l1xx_tim.o(i.TIM_SelectOCREFClear), (18 bytes).
    Removing stm32l1xx_tim.o(i.TIM_SelectOCxM), (82 bytes).
    Removing stm32l1xx_tim.o(i.TIM_SelectOnePulseMode), (18 bytes).
    Removing stm32l1xx_tim.o(i.TIM_SelectOutputTrigger), (18 bytes).
    Removing stm32l1xx_tim.o(i.TIM_SelectSlaveMode), (18 bytes).
    Removing stm32l1xx_tim.o(i.TIM_SetAutoreload), (4 bytes).
    Removing stm32l1xx_tim.o(i.TIM_SetClockDivision), (18 bytes).
    Removing stm32l1xx_tim.o(i.TIM_SetCompare1), (4 bytes).
    Removing stm32l1xx_tim.o(i.TIM_SetCompare2), (4 bytes).
    Removing stm32l1xx_tim.o(i.TIM_SetCompare3), (4 bytes).
    Removing stm32l1xx_tim.o(i.TIM_SetCompare4), (4 bytes).
    Removing stm32l1xx_tim.o(i.TIM_SetCounter), (4 bytes).
    Removing stm32l1xx_tim.o(i.TIM_SetIC1Prescaler), (18 bytes).
    Removing stm32l1xx_tim.o(i.TIM_SetIC2Prescaler), (26 bytes).
    Removing stm32l1xx_tim.o(i.TIM_SetIC3Prescaler), (18 bytes).
    Removing stm32l1xx_tim.o(i.TIM_SetIC4Prescaler), (26 bytes).
    Removing stm32l1xx_tim.o(i.TIM_TIxExternalClockConfig), (62 bytes).
    Removing stm32l1xx_tim.o(i.TIM_TimeBaseInit), (96 bytes).
    Removing stm32l1xx_tim.o(i.TIM_TimeBaseStructInit), (16 bytes).
    Removing stm32l1xx_tim.o(i.TIM_UpdateDisableConfig), (24 bytes).
    Removing stm32l1xx_tim.o(i.TIM_UpdateRequestConfig), (24 bytes).
    Removing stm32l1xx_usart.o(.rev16_text), (4 bytes).
    Removing stm32l1xx_usart.o(.revsh_text), (4 bytes).
    Removing stm32l1xx_usart.o(i.USART_ClearFlag), (18 bytes).
    Removing stm32l1xx_usart.o(i.USART_ClearITPendingBit), (30 bytes).
    Removing stm32l1xx_usart.o(i.USART_ClockInit), (32 bytes).
    Removing stm32l1xx_usart.o(i.USART_ClockStructInit), (12 bytes).
    Removing stm32l1xx_usart.o(i.USART_Cmd), (24 bytes).
    Removing stm32l1xx_usart.o(i.USART_DMACmd), (18 bytes).
    Removing stm32l1xx_usart.o(i.USART_DeInit), (156 bytes).
    Removing stm32l1xx_usart.o(i.USART_GetFlagStatus), (26 bytes).
    Removing stm32l1xx_usart.o(i.USART_GetITStatus), (84 bytes).
    Removing stm32l1xx_usart.o(i.USART_HalfDuplexCmd), (24 bytes).
    Removing stm32l1xx_usart.o(i.USART_ITConfig), (74 bytes).
    Removing stm32l1xx_usart.o(i.USART_Init), (204 bytes).
    Removing stm32l1xx_usart.o(i.USART_IrDACmd), (24 bytes).
    Removing stm32l1xx_usart.o(i.USART_IrDAConfig), (18 bytes).
    Removing stm32l1xx_usart.o(i.USART_LINBreakDetectLengthConfig), (18 bytes).
    Removing stm32l1xx_usart.o(i.USART_LINCmd), (24 bytes).
    Removing stm32l1xx_usart.o(i.USART_OneBitMethodCmd), (24 bytes).
    Removing stm32l1xx_usart.o(i.USART_OverSampling8Cmd), (22 bytes).
    Removing stm32l1xx_usart.o(i.USART_ReceiveData), (10 bytes).
    Removing stm32l1xx_usart.o(i.USART_ReceiverWakeUpCmd), (24 bytes).
    Removing stm32l1xx_usart.o(i.USART_SendBreak), (10 bytes).
    Removing stm32l1xx_usart.o(i.USART_SendData), (8 bytes).
    Removing stm32l1xx_usart.o(i.USART_SetAddress), (18 bytes).
    Removing stm32l1xx_usart.o(i.USART_SetGuardTime), (16 bytes).
    Removing stm32l1xx_usart.o(i.USART_SetPrescaler), (16 bytes).
    Removing stm32l1xx_usart.o(i.USART_SmartCardCmd), (24 bytes).
    Removing stm32l1xx_usart.o(i.USART_SmartCardNACKCmd), (24 bytes).
    Removing stm32l1xx_usart.o(i.USART_StructInit), (24 bytes).
    Removing stm32l1xx_usart.o(i.USART_WakeUpConfig), (18 bytes).
    Removing stm32l_discovery_lcd.o(.rev16_text), (4 bytes).
    Removing stm32l_discovery_lcd.o(.revsh_text), (4 bytes).
    Removing stm32l_discovery_lcd.o(i.LCD_GLASS_DisplayStrDeci), (108 bytes).
    Removing stm32l_discovery_lcd.o(i.LCD_contrast), (60 bytes).
    Removing system_stm32l1xx.o(.rev16_text), (4 bytes).
    Removing system_stm32l1xx.o(.revsh_text), (4 bytes).
    Removing system_stm32l1xx.o(i.SystemCoreClockUpdate), (220 bytes).
    Removing system_stm32l1xx.o(.data), (29 bytes).
    Removing stm32l1xx_it.o(.rev16_text), (4 bytes).
    Removing stm32l1xx_it.o(.revsh_text), (4 bytes).
    Removing main.o(.rev16_text), (4 bytes).
    Removing main.o(.revsh_text), (4 bytes).
    Removing dadd.o(.text), (334 bytes).
    Removing dmul.o(.text), (228 bytes).
    Removing ddiv.o(.text), (222 bytes).
    Removing dfixul.o(.text), (48 bytes).
    Removing cdrcmple.o(.text), (48 bytes).
    Removing depilogue.o(.text), (186 bytes).

474 unused section(s) (total 17149 bytes) removed from the image.

==============================================================================

Image Symbol Table

    Local Symbols

    Symbol Name                              Value     Ov Type        Size  Object(Section)

    ../clib/microlib/division.c              0x00000000   Number         0  uldiv.o ABSOLUTE
    ../clib/microlib/division.c              0x00000000   Number         0  uidiv.o ABSOLUTE
    ../clib/microlib/init/entry.s            0x00000000   Number         0  entry2.o ABSOLUTE
    ../clib/microlib/init/entry.s            0x00000000   Number         0  entry9b.o ABSOLUTE
    ../clib/microlib/init/entry.s            0x00000000   Number         0  entry7b.o ABSOLUTE
    ../clib/microlib/init/entry.s            0x00000000   Number         0  entry11b.o ABSOLUTE
    ../clib/microlib/init/entry.s            0x00000000   Number         0  entry11a.o ABSOLUTE
    ../clib/microlib/init/entry.s            0x00000000   Number         0  entry5.o ABSOLUTE
    ../clib/microlib/init/entry.s            0x00000000   Number         0  entry7a.o ABSOLUTE
    ../clib/microlib/init/entry.s            0x00000000   Number         0  entry10b.o ABSOLUTE
    ../clib/microlib/init/entry.s            0x00000000   Number         0  entry10a.o ABSOLUTE
    ../clib/microlib/init/entry.s            0x00000000   Number         0  entry9a.o ABSOLUTE
    ../clib/microlib/init/entry.s            0x00000000   Number         0  entry8b.o ABSOLUTE
    ../clib/microlib/init/entry.s            0x00000000   Number         0  entry8a.o ABSOLUTE
    ../clib/microlib/init/entry.s            0x00000000   Number         0  entry.o ABSOLUTE
    ../clib/microlib/longlong.c              0x00000000   Number         0  llushr.o ABSOLUTE
    ../clib/microlib/longlong.c              0x00000000   Number         0  llshl.o ABSOLUTE
    ../clib/microlib/longlong.c              0x00000000   Number         0  llsshr.o ABSOLUTE
    ../clib/microlib/printf/printf.c         0x00000000   Number         0  printf5.o ABSOLUTE
    ../clib/microlib/printf/printf.c         0x00000000   Number         0  printfb.o ABSOLUTE
    ../clib/microlib/printf/printf.c         0x00000000   Number         0  printf0.o ABSOLUTE
    ../clib/microlib/printf/printf.c         0x00000000   Number         0  printf2.o ABSOLUTE
    ../clib/microlib/printf/printf.c         0x00000000   Number         0  printf3.o ABSOLUTE
    ../clib/microlib/printf/printf.c         0x00000000   Number         0  printfa.o ABSOLUTE
    ../clib/microlib/printf/printf.c         0x00000000   Number         0  printf8.o ABSOLUTE
    ../clib/microlib/printf/printf.c         0x00000000   Number         0  printf7.o ABSOLUTE
    ../clib/microlib/printf/printf.c         0x00000000   Number         0  printf6.o ABSOLUTE
    ../clib/microlib/printf/printf.c         0x00000000   Number         0  printf4.o ABSOLUTE
    ../clib/microlib/printf/printf.c         0x00000000   Number         0  printf1.o ABSOLUTE
    ../clib/microlib/printf/stubs.s          0x00000000   Number         0  stubs.o ABSOLUTE
    ../clib/microlib/stdio/fputc.c           0x00000000   Number         0  fputc.o ABSOLUTE
    ../clib/microlib/stdio/semi.s            0x00000000   Number         0  semi.o ABSOLUTE
    ../clib/microlib/stdio/streams.c         0x00000000   Number         0  stdout.o ABSOLUTE
    ../clib/microlib/stubs.s                 0x00000000   Number         0  iusefp.o ABSOLUTE
    ../clib/microlib/stubs.s                 0x00000000   Number         0  iusesemip.o ABSOLUTE
    ../fplib/microlib/fpadd.c                0x00000000   Number         0  dadd.o ABSOLUTE
    ../fplib/microlib/fpdiv.c                0x00000000   Number         0  ddiv.o ABSOLUTE
    ../fplib/microlib/fpepilogue.c           0x00000000   Number         0  depilogue.o ABSOLUTE
    ../fplib/microlib/fpfix.c                0x00000000   Number         0  dfixul.o ABSOLUTE
    ../fplib/microlib/fpmul.c                0x00000000   Number         0  dmul.o ABSOLUTE
    ..\..\..\Libraries\CMSIS\Device\ST\STM32L1xx\Source\Templates\arm\startup_stm32l1xx_mdp.s 0x00000000   Number         0  startup_stm32l1xx_mdp.o ABSOLUTE
    ..\..\..\Libraries\STM32L1xx_StdPeriph_Driver\src\misc.c 0x00000000   Number         0  misc.o ABSOLUTE
    ..\..\..\Libraries\STM32L1xx_StdPeriph_Driver\src\stm32l1xx_adc.c 0x00000000   Number         0  stm32l1xx_adc.o ABSOLUTE
    ..\..\..\Libraries\STM32L1xx_StdPeriph_Driver\src\stm32l1xx_comp.c 0x00000000   Number         0  stm32l1xx_comp.o ABSOLUTE
    ..\..\..\Libraries\STM32L1xx_StdPeriph_Driver\src\stm32l1xx_crc.c 0x00000000   Number         0  stm32l1xx_crc.o ABSOLUTE
    ..\..\..\Libraries\STM32L1xx_StdPeriph_Driver\src\stm32l1xx_dac.c 0x00000000   Number         0  stm32l1xx_dac.o ABSOLUTE
    ..\..\..\Libraries\STM32L1xx_StdPeriph_Driver\src\stm32l1xx_dbgmcu.c 0x00000000   Number         0  stm32l1xx_dbgmcu.o ABSOLUTE
    ..\..\..\Libraries\STM32L1xx_StdPeriph_Driver\src\stm32l1xx_dma.c 0x00000000   Number         0  stm32l1xx_dma.o ABSOLUTE
    ..\..\..\Libraries\STM32L1xx_StdPeriph_Driver\src\stm32l1xx_exti.c 0x00000000   Number         0  stm32l1xx_exti.o ABSOLUTE
    ..\..\..\Libraries\STM32L1xx_StdPeriph_Driver\src\stm32l1xx_flash.c 0x00000000   Number         0  stm32l1xx_flash.o ABSOLUTE
    ..\..\..\Libraries\STM32L1xx_StdPeriph_Driver\src\stm32l1xx_gpio.c 0x00000000   Number         0  stm32l1xx_gpio.o ABSOLUTE
    ..\..\..\Libraries\STM32L1xx_StdPeriph_Driver\src\stm32l1xx_i2c.c 0x00000000   Number         0  stm32l1xx_i2c.o ABSOLUTE
    ..\..\..\Libraries\STM32L1xx_StdPeriph_Driver\src\stm32l1xx_iwdg.c 0x00000000   Number         0  stm32l1xx_iwdg.o ABSOLUTE
    ..\..\..\Libraries\STM32L1xx_StdPeriph_Driver\src\stm32l1xx_lcd.c 0x00000000   Number         0  stm32l1xx_lcd.o ABSOLUTE
    ..\..\..\Libraries\STM32L1xx_StdPeriph_Driver\src\stm32l1xx_pwr.c 0x00000000   Number         0  stm32l1xx_pwr.o ABSOLUTE
    ..\..\..\Libraries\STM32L1xx_StdPeriph_Driver\src\stm32l1xx_rcc.c 0x00000000   Number         0  stm32l1xx_rcc.o ABSOLUTE
    ..\..\..\Libraries\STM32L1xx_StdPeriph_Driver\src\stm32l1xx_rtc.c 0x00000000   Number         0  stm32l1xx_rtc.o ABSOLUTE
    ..\..\..\Libraries\STM32L1xx_StdPeriph_Driver\src\stm32l1xx_spi.c 0x00000000   Number         0  stm32l1xx_spi.o ABSOLUTE
    ..\..\..\Libraries\STM32L1xx_StdPeriph_Driver\src\stm32l1xx_syscfg.c 0x00000000   Number         0  stm32l1xx_syscfg.o ABSOLUTE
    ..\..\..\Libraries\STM32L1xx_StdPeriph_Driver\src\stm32l1xx_tim.c 0x00000000   Number         0  stm32l1xx_tim.o ABSOLUTE
    ..\..\..\Libraries\STM32L1xx_StdPeriph_Driver\src\stm32l1xx_usart.c 0x00000000   Number         0  stm32l1xx_usart.o ABSOLUTE
    ..\..\..\Libraries\STM32L1xx_StdPeriph_Driver\src\stm32l1xx_wwdg.c 0x00000000   Number         0  stm32l1xx_wwdg.o ABSOLUTE
    ..\..\..\Utilities\STM32L-DISCOVERY\stm32l_discovery_lcd.c 0x00000000   Number         0  stm32l_discovery_lcd.o ABSOLUTE
    ..\\..\\..\\Libraries\\STM32L1xx_StdPeriph_Driver\\src\\misc.c 0x00000000   Number         0  misc.o ABSOLUTE
    ..\\..\\..\\Libraries\\STM32L1xx_StdPeriph_Driver\\src\\stm32l1xx_adc.c 0x00000000   Number         0  stm32l1xx_adc.o ABSOLUTE
    ..\\..\\..\\Libraries\\STM32L1xx_StdPeriph_Driver\\src\\stm32l1xx_comp.c 0x00000000   Number         0  stm32l1xx_comp.o ABSOLUTE
    ..\\..\\..\\Libraries\\STM32L1xx_StdPeriph_Driver\\src\\stm32l1xx_crc.c 0x00000000   Number         0  stm32l1xx_crc.o ABSOLUTE
    ..\\..\\..\\Libraries\\STM32L1xx_StdPeriph_Driver\\src\\stm32l1xx_dac.c 0x00000000   Number         0  stm32l1xx_dac.o ABSOLUTE
    ..\\..\\..\\Libraries\\STM32L1xx_StdPeriph_Driver\\src\\stm32l1xx_dbgmcu.c 0x00000000   Number         0  stm32l1xx_dbgmcu.o ABSOLUTE
    ..\\..\\..\\Libraries\\STM32L1xx_StdPeriph_Driver\\src\\stm32l1xx_dma.c 0x00000000   Number         0  stm32l1xx_dma.o ABSOLUTE
    ..\\..\\..\\Libraries\\STM32L1xx_StdPeriph_Driver\\src\\stm32l1xx_exti.c 0x00000000   Number         0  stm32l1xx_exti.o ABSOLUTE
    ..\\..\\..\\Libraries\\STM32L1xx_StdPeriph_Driver\\src\\stm32l1xx_flash.c 0x00000000   Number         0  stm32l1xx_flash.o ABSOLUTE
    ..\\..\\..\\Libraries\\STM32L1xx_StdPeriph_Driver\\src\\stm32l1xx_gpio.c 0x00000000   Number         0  stm32l1xx_gpio.o ABSOLUTE
    ..\\..\\..\\Libraries\\STM32L1xx_StdPeriph_Driver\\src\\stm32l1xx_i2c.c 0x00000000   Number         0  stm32l1xx_i2c.o ABSOLUTE
    ..\\..\\..\\Libraries\\STM32L1xx_StdPeriph_Driver\\src\\stm32l1xx_iwdg.c 0x00000000   Number         0  stm32l1xx_iwdg.o ABSOLUTE
    ..\\..\\..\\Libraries\\STM32L1xx_StdPeriph_Driver\\src\\stm32l1xx_lcd.c 0x00000000   Number         0  stm32l1xx_lcd.o ABSOLUTE
    ..\\..\\..\\Libraries\\STM32L1xx_StdPeriph_Driver\\src\\stm32l1xx_pwr.c 0x00000000   Number         0  stm32l1xx_pwr.o ABSOLUTE
    ..\\..\\..\\Libraries\\STM32L1xx_StdPeriph_Driver\\src\\stm32l1xx_rcc.c 0x00000000   Number         0  stm32l1xx_rcc.o ABSOLUTE
    ..\\..\\..\\Libraries\\STM32L1xx_StdPeriph_Driver\\src\\stm32l1xx_rtc.c 0x00000000   Number         0  stm32l1xx_rtc.o ABSOLUTE
    ..\\..\\..\\Libraries\\STM32L1xx_StdPeriph_Driver\\src\\stm32l1xx_spi.c 0x00000000   Number         0  stm32l1xx_spi.o ABSOLUTE
    ..\\..\\..\\Libraries\\STM32L1xx_StdPeriph_Driver\\src\\stm32l1xx_syscfg.c 0x00000000   Number         0  stm32l1xx_syscfg.o ABSOLUTE
    ..\\..\\..\\Libraries\\STM32L1xx_StdPeriph_Driver\\src\\stm32l1xx_tim.c 0x00000000   Number         0  stm32l1xx_tim.o ABSOLUTE
    ..\\..\\..\\Libraries\\STM32L1xx_StdPeriph_Driver\\src\\stm32l1xx_usart.c 0x00000000   Number         0  stm32l1xx_usart.o ABSOLUTE
    ..\\..\\..\\Libraries\\STM32L1xx_StdPeriph_Driver\\src\\stm32l1xx_wwdg.c 0x00000000   Number         0  stm32l1xx_wwdg.o ABSOLUTE
    ..\\..\\..\\Utilities\\STM32L-DISCOVERY\\stm32l_discovery_lcd.c 0x00000000   Number         0  stm32l_discovery_lcd.o ABSOLUTE
    ..\\src\\main.c                          0x00000000   Number         0  main.o ABSOLUTE
    ..\\src\\stm32l1xx_it.c                  0x00000000   Number         0  stm32l1xx_it.o ABSOLUTE
    ..\\src\\system_stm32l1xx.c              0x00000000   Number         0  system_stm32l1xx.o ABSOLUTE
    ..\src\main.c                            0x00000000   Number         0  main.o ABSOLUTE
    ..\src\stm32l1xx_it.c                    0x00000000   Number         0  stm32l1xx_it.o ABSOLUTE
    ..\src\system_stm32l1xx.c                0x00000000   Number         0  system_stm32l1xx.o ABSOLUTE
    cdrcmple.s                               0x00000000   Number         0  cdrcmple.o ABSOLUTE
    dc.s                                     0x00000000   Number         0  dc.o ABSOLUTE
    handlers.s                               0x00000000   Number         0  handlers.o ABSOLUTE
    init.s                                   0x00000000   Number         0  init.o ABSOLUTE
    RESET                                    0x08000000   Section      292  startup_stm32l1xx_mdp.o(RESET)
    .ARM.Collect$$$$00000000                 0x08000124   Section        0  entry.o(.ARM.Collect$$$$00000000)
    .ARM.Collect$$$$00000001                 0x08000124   Section        4  entry2.o(.ARM.Collect$$$$00000001)
    .ARM.Collect$$$$00000004                 0x08000128   Section        4  entry5.o(.ARM.Collect$$$$00000004)
    .ARM.Collect$$$$00000008                 0x0800012c   Section        0  entry7b.o(.ARM.Collect$$$$00000008)
    .ARM.Collect$$$$0000000A                 0x0800012c   Section        0  entry8b.o(.ARM.Collect$$$$0000000A)
    .ARM.Collect$$$$0000000B                 0x0800012c   Section        8  entry9a.o(.ARM.Collect$$$$0000000B)
    .ARM.Collect$$$$0000000D                 0x08000134   Section        0  entry10a.o(.ARM.Collect$$$$0000000D)
    .ARM.Collect$$$$0000000F                 0x08000134   Section        0  entry11a.o(.ARM.Collect$$$$0000000F)
    .ARM.Collect$$$$00002712                 0x08000134   Section        4  entry2.o(.ARM.Collect$$$$00002712)
    __lit__00000000                          0x08000134   Data           4  entry2.o(.ARM.Collect$$$$00002712)
    .text                                    0x08000138   Section       36  startup_stm32l1xx_mdp.o(.text)
    .text                                    0x0800015c   Section        0  uidiv.o(.text)
    .text                                    0x08000188   Section       36  init.o(.text)
    i.ADC_Cmd                                0x080001ac   Section        0  stm32l1xx_adc.o(i.ADC_Cmd)
    i.ADC_CommonInit                         0x080001c4   Section        0  stm32l1xx_adc.o(i.ADC_CommonInit)
    i.ADC_DMACmd                             0x080001e0   Section        0  stm32l1xx_adc.o(i.ADC_DMACmd)
    i.ADC_GetFlagStatus                      0x080001f6   Section        0  stm32l1xx_adc.o(i.ADC_GetFlagStatus)
    i.ADC_Init                               0x08000208   Section        0  stm32l1xx_adc.o(i.ADC_Init)
    i.ADC_RegularChannelConfig               0x0800025c   Section        0  stm32l1xx_adc.o(i.ADC_RegularChannelConfig)
    i.ADC_SoftwareStartConv                  0x080003b4   Section        0  stm32l1xx_adc.o(i.ADC_SoftwareStartConv)
    i.ADC_StructInit                         0x080003be   Section        0  stm32l1xx_adc.o(i.ADC_StructInit)
    i.ADC_TempSensorVrefintCmd               0x080003d8   Section        0  stm32l1xx_adc.o(i.ADC_TempSensorVrefintCmd)
    i.BusFault_Handler                       0x080003fc   Section        0  stm32l1xx_it.o(i.BusFault_Handler)
    i.DATA_EEPROM_ProgramWord                0x08000400   Section        0  stm32l1xx_flash.o(i.DATA_EEPROM_ProgramWord)
    i.DATA_EEPROM_Unlock                     0x08000424   Section        0  stm32l1xx_flash.o(i.DATA_EEPROM_Unlock)
    i.DBGMCU_Config                          0x08000448   Section        0  stm32l1xx_dbgmcu.o(i.DBGMCU_Config)
    i.DBGMCU_GetDEVID                        0x08000468   Section        0  stm32l1xx_dbgmcu.o(i.DBGMCU_GetDEVID)
    i.DMA1_Channel1_IRQHandler               0x08000478   Section        0  stm32l1xx_it.o(i.DMA1_Channel1_IRQHandler)
    i.DMA_ClearFlag                          0x08000488   Section        0  stm32l1xx_dma.o(i.DMA_ClearFlag)
    i.DMA_Cmd                                0x080004a4   Section        0  stm32l1xx_dma.o(i.DMA_Cmd)
    i.DMA_DeInit                             0x080004bc   Section        0  stm32l1xx_dma.o(i.DMA_DeInit)
    i.DMA_ITConfig                           0x08000608   Section        0  stm32l1xx_dma.o(i.DMA_ITConfig)
    i.DMA_Init                               0x0800061a   Section        0  stm32l1xx_dma.o(i.DMA_Init)
    i.DMA_StructInit                         0x08000656   Section        0  stm32l1xx_dma.o(i.DMA_StructInit)
    i.DebugMon_Handler                       0x08000670   Section        0  stm32l1xx_it.o(i.DebugMon_Handler)
    i.Delay                                  0x08000674   Section        0  main.o(i.Delay)
    i.EXTI0_IRQHandler                       0x08000688   Section        0  stm32l1xx_it.o(i.EXTI0_IRQHandler)
    i.EXTI_ClearITPendingBit                 0x08000698   Section        0  stm32l1xx_exti.o(i.EXTI_ClearITPendingBit)
    i.EXTI_Init                              0x080006a4   Section        0  stm32l1xx_exti.o(i.EXTI_Init)
    i.FLASH_ClearFlag                        0x08000738   Section        0  stm32l1xx_flash.o(i.FLASH_ClearFlag)
    i.FLASH_GetStatus                        0x08000744   Section        0  stm32l1xx_flash.o(i.FLASH_GetStatus)
    i.FLASH_WaitForLastOperation             0x08000778   Section        0  stm32l1xx_flash.o(i.FLASH_WaitForLastOperation)
    i.GPIO_Init                              0x080007a8   Section        0  stm32l1xx_gpio.o(i.GPIO_Init)
    i.GPIO_PinAFConfig                       0x0800082c   Section        0  stm32l1xx_gpio.o(i.GPIO_PinAFConfig)
    i.GPIO_StructInit                        0x08000872   Section        0  stm32l1xx_gpio.o(i.GPIO_StructInit)
    i.HardFault_Handler                      0x08000884   Section        0  stm32l1xx_it.o(i.HardFault_Handler)
    i.Init_GPIOs                             0x08000888   Section        0  main.o(i.Init_GPIOs)
    i.LCD_BlinkConfig                        0x08000938   Section        0  stm32l1xx_lcd.o(i.LCD_BlinkConfig)
    i.LCD_Cmd                                0x08000958   Section        0  stm32l1xx_lcd.o(i.LCD_Cmd)
    i.LCD_ContrastConfig                     0x08000964   Section        0  stm32l1xx_lcd.o(i.LCD_ContrastConfig)
    i.LCD_Conv_Char_Seg                      0x08000980   Section        0  stm32l_discovery_lcd.o(i.LCD_Conv_Char_Seg)
    LCD_Conv_Char_Seg                        0x08000981   Thumb Code   292  stm32l_discovery_lcd.o(i.LCD_Conv_Char_Seg)
    i.LCD_DeadTimeConfig                     0x08000aac   Section        0  stm32l1xx_lcd.o(i.LCD_DeadTimeConfig)
    i.LCD_GLASS_Clear                        0x08000ac8   Section        0  stm32l_discovery_lcd.o(i.LCD_GLASS_Clear)
    i.LCD_GLASS_Configure_GPIO               0x08000af8   Section        0  stm32l_discovery_lcd.o(i.LCD_GLASS_Configure_GPIO)
    i.LCD_GLASS_DisplayString                0x08000c74   Section        0  stm32l_discovery_lcd.o(i.LCD_GLASS_DisplayString)
    i.LCD_GLASS_Init                         0x08000caa   Section        0  stm32l_discovery_lcd.o(i.LCD_GLASS_Init)
    i.LCD_GLASS_ScrollSentence               0x08000d18   Section        0  stm32l_discovery_lcd.o(i.LCD_GLASS_ScrollSentence)
    i.LCD_GLASS_WriteChar                    0x08000dec   Section        0  stm32l_discovery_lcd.o(i.LCD_GLASS_WriteChar)
    i.LCD_GetFlagStatus                      0x08001330   Section        0  stm32l1xx_lcd.o(i.LCD_GetFlagStatus)
    i.LCD_Init                               0x08001348   Section        0  stm32l1xx_lcd.o(i.LCD_Init)
    i.LCD_MuxSegmentCmd                      0x0800139c   Section        0  stm32l1xx_lcd.o(i.LCD_MuxSegmentCmd)
    i.LCD_PulseOnDurationConfig              0x080013a8   Section        0  stm32l1xx_lcd.o(i.LCD_PulseOnDurationConfig)
    i.LCD_UpdateDisplayRequest               0x080013c4   Section        0  stm32l1xx_lcd.o(i.LCD_UpdateDisplayRequest)
    i.LCD_WaitForSynchro                     0x080013d0   Section        0  stm32l1xx_lcd.o(i.LCD_WaitForSynchro)
    i.LCD_bar                                0x080013f0   Section        0  stm32l_discovery_lcd.o(i.LCD_bar)
    i.MemManage_Handler                      0x0800142c   Section        0  stm32l1xx_it.o(i.MemManage_Handler)
    i.NMI_Handler                            0x08001430   Section        0  stm32l1xx_it.o(i.NMI_Handler)
    i.NVIC_Init                              0x08001434   Section        0  misc.o(i.NVIC_Init)
    i.PWR_ClearFlag                          0x080014ac   Section        0  stm32l1xx_pwr.o(i.PWR_ClearFlag)
    i.PWR_EnterSTOPMode                      0x080014c0   Section        0  stm32l1xx_pwr.o(i.PWR_EnterSTOPMode)
    i.PWR_GetFlagStatus                      0x08001500   Section        0  stm32l1xx_pwr.o(i.PWR_GetFlagStatus)
    i.PWR_RTCAccessCmd                       0x08001518   Section        0  stm32l1xx_pwr.o(i.PWR_RTCAccessCmd)
    i.PWR_VoltageScalingConfig               0x08001524   Section        0  stm32l1xx_pwr.o(i.PWR_VoltageScalingConfig)
    i.PendSV_Handler                         0x08001540   Section        0  stm32l1xx_it.o(i.PendSV_Handler)
    i.RCC_AHBPeriphClockCmd                  0x08001544   Section        0  stm32l1xx_rcc.o(i.RCC_AHBPeriphClockCmd)
    i.RCC_APB1PeriphClockCmd                 0x08001564   Section        0  stm32l1xx_rcc.o(i.RCC_APB1PeriphClockCmd)
    i.RCC_APB2PeriphClockCmd                 0x08001584   Section        0  stm32l1xx_rcc.o(i.RCC_APB2PeriphClockCmd)
    i.RCC_Configuration                      0x080015a4   Section        0  main.o(i.RCC_Configuration)
    i.RCC_GetClocksFreq                      0x080015f0   Section        0  stm32l1xx_rcc.o(i.RCC_GetClocksFreq)
    i.RCC_GetFlagStatus                      0x080016f0   Section        0  stm32l1xx_rcc.o(i.RCC_GetFlagStatus)
    i.RCC_HSEConfig                          0x08001724   Section        0  stm32l1xx_rcc.o(i.RCC_HSEConfig)
    i.RCC_HSICmd                             0x08001734   Section        0  stm32l1xx_rcc.o(i.RCC_HSICmd)
    i.RCC_LSEConfig                          0x08001740   Section        0  stm32l1xx_rcc.o(i.RCC_LSEConfig)
    i.RCC_MSIRangeConfig                     0x08001750   Section        0  stm32l1xx_rcc.o(i.RCC_MSIRangeConfig)
    i.RCC_RTCCLKCmd                          0x08001768   Section        0  stm32l1xx_rcc.o(i.RCC_RTCCLKCmd)
    i.RCC_RTCCLKConfig                       0x08001774   Section        0  stm32l1xx_rcc.o(i.RCC_RTCCLKConfig)
    i.RCC_RTCResetCmd                        0x080017b8   Section        0  stm32l1xx_rcc.o(i.RCC_RTCResetCmd)
    i.RCC_SYSCLKConfig                       0x080017c4   Section        0  stm32l1xx_rcc.o(i.RCC_SYSCLKConfig)
    i.RTC_ClearITPendingBit                  0x080017dc   Section        0  stm32l1xx_rtc.o(i.RTC_ClearITPendingBit)
    i.RTC_Configuration                      0x080017fc   Section        0  main.o(i.RTC_Configuration)
    i.RTC_GetITStatus                        0x08001834   Section        0  stm32l1xx_rtc.o(i.RTC_GetITStatus)
    i.RTC_ITConfig                           0x08001878   Section        0  stm32l1xx_rtc.o(i.RTC_ITConfig)
    i.RTC_SetWakeUpCounter                   0x080018dc   Section        0  stm32l1xx_rtc.o(i.RTC_SetWakeUpCounter)
    i.RTC_WKUP_IRQHandler                    0x080018f8   Section        0  stm32l1xx_it.o(i.RTC_WKUP_IRQHandler)
    i.RTC_WaitForSynchro                     0x08001918   Section        0  stm32l1xx_rtc.o(i.RTC_WaitForSynchro)
    i.RTC_WakeUpClockConfig                  0x08001978   Section        0  stm32l1xx_rtc.o(i.RTC_WakeUpClockConfig)
    i.RTC_WakeUpCmd                          0x080019a8   Section        0  stm32l1xx_rtc.o(i.RTC_WakeUpCmd)
    i.SVC_Handler                            0x08001a20   Section        0  stm32l1xx_it.o(i.SVC_Handler)
    i.SYSCFG_EXTILineConfig                  0x08001a24   Section        0  stm32l1xx_syscfg.o(i.SYSCFG_EXTILineConfig)
    i.SetSysClock                            0x08001a64   Section        0  system_stm32l1xx.o(i.SetSysClock)
    SetSysClock                              0x08001a65   Thumb Code   200  system_stm32l1xx.o(i.SetSysClock)
    i.SysTick_Handler                        0x08001b38   Section        0  stm32l1xx_it.o(i.SysTick_Handler)
    i.SystemInit                             0x08001b40   Section        0  system_stm32l1xx.o(i.SystemInit)
    i.TimingDelay_Decrement                  0x08001ba8   Section        0  main.o(i.TimingDelay_Decrement)
    i.UsageFault_Handler                     0x08001bc0   Section        0  stm32l1xx_it.o(i.UsageFault_Handler)
    i.__0sprintf$1                           0x08001bc4   Section        0  printf1.o(i.__0sprintf$1)
    i.__scatterload_copy                     0x08001bec   Section       14  handlers.o(i.__scatterload_copy)
    i.__scatterload_null                     0x08001bfa   Section        2  handlers.o(i.__scatterload_null)
    i.__scatterload_zeroinit                 0x08001bfc   Section       14  handlers.o(i.__scatterload_zeroinit)
    i._printf_core                           0x08001c0c   Section        0  printf1.o(i._printf_core)
    _printf_core                             0x08001c0d   Thumb Code   336  printf1.o(i._printf_core)
    i._sputc                                 0x08001d60   Section        0  printf1.o(i._sputc)
    _sputc                                   0x08001d61   Thumb Code    10  printf1.o(i._sputc)
    i.acquireTemperatureData                 0x08001d6c   Section        0  main.o(i.acquireTemperatureData)
    i.clearADCDMA_TransferComplete           0x08001ddc   Section        0  main.o(i.clearADCDMA_TransferComplete)
    i.clearUserButtonFlag                    0x08001de8   Section        0  main.o(i.clearUserButtonFlag)
    i.conf_analog_all_GPIOS                  0x08001df4   Section        0  main.o(i.conf_analog_all_GPIOS)
    i.configureADC_Temp                      0x08001e70   Section        0  main.o(i.configureADC_Temp)
    i.configureDMA                           0x08001f20   Section        0  main.o(i.configureDMA)
    i.configureWakeup                        0x08001fa4   Section        0  main.o(i.configureWakeup)
    i.getFactoryTSCalibData                  0x08002050   Section        0  main.o(i.getFactoryTSCalibData)
    i.insertionSort                          0x08002090   Section        0  main.o(i.insertionSort)
    i.interquartileMean                      0x080020c4   Section        0  main.o(i.interquartileMean)
    i.main                                   0x080020e8   Section        0  main.o(i.main)
    i.powerDownADC_Temper                    0x080022b4   Section        0  main.o(i.powerDownADC_Temper)
    i.processTempData                        0x080022e4   Section        0  main.o(i.processTempData)
    i.setADCDMA_TransferComplete             0x08002390   Section        0  main.o(i.setADCDMA_TransferComplete)
    i.setUserButtonFlag                      0x0800239c   Section        0  main.o(i.setUserButtonFlag)
    i.testFactoryCalibData                   0x080023a8   Section        0  main.o(i.testFactoryCalibData)
    i.testUserCalibData                      0x080023c8   Section        0  main.o(i.testUserCalibData)
    i.writeCalibData                         0x080023e0   Section        0  main.o(i.writeCalibData)
    .constdata                               0x08002430   Section       72  stm32l_discovery_lcd.o(.constdata)
    .data                                    0x20000000   Section       25  stm32l1xx_rcc.o(.data)
    PLLMulTable                              0x20000000   Data           9  stm32l1xx_rcc.o(.data)
    APBAHBPrescTable                         0x20000009   Data          16  stm32l1xx_rcc.o(.data)
    .data                                    0x20000019   Section        3  stm32l_discovery_lcd.o(.data)
    .data                                    0x2000001c   Section       53  main.o(.data)
    TimingDelay                              0x2000004c   Data           4  main.o(.data)
    .bss                                     0x20000054   Section      144  main.o(.bss)
    STACK                                    0x200000e8   Section     1024  startup_stm32l1xx_mdp.o(STACK)

    Global Symbols

    Symbol Name                              Value     Ov Type        Size  Object(Section)

    BuildAttributes$$THM_ISAv4$P$D$K$B$S$PE$A:L22UL41UL21$X:L11$S22US41US21$IEEE1$IW$USESV6$~STKCKD$USESV7$~SHL$OSPACE$ROPI$EBA8$MICROLIB$REQ8$PRES8$EABIv2 0x00000000   Number         0  anon$$obj.o ABSOLUTE
    __ARM_use_no_argv                        0x00000000   Number         0  main.o ABSOLUTE
    _printf_a                                0x00000000   Number         0  stubs.o ABSOLUTE
    _printf_c                                0x00000000   Number         0  stubs.o ABSOLUTE
    _printf_charcount                        0x00000000   Number         0  stubs.o ABSOLUTE
    _printf_d                                0x00000000   Number         0  stubs.o ABSOLUTE
    _printf_e                                0x00000000   Number         0  stubs.o ABSOLUTE
    _printf_f                                0x00000000   Number         0  stubs.o ABSOLUTE
    _printf_flags                            0x00000000   Number         0  stubs.o ABSOLUTE
    _printf_fp_dec                           0x00000000   Number         0  stubs.o ABSOLUTE
    _printf_fp_hex                           0x00000000   Number         0  stubs.o ABSOLUTE
    _printf_g                                0x00000000   Number         0  stubs.o ABSOLUTE
    _printf_i                                0x00000000   Number         0  stubs.o ABSOLUTE
    _printf_int_dec                          0x00000000   Number         0  stubs.o ABSOLUTE
    _printf_l                                0x00000000   Number         0  stubs.o ABSOLUTE
    _printf_lc                               0x00000000   Number         0  stubs.o ABSOLUTE
    _printf_ll                               0x00000000   Number         0  stubs.o ABSOLUTE
    _printf_lld                              0x00000000   Number         0  stubs.o ABSOLUTE
    _printf_lli                              0x00000000   Number         0  stubs.o ABSOLUTE
    _printf_llo                              0x00000000   Number         0  stubs.o ABSOLUTE
    _printf_llu                              0x00000000   Number         0  stubs.o ABSOLUTE
    _printf_llx                              0x00000000   Number         0  stubs.o ABSOLUTE
    _printf_longlong_dec                     0x00000000   Number         0  stubs.o ABSOLUTE
    _printf_longlong_hex                     0x00000000   Number         0  stubs.o ABSOLUTE
    _printf_longlong_oct                     0x00000000   Number         0  stubs.o ABSOLUTE
    _printf_ls                               0x00000000   Number         0  stubs.o ABSOLUTE
    _printf_mbtowc                           0x00000000   Number         0  stubs.o ABSOLUTE
    _printf_n                                0x00000000   Number         0  stubs.o ABSOLUTE
    _printf_o                                0x00000000   Number         0  stubs.o ABSOLUTE
    _printf_p                                0x00000000   Number         0  stubs.o ABSOLUTE
    _printf_percent                          0x00000000   Number         0  stubs.o ABSOLUTE
    _printf_pre_padding                      0x00000000   Number         0  stubs.o ABSOLUTE
    _printf_return_value                     0x00000000   Number         0  stubs.o ABSOLUTE
    _printf_s                                0x00000000   Number         0  stubs.o ABSOLUTE
    _printf_sizespec                         0x00000000   Number         0  stubs.o ABSOLUTE
    _printf_str                              0x00000000   Number         0  stubs.o ABSOLUTE
    _printf_truncate_signed                  0x00000000   Number         0  stubs.o ABSOLUTE
    _printf_truncate_unsigned                0x00000000   Number         0  stubs.o ABSOLUTE
    _printf_u                                0x00000000   Number         0  stubs.o ABSOLUTE
    _printf_wc                               0x00000000   Number         0  stubs.o ABSOLUTE
    _printf_wctomb                           0x00000000   Number         0  stubs.o ABSOLUTE
    _printf_widthprec                        0x00000000   Number         0  stubs.o ABSOLUTE
    _printf_x                                0x00000000   Number         0  stubs.o ABSOLUTE
    __cpp_initialize__aeabi_                  - Undefined Weak Reference
    __cxa_finalize                            - Undefined Weak Reference
    __decompress                              - Undefined Weak Reference
    _clock_init                               - Undefined Weak Reference
    _microlib_exit                            - Undefined Weak Reference
    __Vectors_Size                           0x00000124   Number         0  startup_stm32l1xx_mdp.o ABSOLUTE
    __Vectors                                0x08000000   Data           4  startup_stm32l1xx_mdp.o(RESET)
    __Vectors_End                            0x08000124   Data           0  startup_stm32l1xx_mdp.o(RESET)
    __main                                   0x08000125   Thumb Code     0  entry.o(.ARM.Collect$$$$00000000)
    _main_stk                                0x08000125   Thumb Code     0  entry2.o(.ARM.Collect$$$$00000001)
    _main_scatterload                        0x08000129   Thumb Code     0  entry5.o(.ARM.Collect$$$$00000004)
    __main_after_scatterload                 0x0800012d   Thumb Code     0  entry5.o(.ARM.Collect$$$$00000004)
    _main_clock                              0x0800012d   Thumb Code     0  entry7b.o(.ARM.Collect$$$$00000008)
    _main_cpp_init                           0x0800012d   Thumb Code     0  entry8b.o(.ARM.Collect$$$$0000000A)
    _main_init                               0x0800012d   Thumb Code     0  entry9a.o(.ARM.Collect$$$$0000000B)
    __rt_final_cpp                           0x08000135   Thumb Code     0  entry10a.o(.ARM.Collect$$$$0000000D)
    __rt_final_exit                          0x08000135   Thumb Code     0  entry11a.o(.ARM.Collect$$$$0000000F)
    Reset_Handler                            0x08000139   Thumb Code     8  startup_stm32l1xx_mdp.o(.text)
    ADC1_IRQHandler                          0x08000153   Thumb Code     0  startup_stm32l1xx_mdp.o(.text)
    AES_IRQHandler                           0x08000153   Thumb Code     0  startup_stm32l1xx_mdp.o(.text)
    COMP_ACQ_IRQHandler                      0x08000153   Thumb Code     0  startup_stm32l1xx_mdp.o(.text)
    COMP_IRQHandler                          0x08000153   Thumb Code     0  startup_stm32l1xx_mdp.o(.text)
    DAC_IRQHandler                           0x08000153   Thumb Code     0  startup_stm32l1xx_mdp.o(.text)
    DMA1_Channel2_IRQHandler                 0x08000153   Thumb Code     0  startup_stm32l1xx_mdp.o(.text)
    DMA1_Channel3_IRQHandler                 0x08000153   Thumb Code     0  startup_stm32l1xx_mdp.o(.text)
    DMA1_Channel4_IRQHandler                 0x08000153   Thumb Code     0  startup_stm32l1xx_mdp.o(.text)
    DMA1_Channel5_IRQHandler                 0x08000153   Thumb Code     0  startup_stm32l1xx_mdp.o(.text)
    DMA1_Channel6_IRQHandler                 0x08000153   Thumb Code     0  startup_stm32l1xx_mdp.o(.text)
    DMA1_Channel7_IRQHandler                 0x08000153   Thumb Code     0  startup_stm32l1xx_mdp.o(.text)
    DMA2_Channel1_IRQHandler                 0x08000153   Thumb Code     0  startup_stm32l1xx_mdp.o(.text)
    DMA2_Channel2_IRQHandler                 0x08000153   Thumb Code     0  startup_stm32l1xx_mdp.o(.text)
    DMA2_Channel3_IRQHandler                 0x08000153   Thumb Code     0  startup_stm32l1xx_mdp.o(.text)
    DMA2_Channel4_IRQHandler                 0x08000153   Thumb Code     0  startup_stm32l1xx_mdp.o(.text)
    DMA2_Channel5_IRQHandler                 0x08000153   Thumb Code     0  startup_stm32l1xx_mdp.o(.text)
    EXTI15_10_IRQHandler                     0x08000153   Thumb Code     0  startup_stm32l1xx_mdp.o(.text)
    EXTI1_IRQHandler                         0x08000153   Thumb Code     0  startup_stm32l1xx_mdp.o(.text)
    EXTI2_IRQHandler                         0x08000153   Thumb Code     0  startup_stm32l1xx_mdp.o(.text)
    EXTI3_IRQHandler                         0x08000153   Thumb Code     0  startup_stm32l1xx_mdp.o(.text)
    EXTI4_IRQHandler                         0x08000153   Thumb Code     0  startup_stm32l1xx_mdp.o(.text)
    EXTI9_5_IRQHandler                       0x08000153   Thumb Code     0  startup_stm32l1xx_mdp.o(.text)
    FLASH_IRQHandler                         0x08000153   Thumb Code     0  startup_stm32l1xx_mdp.o(.text)
    I2C1_ER_IRQHandler                       0x08000153   Thumb Code     0  startup_stm32l1xx_mdp.o(.text)
    I2C1_EV_IRQHandler                       0x08000153   Thumb Code     0  startup_stm32l1xx_mdp.o(.text)
    I2C2_ER_IRQHandler                       0x08000153   Thumb Code     0  startup_stm32l1xx_mdp.o(.text)
    I2C2_EV_IRQHandler                       0x08000153   Thumb Code     0  startup_stm32l1xx_mdp.o(.text)
    LCD_IRQHandler                           0x08000153   Thumb Code     0  startup_stm32l1xx_mdp.o(.text)
    PVD_IRQHandler                           0x08000153   Thumb Code     0  startup_stm32l1xx_mdp.o(.text)
    RCC_IRQHandler                           0x08000153   Thumb Code     0  startup_stm32l1xx_mdp.o(.text)
    RTC_Alarm_IRQHandler                     0x08000153   Thumb Code     0  startup_stm32l1xx_mdp.o(.text)
    SPI1_IRQHandler                          0x08000153   Thumb Code     0  startup_stm32l1xx_mdp.o(.text)
    SPI2_IRQHandler                          0x08000153   Thumb Code     0  startup_stm32l1xx_mdp.o(.text)
    SPI3_IRQHandler                          0x08000153   Thumb Code     0  startup_stm32l1xx_mdp.o(.text)
    TAMPER_STAMP_IRQHandler                  0x08000153   Thumb Code     0  startup_stm32l1xx_mdp.o(.text)
    TIM10_IRQHandler                         0x08000153   Thumb Code     0  startup_stm32l1xx_mdp.o(.text)
    TIM11_IRQHandler                         0x08000153   Thumb Code     0  startup_stm32l1xx_mdp.o(.text)
    TIM2_IRQHandler                          0x08000153   Thumb Code     0  startup_stm32l1xx_mdp.o(.text)
    TIM3_IRQHandler                          0x08000153   Thumb Code     0  startup_stm32l1xx_mdp.o(.text)
    TIM4_IRQHandler                          0x08000153   Thumb Code     0  startup_stm32l1xx_mdp.o(.text)
    TIM5_IRQHandler                          0x08000153   Thumb Code     0  startup_stm32l1xx_mdp.o(.text)
    TIM6_IRQHandler                          0x08000153   Thumb Code     0  startup_stm32l1xx_mdp.o(.text)
    TIM7_IRQHandler                          0x08000153   Thumb Code     0  startup_stm32l1xx_mdp.o(.text)
    TIM9_IRQHandler                          0x08000153   Thumb Code     0  startup_stm32l1xx_mdp.o(.text)
    USART1_IRQHandler                        0x08000153   Thumb Code     0  startup_stm32l1xx_mdp.o(.text)
    USART2_IRQHandler                        0x08000153   Thumb Code     0  startup_stm32l1xx_mdp.o(.text)
    USART3_IRQHandler                        0x08000153   Thumb Code     0  startup_stm32l1xx_mdp.o(.text)
    USB_FS_WKUP_IRQHandler                   0x08000153   Thumb Code     0  startup_stm32l1xx_mdp.o(.text)
    USB_HP_IRQHandler                        0x08000153   Thumb Code     0  startup_stm32l1xx_mdp.o(.text)
    USB_LP_IRQHandler                        0x08000153   Thumb Code     0  startup_stm32l1xx_mdp.o(.text)
    WWDG_IRQHandler                          0x08000153   Thumb Code     0  startup_stm32l1xx_mdp.o(.text)
    __aeabi_uidiv                            0x0800015d   Thumb Code     0  uidiv.o(.text)
    __aeabi_uidivmod                         0x0800015d   Thumb Code    44  uidiv.o(.text)
    __scatterload                            0x08000189   Thumb Code    28  init.o(.text)
    __scatterload_rt2                        0x08000189   Thumb Code     0  init.o(.text)
    ADC_Cmd                                  0x080001ad   Thumb Code    22  stm32l1xx_adc.o(i.ADC_Cmd)
    ADC_CommonInit                           0x080001c5   Thumb Code    22  stm32l1xx_adc.o(i.ADC_CommonInit)
    ADC_DMACmd                               0x080001e1   Thumb Code    22  stm32l1xx_adc.o(i.ADC_DMACmd)
    ADC_GetFlagStatus                        0x080001f7   Thumb Code    18  stm32l1xx_adc.o(i.ADC_GetFlagStatus)
    ADC_Init                                 0x08000209   Thumb Code    74  stm32l1xx_adc.o(i.ADC_Init)
    ADC_RegularChannelConfig                 0x0800025d   Thumb Code   344  stm32l1xx_adc.o(i.ADC_RegularChannelConfig)
    ADC_SoftwareStartConv                    0x080003b5   Thumb Code    10  stm32l1xx_adc.o(i.ADC_SoftwareStartConv)
    ADC_StructInit                           0x080003bf   Thumb Code    26  stm32l1xx_adc.o(i.ADC_StructInit)
    ADC_TempSensorVrefintCmd                 0x080003d9   Thumb Code    30  stm32l1xx_adc.o(i.ADC_TempSensorVrefintCmd)
    BusFault_Handler                         0x080003fd   Thumb Code     4  stm32l1xx_it.o(i.BusFault_Handler)
    DATA_EEPROM_ProgramWord                  0x08000401   Thumb Code    34  stm32l1xx_flash.o(i.DATA_EEPROM_ProgramWord)
    DATA_EEPROM_Unlock                       0x08000425   Thumb Code    24  stm32l1xx_flash.o(i.DATA_EEPROM_Unlock)
    DBGMCU_Config                            0x08000449   Thumb Code    26  stm32l1xx_dbgmcu.o(i.DBGMCU_Config)
    DBGMCU_GetDEVID                          0x08000469   Thumb Code    10  stm32l1xx_dbgmcu.o(i.DBGMCU_GetDEVID)
    DMA1_Channel1_IRQHandler                 0x08000479   Thumb Code    14  stm32l1xx_it.o(i.DMA1_Channel1_IRQHandler)
    DMA_ClearFlag                            0x08000489   Thumb Code    18  stm32l1xx_dma.o(i.DMA_ClearFlag)
    DMA_Cmd                                  0x080004a5   Thumb Code    24  stm32l1xx_dma.o(i.DMA_Cmd)
    DMA_DeInit                               0x080004bd   Thumb Code   324  stm32l1xx_dma.o(i.DMA_DeInit)
    DMA_ITConfig                             0x08000609   Thumb Code    18  stm32l1xx_dma.o(i.DMA_ITConfig)
    DMA_Init                                 0x0800061b   Thumb Code    60  stm32l1xx_dma.o(i.DMA_Init)
    DMA_StructInit                           0x08000657   Thumb Code    26  stm32l1xx_dma.o(i.DMA_StructInit)
    DebugMon_Handler                         0x08000671   Thumb Code     2  stm32l1xx_it.o(i.DebugMon_Handler)
    Delay                                    0x08000675   Thumb Code    16  main.o(i.Delay)
    EXTI0_IRQHandler                         0x08000689   Thumb Code    14  stm32l1xx_it.o(i.EXTI0_IRQHandler)
    EXTI_ClearITPendingBit                   0x08000699   Thumb Code     6  stm32l1xx_exti.o(i.EXTI_ClearITPendingBit)
    EXTI_Init                                0x080006a5   Thumb Code   142  stm32l1xx_exti.o(i.EXTI_Init)
    FLASH_ClearFlag                          0x08000739   Thumb Code     6  stm32l1xx_flash.o(i.FLASH_ClearFlag)
    FLASH_GetStatus                          0x08000745   Thumb Code    48  stm32l1xx_flash.o(i.FLASH_GetStatus)
    FLASH_WaitForLastOperation               0x08000779   Thumb Code    48  stm32l1xx_flash.o(i.FLASH_WaitForLastOperation)
    GPIO_Init                                0x080007a9   Thumb Code   132  stm32l1xx_gpio.o(i.GPIO_Init)
    GPIO_PinAFConfig                         0x0800082d   Thumb Code    70  stm32l1xx_gpio.o(i.GPIO_PinAFConfig)
    GPIO_StructInit                          0x08000873   Thumb Code    18  stm32l1xx_gpio.o(i.GPIO_StructInit)
    HardFault_Handler                        0x08000885   Thumb Code     4  stm32l1xx_it.o(i.HardFault_Handler)
    Init_GPIOs                               0x08000889   Thumb Code   166  main.o(i.Init_GPIOs)
    LCD_BlinkConfig                          0x08000939   Thumb Code    28  stm32l1xx_lcd.o(i.LCD_BlinkConfig)
    LCD_Cmd                                  0x08000959   Thumb Code     6  stm32l1xx_lcd.o(i.LCD_Cmd)
    LCD_ContrastConfig                       0x08000965   Thumb Code    22  stm32l1xx_lcd.o(i.LCD_ContrastConfig)
    LCD_DeadTimeConfig                       0x08000aad   Thumb Code    22  stm32l1xx_lcd.o(i.LCD_DeadTimeConfig)
    LCD_GLASS_Clear                          0x08000ac9   Thumb Code    42  stm32l_discovery_lcd.o(i.LCD_GLASS_Clear)
    LCD_GLASS_Configure_GPIO                 0x08000af9   Thumb Code   366  stm32l_discovery_lcd.o(i.LCD_GLASS_Configure_GPIO)
    LCD_GLASS_DisplayString                  0x08000c75   Thumb Code    54  stm32l_discovery_lcd.o(i.LCD_GLASS_DisplayString)
    LCD_GLASS_Init                           0x08000cab   Thumb Code   110  stm32l_discovery_lcd.o(i.LCD_GLASS_Init)
    LCD_GLASS_ScrollSentence                 0x08000d19   Thumb Code   208  stm32l_discovery_lcd.o(i.LCD_GLASS_ScrollSentence)
    LCD_GLASS_WriteChar                      0x08000ded   Thumb Code  1344  stm32l_discovery_lcd.o(i.LCD_GLASS_WriteChar)
    LCD_GetFlagStatus                        0x08001331   Thumb Code    20  stm32l1xx_lcd.o(i.LCD_GetFlagStatus)
    LCD_Init                                 0x08001349   Thumb Code    78  stm32l1xx_lcd.o(i.LCD_Init)
    LCD_MuxSegmentCmd                        0x0800139d   Thumb Code     6  stm32l1xx_lcd.o(i.LCD_MuxSegmentCmd)
    LCD_PulseOnDurationConfig                0x080013a9   Thumb Code    22  stm32l1xx_lcd.o(i.LCD_PulseOnDurationConfig)
    LCD_UpdateDisplayRequest                 0x080013c5   Thumb Code     8  stm32l1xx_lcd.o(i.LCD_UpdateDisplayRequest)
    LCD_WaitForSynchro                       0x080013d1   Thumb Code    28  stm32l1xx_lcd.o(i.LCD_WaitForSynchro)
    LCD_bar                                  0x080013f1   Thumb Code    52  stm32l_discovery_lcd.o(i.LCD_bar)
    MemManage_Handler                        0x0800142d   Thumb Code     4  stm32l1xx_it.o(i.MemManage_Handler)
    NMI_Handler                              0x08001431   Thumb Code     2  stm32l1xx_it.o(i.NMI_Handler)
    NVIC_Init                                0x08001435   Thumb Code   106  misc.o(i.NVIC_Init)
    PWR_ClearFlag                            0x080014ad   Thumb Code    14  stm32l1xx_pwr.o(i.PWR_ClearFlag)
    PWR_EnterSTOPMode                        0x080014c1   Thumb Code    54  stm32l1xx_pwr.o(i.PWR_EnterSTOPMode)
    PWR_GetFlagStatus                        0x08001501   Thumb Code    20  stm32l1xx_pwr.o(i.PWR_GetFlagStatus)
    PWR_RTCAccessCmd                         0x08001519   Thumb Code     6  stm32l1xx_pwr.o(i.PWR_RTCAccessCmd)
    PWR_VoltageScalingConfig                 0x08001525   Thumb Code    24  stm32l1xx_pwr.o(i.PWR_VoltageScalingConfig)
    PendSV_Handler                           0x08001541   Thumb Code     2  stm32l1xx_it.o(i.PendSV_Handler)
    RCC_AHBPeriphClockCmd                    0x08001545   Thumb Code    26  stm32l1xx_rcc.o(i.RCC_AHBPeriphClockCmd)
    RCC_APB1PeriphClockCmd                   0x08001565   Thumb Code    26  stm32l1xx_rcc.o(i.RCC_APB1PeriphClockCmd)
    RCC_APB2PeriphClockCmd                   0x08001585   Thumb Code    26  stm32l1xx_rcc.o(i.RCC_APB2PeriphClockCmd)
    RCC_Configuration                        0x080015a5   Thumb Code    72  main.o(i.RCC_Configuration)
    RCC_GetClocksFreq                        0x080015f1   Thumb Code   234  stm32l1xx_rcc.o(i.RCC_GetClocksFreq)
    RCC_GetFlagStatus                        0x080016f1   Thumb Code    48  stm32l1xx_rcc.o(i.RCC_GetFlagStatus)
    RCC_HSEConfig                            0x08001725   Thumb Code    12  stm32l1xx_rcc.o(i.RCC_HSEConfig)
    RCC_HSICmd                               0x08001735   Thumb Code     6  stm32l1xx_rcc.o(i.RCC_HSICmd)
    RCC_LSEConfig                            0x08001741   Thumb Code    12  stm32l1xx_rcc.o(i.RCC_LSEConfig)
    RCC_MSIRangeConfig                       0x08001751   Thumb Code    18  stm32l1xx_rcc.o(i.RCC_MSIRangeConfig)
    RCC_RTCCLKCmd                            0x08001769   Thumb Code     6  stm32l1xx_rcc.o(i.RCC_RTCCLKCmd)
    RCC_RTCCLKConfig                         0x08001775   Thumb Code    64  stm32l1xx_rcc.o(i.RCC_RTCCLKConfig)
    RCC_RTCResetCmd                          0x080017b9   Thumb Code     6  stm32l1xx_rcc.o(i.RCC_RTCResetCmd)
    RCC_SYSCLKConfig                         0x080017c5   Thumb Code    18  stm32l1xx_rcc.o(i.RCC_SYSCLKConfig)
    RTC_ClearITPendingBit                    0x080017dd   Thumb Code    28  stm32l1xx_rtc.o(i.RTC_ClearITPendingBit)
    RTC_Configuration                        0x080017fd   Thumb Code    54  main.o(i.RTC_Configuration)
    RTC_GetITStatus                          0x08001835   Thumb Code    64  stm32l1xx_rtc.o(i.RTC_GetITStatus)
    RTC_ITConfig                             0x08001879   Thumb Code    94  stm32l1xx_rtc.o(i.RTC_ITConfig)
    RTC_SetWakeUpCounter                     0x080018dd   Thumb Code    22  stm32l1xx_rtc.o(i.RTC_SetWakeUpCounter)
    RTC_WKUP_IRQHandler                      0x080018f9   Thumb Code    30  stm32l1xx_it.o(i.RTC_WKUP_IRQHandler)
    RTC_WaitForSynchro                       0x08001919   Thumb Code    92  stm32l1xx_rtc.o(i.RTC_WaitForSynchro)
    RTC_WakeUpClockConfig                    0x08001979   Thumb Code    42  stm32l1xx_rtc.o(i.RTC_WakeUpClockConfig)
    RTC_WakeUpCmd                            0x080019a9   Thumb Code   116  stm32l1xx_rtc.o(i.RTC_WakeUpCmd)
    SVC_Handler                              0x08001a21   Thumb Code     2  stm32l1xx_it.o(i.SVC_Handler)
    SYSCFG_EXTILineConfig                    0x08001a25   Thumb Code    60  stm32l1xx_syscfg.o(i.SYSCFG_EXTILineConfig)
    SysTick_Handler                          0x08001b39   Thumb Code     8  stm32l1xx_it.o(i.SysTick_Handler)
    SystemInit                               0x08001b41   Thumb Code    88  system_stm32l1xx.o(i.SystemInit)
    TimingDelay_Decrement                    0x08001ba9   Thumb Code    18  main.o(i.TimingDelay_Decrement)
    UsageFault_Handler                       0x08001bc1   Thumb Code     4  stm32l1xx_it.o(i.UsageFault_Handler)
    __0sprintf$1                             0x08001bc5   Thumb Code    34  printf1.o(i.__0sprintf$1)
    __1sprintf$1                             0x08001bc5   Thumb Code     0  printf1.o(i.__0sprintf$1)
    __2sprintf                               0x08001bc5   Thumb Code     0  printf1.o(i.__0sprintf$1)
    __scatterload_copy                       0x08001bed   Thumb Code    14  handlers.o(i.__scatterload_copy)
    __scatterload_null                       0x08001bfb   Thumb Code     2  handlers.o(i.__scatterload_null)
    __scatterload_zeroinit                   0x08001bfd   Thumb Code    14  handlers.o(i.__scatterload_zeroinit)
    acquireTemperatureData                   0x08001d6d   Thumb Code   100  main.o(i.acquireTemperatureData)
    clearADCDMA_TransferComplete             0x08001ddd   Thumb Code     8  main.o(i.clearADCDMA_TransferComplete)
    clearUserButtonFlag                      0x08001de9   Thumb Code     8  main.o(i.clearUserButtonFlag)
    conf_analog_all_GPIOS                    0x08001df5   Thumb Code    98  main.o(i.conf_analog_all_GPIOS)
    configureADC_Temp                        0x08001e71   Thumb Code   160  main.o(i.configureADC_Temp)
    configureDMA                             0x08001f21   Thumb Code   116  main.o(i.configureDMA)
    configureWakeup                          0x08001fa5   Thumb Code   168  main.o(i.configureWakeup)
    getFactoryTSCalibData                    0x08002051   Thumb Code    58  main.o(i.getFactoryTSCalibData)
    insertionSort                            0x08002091   Thumb Code    52  main.o(i.insertionSort)
    interquartileMean                        0x080020c5   Thumb Code    36  main.o(i.interquartileMean)
    main                                     0x080020e9   Thumb Code   362  main.o(i.main)
    powerDownADC_Temper                      0x080022b5   Thumb Code    40  main.o(i.powerDownADC_Temper)
    processTempData                          0x080022e5   Thumb Code   146  main.o(i.processTempData)
    setADCDMA_TransferComplete               0x08002391   Thumb Code     8  main.o(i.setADCDMA_TransferComplete)
    setUserButtonFlag                        0x0800239d   Thumb Code     8  main.o(i.setUserButtonFlag)
    testFactoryCalibData                     0x080023a9   Thumb Code    30  main.o(i.testFactoryCalibData)
    testUserCalibData                        0x080023c9   Thumb Code    20  main.o(i.testUserCalibData)
    writeCalibData                           0x080023e1   Thumb Code    72  main.o(i.writeCalibData)
    CapLetterMap                             0x08002430   Data          52  stm32l_discovery_lcd.o(.constdata)
    NumberMap                                0x08002464   Data          20  stm32l_discovery_lcd.o(.constdata)
    Region$$Table$$Base                      0x08002478   Number         0  anon$$obj.o(Region$$Table)
    Region$$Table$$Limit                     0x08002498   Number         0  anon$$obj.o(Region$$Table)
    KeyPressed                               0x20000019   Data           1  stm32l_discovery_lcd.o(.data)
    t_bar                                    0x2000001a   Data           2  stm32l_discovery_lcd.o(.data)
    ADC_CommonInitStructure                  0x2000001c   Data           4  main.o(.data)
    ADC_ConvertedValue                       0x20000020   Data           2  main.o(.data)
    T_StartupTimeDelay                       0x20000022   Data           2  main.o(.data)
    ADC_Result                               0x20000024   Data           4  main.o(.data)
    INTemperature                            0x20000028   Data           4  main.o(.data)
    refAVG                                   0x2000002c   Data           4  main.o(.data)
    tempAVG                                  0x20000030   Data           4  main.o(.data)
    vdd_ref                                  0x20000034   Data           4  main.o(.data)
    Address                                  0x20000038   Data           4  main.o(.data)
    temperature_C                            0x2000003c   Data           4  main.o(.data)
    CurrentlyDisplayed                       0x20000040   Data           1  main.o(.data)
    calibdata                                0x20000042   Data           8  main.o(.data)
    flag_ADCDMA_TransferComplete             0x2000004a   Data           1  main.o(.data)
    flag_UserButton                          0x2000004b   Data           1  main.o(.data)
    FLASHStatus                              0x20000050   Data           1  main.o(.data)
    ADC_InitStructure                        0x20000054   Data          24  main.o(.bss)
    DMA_InitStructure                        0x2000006c   Data          44  main.o(.bss)
    ADC_ConvertedValueBuff                   0x20000098   Data          40  main.o(.bss)
    strDisp                                  0x200000c0   Data          20  main.o(.bss)
    RCC_Clocks                               0x200000d4   Data          16  main.o(.bss)
    __initial_sp                             0x200004e8   Data           0  startup_stm32l1xx_mdp.o(STACK)



==============================================================================

Memory Map of the image

  Image Entry point : 0x08000125

  Load Region LR_IROM1 (Base: 0x08000000, Size: 0x000024ec, Max: 0x00040000, ABSOLUTE)

    Execution Region ER_IROM1 (Base: 0x08000000, Size: 0x00002498, Max: 0x00040000, ABSOLUTE)

    Base Addr    Size         Type   Attr      Idx    E Section Name        Object

    0x08000000   0x00000124   Data   RO            3    RESET               startup_stm32l1xx_mdp.o
    0x08000124   0x00000000   Code   RO         3625  * .ARM.Collect$$$$00000000  mc_w.l(entry.o)
    0x08000124   0x00000004   Code   RO         3889    .ARM.Collect$$$$00000001  mc_w.l(entry2.o)
    0x08000128   0x00000004   Code   RO         3892    .ARM.Collect$$$$00000004  mc_w.l(entry5.o)
    0x0800012c   0x00000000   Code   RO         3894    .ARM.Collect$$$$00000008  mc_w.l(entry7b.o)
    0x0800012c   0x00000000   Code   RO         3896    .ARM.Collect$$$$0000000A  mc_w.l(entry8b.o)
    0x0800012c   0x00000008   Code   RO         3897    .ARM.Collect$$$$0000000B  mc_w.l(entry9a.o)
    0x08000134   0x00000000   Code   RO         3899    .ARM.Collect$$$$0000000D  mc_w.l(entry10a.o)
    0x08000134   0x00000000   Code   RO         3901    .ARM.Collect$$$$0000000F  mc_w.l(entry11a.o)
    0x08000134   0x00000004   Code   RO         3890    .ARM.Collect$$$$00002712  mc_w.l(entry2.o)
    0x08000138   0x00000024   Code   RO            4    .text               startup_stm32l1xx_mdp.o
    0x0800015c   0x0000002c   Code   RO         3906    .text               mc_w.l(uidiv.o)
    0x08000188   0x00000024   Code   RO         3921    .text               mc_w.l(init.o)
    0x080001ac   0x00000016   Code   RO          212    i.ADC_Cmd           stm32l1xx_adc.o
    0x080001c2   0x00000002   PAD
    0x080001c4   0x0000001c   Code   RO          213    i.ADC_CommonInit    stm32l1xx_adc.o
    0x080001e0   0x00000016   Code   RO          216    i.ADC_DMACmd        stm32l1xx_adc.o
    0x080001f6   0x00000012   Code   RO          226    i.ADC_GetFlagStatus  stm32l1xx_adc.o
    0x08000208   0x00000054   Code   RO          232    i.ADC_Init          stm32l1xx_adc.o
    0x0800025c   0x00000158   Code   RO          237    i.ADC_RegularChannelConfig  stm32l1xx_adc.o
    0x080003b4   0x0000000a   Code   RO          239    i.ADC_SoftwareStartConv  stm32l1xx_adc.o
    0x080003be   0x0000001a   Code   RO          241    i.ADC_StructInit    stm32l1xx_adc.o
    0x080003d8   0x00000024   Code   RO          242    i.ADC_TempSensorVrefintCmd  stm32l1xx_adc.o
    0x080003fc   0x00000004   Code   RO         3378    i.BusFault_Handler  stm32l1xx_it.o
    0x08000400   0x00000022   Code   RO          865    i.DATA_EEPROM_ProgramWord  stm32l1xx_flash.o
    0x08000422   0x00000002   PAD
    0x08000424   0x00000024   Code   RO          866    i.DATA_EEPROM_Unlock  stm32l1xx_flash.o
    0x08000448   0x00000020   Code   RO          671    i.DBGMCU_Config     stm32l1xx_dbgmcu.o
    0x08000468   0x00000010   Code   RO          672    i.DBGMCU_GetDEVID   stm32l1xx_dbgmcu.o
    0x08000478   0x0000000e   Code   RO         3379    i.DMA1_Channel1_IRQHandler  stm32l1xx_it.o
    0x08000486   0x00000002   PAD
    0x08000488   0x0000001c   Code   RO          713    i.DMA_ClearFlag     stm32l1xx_dma.o
    0x080004a4   0x00000018   Code   RO          715    i.DMA_Cmd           stm32l1xx_dma.o
    0x080004bc   0x0000014c   Code   RO          716    i.DMA_DeInit        stm32l1xx_dma.o
    0x08000608   0x00000012   Code   RO          720    i.DMA_ITConfig      stm32l1xx_dma.o
    0x0800061a   0x0000003c   Code   RO          721    i.DMA_Init          stm32l1xx_dma.o
    0x08000656   0x0000001a   Code   RO          723    i.DMA_StructInit    stm32l1xx_dma.o
    0x08000670   0x00000002   Code   RO         3380    i.DebugMon_Handler  stm32l1xx_it.o
    0x08000672   0x00000002   PAD
    0x08000674   0x00000014   Code   RO         3467    i.Delay             main.o
    0x08000688   0x0000000e   Code   RO         3381    i.EXTI0_IRQHandler  stm32l1xx_it.o
    0x08000696   0x00000002   PAD
    0x08000698   0x0000000c   Code   RO          794    i.EXTI_ClearITPendingBit  stm32l1xx_exti.o
    0x080006a4   0x00000094   Code   RO          799    i.EXTI_Init         stm32l1xx_exti.o
    0x08000738   0x0000000c   Code   RO          867    i.FLASH_ClearFlag   stm32l1xx_flash.o
    0x08000744   0x00000034   Code   RO          871    i.FLASH_GetStatus   stm32l1xx_flash.o
    0x08000778   0x00000030   Code   RO          899    i.FLASH_WaitForLastOperation  stm32l1xx_flash.o
    0x080007a8   0x00000084   Code   RO         1140    i.GPIO_Init         stm32l1xx_gpio.o
    0x0800082c   0x00000046   Code   RO         1141    i.GPIO_PinAFConfig  stm32l1xx_gpio.o
    0x08000872   0x00000012   Code   RO         1149    i.GPIO_StructInit   stm32l1xx_gpio.o
    0x08000884   0x00000004   Code   RO         3382    i.HardFault_Handler  stm32l1xx_it.o
    0x08000888   0x000000b0   Code   RO         3468    i.Init_GPIOs        main.o
    0x08000938   0x00000020   Code   RO         1499    i.LCD_BlinkConfig   stm32l1xx_lcd.o
    0x08000958   0x0000000c   Code   RO         1502    i.LCD_Cmd           stm32l1xx_lcd.o
    0x08000964   0x0000001c   Code   RO         1503    i.LCD_ContrastConfig  stm32l1xx_lcd.o
    0x08000980   0x0000012c   Code   RO         3251    i.LCD_Conv_Char_Seg  stm32l_discovery_lcd.o
    0x08000aac   0x0000001c   Code   RO         1505    i.LCD_DeadTimeConfig  stm32l1xx_lcd.o
    0x08000ac8   0x00000030   Code   RO         3252    i.LCD_GLASS_Clear   stm32l_discovery_lcd.o
    0x08000af8   0x0000017c   Code   RO         3253    i.LCD_GLASS_Configure_GPIO  stm32l_discovery_lcd.o
    0x08000c74   0x00000036   Code   RO         3255    i.LCD_GLASS_DisplayString  stm32l_discovery_lcd.o
    0x08000caa   0x0000006e   Code   RO         3256    i.LCD_GLASS_Init    stm32l_discovery_lcd.o
    0x08000d18   0x000000d4   Code   RO         3257    i.LCD_GLASS_ScrollSentence  stm32l_discovery_lcd.o
    0x08000dec   0x00000544   Code   RO         3258    i.LCD_GLASS_WriteChar  stm32l_discovery_lcd.o
    0x08001330   0x00000018   Code   RO         1506    i.LCD_GetFlagStatus  stm32l1xx_lcd.o
    0x08001348   0x00000054   Code   RO         1510    i.LCD_Init          stm32l1xx_lcd.o
    0x0800139c   0x0000000c   Code   RO         1511    i.LCD_MuxSegmentCmd  stm32l1xx_lcd.o
    0x080013a8   0x0000001c   Code   RO         1512    i.LCD_PulseOnDurationConfig  stm32l1xx_lcd.o
    0x080013c4   0x0000000c   Code   RO         1514    i.LCD_UpdateDisplayRequest  stm32l1xx_lcd.o
    0x080013d0   0x00000020   Code   RO         1515    i.LCD_WaitForSynchro  stm32l1xx_lcd.o
    0x080013f0   0x0000003c   Code   RO         3259    i.LCD_bar           stm32l_discovery_lcd.o
    0x0800142c   0x00000004   Code   RO         3383    i.MemManage_Handler  stm32l1xx_it.o
    0x08001430   0x00000002   Code   RO         3384    i.NMI_Handler       stm32l1xx_it.o
    0x08001432   0x00000002   PAD
    0x08001434   0x00000078   Code   RO          161    i.NVIC_Init         misc.o
    0x080014ac   0x00000014   Code   RO         1621    i.PWR_ClearFlag     stm32l1xx_pwr.o
    0x080014c0   0x00000040   Code   RO         1625    i.PWR_EnterSTOPMode  stm32l1xx_pwr.o
    0x08001500   0x00000018   Code   RO         1628    i.PWR_GetFlagStatus  stm32l1xx_pwr.o
    0x08001518   0x0000000c   Code   RO         1631    i.PWR_RTCAccessCmd  stm32l1xx_pwr.o
    0x08001524   0x0000001c   Code   RO         1633    i.PWR_VoltageScalingConfig  stm32l1xx_pwr.o
    0x08001540   0x00000002   Code   RO         3385    i.PendSV_Handler    stm32l1xx_it.o
    0x08001542   0x00000002   PAD
    0x08001544   0x00000020   Code   RO         1719    i.RCC_AHBPeriphClockCmd  stm32l1xx_rcc.o
    0x08001564   0x00000020   Code   RO         1722    i.RCC_APB1PeriphClockCmd  stm32l1xx_rcc.o
    0x08001584   0x00000020   Code   RO         1725    i.RCC_APB2PeriphClockCmd  stm32l1xx_rcc.o
    0x080015a4   0x0000004c   Code   RO         3469    i.RCC_Configuration  main.o
    0x080015f0   0x00000100   Code   RO         1734    i.RCC_GetClocksFreq  stm32l1xx_rcc.o
    0x080016f0   0x00000034   Code   RO         1735    i.RCC_GetFlagStatus  stm32l1xx_rcc.o
    0x08001724   0x00000010   Code   RO         1739    i.RCC_HSEConfig     stm32l1xx_rcc.o
    0x08001734   0x0000000c   Code   RO         1740    i.RCC_HSICmd        stm32l1xx_rcc.o
    0x08001740   0x00000010   Code   RO         1743    i.RCC_LSEConfig     stm32l1xx_rcc.o
    0x08001750   0x00000018   Code   RO         1747    i.RCC_MSIRangeConfig  stm32l1xx_rcc.o
    0x08001768   0x0000000c   Code   RO         1752    i.RCC_RTCCLKCmd     stm32l1xx_rcc.o
    0x08001774   0x00000044   Code   RO         1753    i.RCC_RTCCLKConfig  stm32l1xx_rcc.o
    0x080017b8   0x0000000c   Code   RO         1754    i.RCC_RTCResetCmd   stm32l1xx_rcc.o
    0x080017c4   0x00000018   Code   RO         1755    i.RCC_SYSCLKConfig  stm32l1xx_rcc.o
    0x080017dc   0x00000020   Code   RO         1972    i.RTC_ClearITPendingBit  stm32l1xx_rtc.o
    0x080017fc   0x00000036   Code   RO         3470    i.RTC_Configuration  main.o
    0x08001832   0x00000002   PAD
    0x08001834   0x00000044   Code   RO         1984    i.RTC_GetITStatus   stm32l1xx_rtc.o
    0x08001878   0x00000064   Code   RO         1991    i.RTC_ITConfig      stm32l1xx_rtc.o
    0x080018dc   0x0000001c   Code   RO         2000    i.RTC_SetWakeUpCounter  stm32l1xx_rtc.o
    0x080018f8   0x0000001e   Code   RO         3386    i.RTC_WKUP_IRQHandler  stm32l1xx_it.o
    0x08001916   0x00000002   PAD
    0x08001918   0x00000060   Code   RO         2013    i.RTC_WaitForSynchro  stm32l1xx_rtc.o
    0x08001978   0x00000030   Code   RO         2014    i.RTC_WakeUpClockConfig  stm32l1xx_rtc.o
    0x080019a8   0x00000078   Code   RO         2015    i.RTC_WakeUpCmd     stm32l1xx_rtc.o
    0x08001a20   0x00000002   Code   RO         3387    i.SVC_Handler       stm32l1xx_it.o
    0x08001a22   0x00000002   PAD
    0x08001a24   0x00000040   Code   RO         2458    i.SYSCFG_EXTILineConfig  stm32l1xx_syscfg.o
    0x08001a64   0x000000d4   Code   RO         3341    i.SetSysClock       system_stm32l1xx.o
    0x08001b38   0x00000008   Code   RO         3388    i.SysTick_Handler   stm32l1xx_it.o
    0x08001b40   0x00000068   Code   RO         3343    i.SystemInit        system_stm32l1xx.o
    0x08001ba8   0x00000018   Code   RO         3471    i.TimingDelay_Decrement  main.o
    0x08001bc0   0x00000004   Code   RO         3389    i.UsageFault_Handler  stm32l1xx_it.o
    0x08001bc4   0x00000028   Code   RO         3675    i.__0sprintf$1      mc_w.l(printf1.o)
    0x08001bec   0x0000000e   Code   RO         3935    i.__scatterload_copy  mc_w.l(handlers.o)
    0x08001bfa   0x00000002   Code   RO         3936    i.__scatterload_null  mc_w.l(handlers.o)
    0x08001bfc   0x0000000e   Code   RO         3937    i.__scatterload_zeroinit  mc_w.l(handlers.o)
    0x08001c0a   0x00000002   PAD
    0x08001c0c   0x00000154   Code   RO         3680    i._printf_core      mc_w.l(printf1.o)
    0x08001d60   0x0000000a   Code   RO         3682    i._sputc            mc_w.l(printf1.o)
    0x08001d6a   0x00000002   PAD
    0x08001d6c   0x00000070   Code   RO         3472    i.acquireTemperatureData  main.o
    0x08001ddc   0x0000000c   Code   RO         3473    i.clearADCDMA_TransferComplete  main.o
    0x08001de8   0x0000000c   Code   RO         3474    i.clearUserButtonFlag  main.o
    0x08001df4   0x0000007c   Code   RO         3475    i.conf_analog_all_GPIOS  main.o
    0x08001e70   0x000000b0   Code   RO         3476    i.configureADC_Temp  main.o
    0x08001f20   0x00000084   Code   RO         3477    i.configureDMA      main.o
    0x08001fa4   0x000000ac   Code   RO         3478    i.configureWakeup   main.o
    0x08002050   0x00000040   Code   RO         3479    i.getFactoryTSCalibData  main.o
    0x08002090   0x00000034   Code   RO         3480    i.insertionSort     main.o
    0x080020c4   0x00000024   Code   RO         3481    i.interquartileMean  main.o
    0x080020e8   0x000001cc   Code   RO         3482    i.main              main.o
    0x080022b4   0x00000030   Code   RO         3483    i.powerDownADC_Temper  main.o
    0x080022e4   0x000000ac   Code   RO         3484    i.processTempData   main.o
    0x08002390   0x0000000c   Code   RO         3485    i.setADCDMA_TransferComplete  main.o
    0x0800239c   0x0000000c   Code   RO         3486    i.setUserButtonFlag  main.o
    0x080023a8   0x0000001e   Code   RO         3487    i.testFactoryCalibData  main.o
    0x080023c6   0x00000002   PAD
    0x080023c8   0x00000018   Code   RO         3488    i.testUserCalibData  main.o
    0x080023e0   0x00000050   Code   RO         3489    i.writeCalibData    main.o
    0x08002430   0x00000048   Data   RO         3261    .constdata          stm32l_discovery_lcd.o
    0x08002478   0x00000020   Data   RO         3933    Region$$Table       anon$$obj.o


    Execution Region RW_IRAM1 (Base: 0x20000000, Size: 0x000004e8, Max: 0x00008000, ABSOLUTE)

    Base Addr    Size         Type   Attr      Idx    E Section Name        Object

    0x20000000   0x00000019   Data   RW         1757    .data               stm32l1xx_rcc.o
    0x20000019   0x00000003   Data   RW         3262    .data               stm32l_discovery_lcd.o
    0x2000001c   0x00000035   Data   RW         3491    .data               main.o
    0x20000051   0x00000003   PAD
    0x20000054   0x00000090   Zero   RW         3490    .bss                main.o
    0x200000e4   0x00000004   PAD
    0x200000e8   0x00000400   Zero   RW            1    STACK               startup_stm32l1xx_mdp.o


==============================================================================

Image component sizes


      Code (inc. data)   RO Data    RW Data    ZI Data      Debug   Object Name

      2080        264          0         53        144      39493   main.o
       120         14          0          0          0       1248   misc.o
        36          8        292          0       1024        992   startup_stm32l1xx_mdp.o
       590         22          0          0          0       7702   stm32l1xx_adc.o
        48         12          0          0          0       1250   stm32l1xx_dbgmcu.o
       488         18          0          0          0       5754   stm32l1xx_dma.o
       160         12          0          0          0       1821   stm32l1xx_exti.o
       182         22          0          0          0       4036   stm32l1xx_flash.o
       220          0          0          0          0       2741   stm32l1xx_gpio.o
        90          0          0          0          0       5786   stm32l1xx_it.o
       292         52          0          0          0       7557   stm32l1xx_lcd.o
       148         30          0          0          0       3286   stm32l1xx_pwr.o
       588         86          0         25          0      10624   stm32l1xx_rcc.o
       492         34          0          0          0       6009   stm32l1xx_rtc.o
        64          4          0          0          0        732   stm32l1xx_syscfg.o
         0          0          0          0          0     264452   stm32l1xx_wwdg.o
      2512         70         72          3          0       7417   stm32l_discovery_lcd.o
       316         28          0          0          0       1569   system_stm32l1xx.o

    ----------------------------------------------------------------------
      8448        676        396         84       1172     372469   Object Totals
         0          0         32          0          0          0   (incl. Generated)
        22          0          0          3          4          0   (incl. Padding)

    ----------------------------------------------------------------------

      Code (inc. data)   RO Data    RW Data    ZI Data      Debug   Library Member Name

         0          0          0          0          0          0   entry.o
         0          0          0          0          0          0   entry10a.o
         0          0          0          0          0          0   entry11a.o
         8          4          0          0          0          0   entry2.o
         4          0          0          0          0          0   entry5.o
         0          0          0          0          0          0   entry7b.o
         0          0          0          0          0          0   entry8b.o
         8          4          0          0          0          0   entry9a.o
        30          0          0          0          0          0   handlers.o
        36          8          0          0          0         68   init.o
       390         10          0          0          0        252   printf1.o
        44          0          0          0          0         80   uidiv.o

    ----------------------------------------------------------------------
       524         26          0          0          0        400   Library Totals
         4          0          0          0          0          0   (incl. Padding)

    ----------------------------------------------------------------------

      Code (inc. data)   RO Data    RW Data    ZI Data      Debug   Library Name

       520         26          0          0          0        400   mc_w.l

    ----------------------------------------------------------------------
       524         26          0          0          0        400   Library Totals

    ----------------------------------------------------------------------

==============================================================================


      Code (inc. data)   RO Data    RW Data    ZI Data      Debug   

      8972        702        396         84       1172     367457   Grand Totals
      8972        702        396         84       1172     367457   ELF Image Totals
      8972        702        396         84          0          0   ROM Totals

==============================================================================

    Total RO  Size (Code + RO Data)                 9368 (   9.15kB)
    Total RW  Size (RW Data + ZI Data)              1256 (   1.23kB)
    Total ROM Size (Code + RO Data + RW Data)       9452 (   9.23kB)

==============================================================================

