Component: ARM Compiler 5.06 update 1 (build 61) Tool: armlink [4d35a8]

==============================================================================

Section Cross References

    startup_stm32l1xx_mdp.o(RESET) refers to startup_stm32l1xx_mdp.o(STACK) for __initial_sp
    startup_stm32l1xx_mdp.o(RESET) refers to startup_stm32l1xx_mdp.o(.text) for Reset_Handler
    startup_stm32l1xx_mdp.o(RESET) refers to stm32l1xx_it.o(i.NMI_Handler) for NMI_Handler
    startup_stm32l1xx_mdp.o(RESET) refers to stm32l1xx_it.o(i.HardFault_Handler) for HardFault_Handler
    startup_stm32l1xx_mdp.o(RESET) refers to stm32l1xx_it.o(i.MemManage_Handler) for MemManage_Handler
    startup_stm32l1xx_mdp.o(RESET) refers to stm32l1xx_it.o(i.BusFault_Handler) for BusFault_Handler
    startup_stm32l1xx_mdp.o(RESET) refers to stm32l1xx_it.o(i.UsageFault_Handler) for UsageFault_Handler
    startup_stm32l1xx_mdp.o(RESET) refers to stm32l1xx_it.o(i.SVC_Handler) for SVC_Handler
    startup_stm32l1xx_mdp.o(RESET) refers to stm32l1xx_it.o(i.DebugMon_Handler) for DebugMon_Handler
    startup_stm32l1xx_mdp.o(RESET) refers to stm32l1xx_it.o(i.PendSV_Handler) for PendSV_Handler
    startup_stm32l1xx_mdp.o(RESET) refers to stm32l1xx_it.o(i.SysTick_Handler) for SysTick_Handler
    startup_stm32l1xx_mdp.o(RESET) refers to stm32l1xx_it.o(i.RTC_WKUP_IRQHandler) for RTC_WKUP_IRQHandler
    startup_stm32l1xx_mdp.o(RESET) refers to stm32l1xx_it.o(i.EXTI0_IRQHandler) for EXTI0_IRQHandler
    startup_stm32l1xx_mdp.o(RESET) refers to stm32l1xx_it.o(i.DMA1_Channel1_IRQHandler) for DMA1_Channel1_IRQHandler
    startup_stm32l1xx_mdp.o(RESET) refers to main.o(i.TIM7_IRQHandler) for TIM7_IRQHandler
    startup_stm32l1xx_mdp.o(.text) refers to system_stm32l1xx.o(i.SystemInit) for SystemInit
    startup_stm32l1xx_mdp.o(.text) refers to entry.o(.ARM.Collect$$$$00000000) for __main
    stm32l1xx_wwdg.o(i.WWDG_DeInit) refers to stm32l1xx_rcc.o(i.RCC_APB1PeriphResetCmd) for RCC_APB1PeriphResetCmd
    stm32l1xx_adc.o(i.ADC_DeInit) refers to stm32l1xx_rcc.o(i.RCC_APB2PeriphResetCmd) for RCC_APB2PeriphResetCmd
    stm32l1xx_dac.o(i.DAC_DeInit) refers to stm32l1xx_rcc.o(i.RCC_APB1PeriphResetCmd) for RCC_APB1PeriphResetCmd
    stm32l1xx_flash.o(i.DATA_EEPROM_EraseByte) refers to stm32l1xx_flash.o(i.FLASH_WaitForLastOperation) for FLASH_WaitForLastOperation
    stm32l1xx_flash.o(i.DATA_EEPROM_EraseHalfWord) refers to stm32l1xx_flash.o(i.FLASH_WaitForLastOperation) for FLASH_WaitForLastOperation
    stm32l1xx_flash.o(i.DATA_EEPROM_EraseWord) refers to stm32l1xx_flash.o(i.FLASH_WaitForLastOperation) for FLASH_WaitForLastOperation
    stm32l1xx_flash.o(i.DATA_EEPROM_FastProgramByte) refers to stm32l1xx_flash.o(i.FLASH_WaitForLastOperation) for FLASH_WaitForLastOperation
    stm32l1xx_flash.o(i.DATA_EEPROM_FastProgramHalfWord) refers to stm32l1xx_flash.o(i.FLASH_WaitForLastOperation) for FLASH_WaitForLastOperation
    stm32l1xx_flash.o(i.DATA_EEPROM_FastProgramWord) refers to stm32l1xx_flash.o(i.FLASH_WaitForLastOperation) for FLASH_WaitForLastOperation
    stm32l1xx_flash.o(i.DATA_EEPROM_ProgramByte) refers to stm32l1xx_flash.o(i.FLASH_WaitForLastOperation) for FLASH_WaitForLastOperation
    stm32l1xx_flash.o(i.DATA_EEPROM_ProgramHalfWord) refers to stm32l1xx_flash.o(i.FLASH_WaitForLastOperation) for FLASH_WaitForLastOperation
    stm32l1xx_flash.o(i.DATA_EEPROM_ProgramWord) refers to stm32l1xx_flash.o(i.FLASH_WaitForLastOperation) for FLASH_WaitForLastOperation
    stm32l1xx_flash.o(i.FLASH_ErasePage) refers to stm32l1xx_flash.o(i.FLASH_WaitForLastOperation) for FLASH_WaitForLastOperation
    stm32l1xx_flash.o(i.FLASH_FastProgramWord) refers to stm32l1xx_flash.o(i.FLASH_WaitForLastOperation) for FLASH_WaitForLastOperation
    stm32l1xx_flash.o(i.FLASH_OB_BORConfig) refers to stm32l1xx_flash.o(i.FLASH_WaitForLastOperation) for FLASH_WaitForLastOperation
    stm32l1xx_flash.o(i.FLASH_OB_BootConfig) refers to stm32l1xx_flash.o(i.FLASH_WaitForLastOperation) for FLASH_WaitForLastOperation
    stm32l1xx_flash.o(i.FLASH_OB_PCROP1Config) refers to stm32l1xx_flash.o(i.FLASH_WaitForLastOperation) for FLASH_WaitForLastOperation
    stm32l1xx_flash.o(i.FLASH_OB_PCROPConfig) refers to stm32l1xx_flash.o(i.FLASH_WaitForLastOperation) for FLASH_WaitForLastOperation
    stm32l1xx_flash.o(i.FLASH_OB_PCROPSelectionConfig) refers to stm32l1xx_flash.o(i.FLASH_WaitForLastOperation) for FLASH_WaitForLastOperation
    stm32l1xx_flash.o(i.FLASH_OB_RDPConfig) refers to stm32l1xx_flash.o(i.FLASH_WaitForLastOperation) for FLASH_WaitForLastOperation
    stm32l1xx_flash.o(i.FLASH_OB_Unlock) refers to stm32l1xx_flash.o(i.DATA_EEPROM_Unlock) for DATA_EEPROM_Unlock
    stm32l1xx_flash.o(i.FLASH_OB_UserConfig) refers to stm32l1xx_flash.o(i.FLASH_WaitForLastOperation) for FLASH_WaitForLastOperation
    stm32l1xx_flash.o(i.FLASH_OB_WRP1Config) refers to stm32l1xx_flash.o(i.FLASH_WaitForLastOperation) for FLASH_WaitForLastOperation
[...]
    Removing stm32l1xx_rtc.o(i.RTC_ExitInitMode), (20 bytes).
    Removing stm32l1xx_rtc.o(i.RTC_GetAlarm), (116 bytes).
    Removing stm32l1xx_rtc.o(i.RTC_GetAlarmSubSecond), (36 bytes).
    Removing stm32l1xx_rtc.o(i.RTC_GetDate), (76 bytes).
    Removing stm32l1xx_rtc.o(i.RTC_GetFlagStatus), (40 bytes).
    Removing stm32l1xx_rtc.o(i.RTC_GetStoreOperation), (16 bytes).
    Removing stm32l1xx_rtc.o(i.RTC_GetSubSecond), (20 bytes).
    Removing stm32l1xx_rtc.o(i.RTC_GetTime), (80 bytes).
    Removing stm32l1xx_rtc.o(i.RTC_GetTimeStamp), (156 bytes).
    Removing stm32l1xx_rtc.o(i.RTC_GetTimeStampSubSecond), (12 bytes).
    Removing stm32l1xx_rtc.o(i.RTC_GetWakeUpCounter), (12 bytes).
    Removing stm32l1xx_rtc.o(i.RTC_ITConfig), (100 bytes).
    Removing stm32l1xx_rtc.o(i.RTC_Init), (100 bytes).
    Removing stm32l1xx_rtc.o(i.RTC_OutputConfig), (56 bytes).
    Removing stm32l1xx_rtc.o(i.RTC_OutputTypeConfig), (28 bytes).
    Removing stm32l1xx_rtc.o(i.RTC_ReadBackupRegister), (32 bytes).
    Removing stm32l1xx_rtc.o(i.RTC_RefClockCmd), (80 bytes).
    Removing stm32l1xx_rtc.o(i.RTC_SetAlarm), (236 bytes).
    Removing stm32l1xx_rtc.o(i.RTC_SetDate), (200 bytes).
    Removing stm32l1xx_rtc.o(i.RTC_SetTime), (208 bytes).
    Removing stm32l1xx_rtc.o(i.RTC_SetWakeUpCounter), (28 bytes).
    Removing stm32l1xx_rtc.o(i.RTC_SmoothCalibConfig), (96 bytes).
    Removing stm32l1xx_rtc.o(i.RTC_StructInit), (14 bytes).
    Removing stm32l1xx_rtc.o(i.RTC_SynchroShiftConfig), (124 bytes).
    Removing stm32l1xx_rtc.o(i.RTC_TamperCmd), (32 bytes).
    Removing stm32l1xx_rtc.o(i.RTC_TamperFilterConfig), (28 bytes).
    Removing stm32l1xx_rtc.o(i.RTC_TamperPinsPrechargeDuration), (28 bytes).
    Removing stm32l1xx_rtc.o(i.RTC_TamperPullUpCmd), (36 bytes).
    Removing stm32l1xx_rtc.o(i.RTC_TamperSamplingFreqConfig), (28 bytes).
    Removing stm32l1xx_rtc.o(i.RTC_TamperTriggerConfig), (36 bytes).
    Removing stm32l1xx_rtc.o(i.RTC_TimeStampCmd), (56 bytes).
    Removing stm32l1xx_rtc.o(i.RTC_TimeStampOnTamperDetectionCmd), (36 bytes).
    Removing stm32l1xx_rtc.o(i.RTC_TimeStructInit), (12 bytes).
    Removing stm32l1xx_rtc.o(i.RTC_WaitForSynchro), (96 bytes).
    Removing stm32l1xx_rtc.o(i.RTC_WakeUpClockConfig), (48 bytes).
    Removing stm32l1xx_rtc.o(i.RTC_WakeUpCmd), (120 bytes).
    Removing stm32l1xx_rtc.o(i.RTC_WriteBackupRegister), (28 bytes).
    Removing stm32l1xx_rtc.o(i.RTC_WriteProtectionCmd), (28 bytes).
    Removing stm32l1xx_spi.o(.rev16_text), (4 bytes).
    Removing stm32l1xx_spi.o(.revsh_text), (4 bytes).
    Removing stm32l1xx_spi.o(i.I2S_Cmd), (24 bytes).
    Removing stm32l1xx_spi.o(i.I2S_Init), (212 bytes).
    Removing stm32l1xx_spi.o(i.I2S_StructInit), (20 bytes).
    Removing stm32l1xx_spi.o(i.SPI_BiDirectionalLineConfig), (28 bytes).
    Removing stm32l1xx_spi.o(i.SPI_CalculateCRC), (24 bytes).
    Removing stm32l1xx_spi.o(i.SPI_Cmd), (24 bytes).
    Removing stm32l1xx_spi.o(i.SPI_DataSizeConfig), (18 bytes).
    Removing stm32l1xx_spi.o(i.SPI_GetCRC), (16 bytes).
    Removing stm32l1xx_spi.o(i.SPI_GetCRCPolynomial), (6 bytes).
    Removing stm32l1xx_spi.o(i.SPI_I2S_ClearFlag), (6 bytes).
    Removing stm32l1xx_spi.o(i.SPI_I2S_ClearITPendingBit), (20 bytes).
    Removing stm32l1xx_spi.o(i.SPI_I2S_DMACmd), (18 bytes).
    Removing stm32l1xx_spi.o(i.SPI_I2S_DeInit), (88 bytes).
    Removing stm32l1xx_spi.o(i.SPI_I2S_GetFlagStatus), (18 bytes).
    Removing stm32l1xx_spi.o(i.SPI_I2S_GetITStatus), (52 bytes).
    Removing stm32l1xx_spi.o(i.SPI_I2S_ITConfig), (32 bytes).
    Removing stm32l1xx_spi.o(i.SPI_I2S_ReceiveData), (6 bytes).
    Removing stm32l1xx_spi.o(i.SPI_I2S_SendData), (4 bytes).
    Removing stm32l1xx_spi.o(i.SPI_Init), (60 bytes).
    Removing stm32l1xx_spi.o(i.SPI_NSSInternalSoftwareConfig), (30 bytes).
    Removing stm32l1xx_spi.o(i.SPI_SSOutputCmd), (24 bytes).
    Removing stm32l1xx_spi.o(i.SPI_StructInit), (24 bytes).
    Removing stm32l1xx_spi.o(i.SPI_TransmitCRC), (10 bytes).
    Removing stm32l1xx_syscfg.o(.rev16_text), (4 bytes).
    Removing stm32l1xx_syscfg.o(.revsh_text), (4 bytes).
    Removing stm32l1xx_syscfg.o(i.SYSCFG_DeInit), (20 bytes).
    Removing stm32l1xx_syscfg.o(i.SYSCFG_EXTILineConfig), (64 bytes).
    Removing stm32l1xx_syscfg.o(i.SYSCFG_GetBootMode), (16 bytes).
    Removing stm32l1xx_syscfg.o(i.SYSCFG_MemoryRemapConfig), (12 bytes).
    Removing stm32l1xx_syscfg.o(i.SYSCFG_RIChannelSpeedConfig), (32 bytes).
    Removing stm32l1xx_syscfg.o(i.SYSCFG_RIDeInit), (36 bytes).
    Removing stm32l1xx_syscfg.o(i.SYSCFG_RIHysteresisConfig), (272 bytes).
    Removing stm32l1xx_syscfg.o(i.SYSCFG_RIIOSwitchConfig), (76 bytes).
    Removing stm32l1xx_syscfg.o(i.SYSCFG_RIResistorConfig), (32 bytes).
    Removing stm32l1xx_syscfg.o(i.SYSCFG_RISwitchControlModeCmd), (36 bytes).
    Removing stm32l1xx_syscfg.o(i.SYSCFG_RITIMInputCaptureConfig), (92 bytes).
    Removing stm32l1xx_syscfg.o(i.SYSCFG_RITIMSelect), (24 bytes).
    Removing stm32l1xx_syscfg.o(i.SYSCFG_USBPuCmd), (36 bytes).
    Removing stm32l1xx_tim.o(.rev16_text), (4 bytes).
    Removing stm32l1xx_tim.o(.revsh_text), (4 bytes).
    Removing stm32l1xx_tim.o(i.TI1_Config), (58 bytes).
    Removing stm32l1xx_tim.o(i.TI2_Config), (80 bytes).
    Removing stm32l1xx_tim.o(i.TI3_Config), (72 bytes).
    Removing stm32l1xx_tim.o(i.TI4_Config), (80 bytes).
    Removing stm32l1xx_tim.o(i.TIM_ARRPreloadConfig), (24 bytes).
    Removing stm32l1xx_tim.o(i.TIM_CCxCmd), (30 bytes).
    Removing stm32l1xx_tim.o(i.TIM_ClearFlag), (6 bytes).
    Removing stm32l1xx_tim.o(i.TIM_ClearOC1Ref), (18 bytes).
    Removing stm32l1xx_tim.o(i.TIM_ClearOC2Ref), (24 bytes).
    Removing stm32l1xx_tim.o(i.TIM_ClearOC3Ref), (18 bytes).
    Removing stm32l1xx_tim.o(i.TIM_ClearOC4Ref), (24 bytes).
    Removing stm32l1xx_tim.o(i.TIM_CounterModeConfig), (18 bytes).
    Removing stm32l1xx_tim.o(i.TIM_DMACmd), (18 bytes).
    Removing stm32l1xx_tim.o(i.TIM_DMAConfig), (10 bytes).
    Removing stm32l1xx_tim.o(i.TIM_DeInit), (252 bytes).
    Removing stm32l1xx_tim.o(i.TIM_ETRClockMode1Config), (54 bytes).
    Removing stm32l1xx_tim.o(i.TIM_ETRClockMode2Config), (32 bytes).
    Removing stm32l1xx_tim.o(i.TIM_ETRConfig), (28 bytes).
    Removing stm32l1xx_tim.o(i.TIM_EncoderInterfaceConfig), (66 bytes).
    Removing stm32l1xx_tim.o(i.TIM_ForcedOC1Config), (18 bytes).
    Removing stm32l1xx_tim.o(i.TIM_ForcedOC2Config), (26 bytes).
    Removing stm32l1xx_tim.o(i.TIM_ForcedOC3Config), (18 bytes).
    Removing stm32l1xx_tim.o(i.TIM_ForcedOC4Config), (26 bytes).
    Removing stm32l1xx_tim.o(i.TIM_GenerateEvent), (4 bytes).
    Removing stm32l1xx_tim.o(i.TIM_GetCapture1), (6 bytes).
    Removing stm32l1xx_tim.o(i.TIM_GetCapture2), (6 bytes).
    Removing stm32l1xx_tim.o(i.TIM_GetCapture3), (6 bytes).
    Removing stm32l1xx_tim.o(i.TIM_GetCapture4), (6 bytes).
    Removing stm32l1xx_tim.o(i.TIM_GetCounter), (6 bytes).
    Removing stm32l1xx_tim.o(i.TIM_GetFlagStatus), (18 bytes).
    Removing stm32l1xx_tim.o(i.TIM_GetPrescaler), (6 bytes).
    Removing stm32l1xx_tim.o(i.TIM_ICInit), (110 bytes).
    Removing stm32l1xx_tim.o(i.TIM_ICStructInit), (18 bytes).
    Removing stm32l1xx_tim.o(i.TIM_ITRxExternalClockConfig), (24 bytes).
    Removing stm32l1xx_tim.o(i.TIM_InternalClockConfig), (12 bytes).
    Removing stm32l1xx_tim.o(i.TIM_OC1FastConfig), (18 bytes).
    Removing stm32l1xx_tim.o(i.TIM_OC1Init), (56 bytes).
    Removing stm32l1xx_tim.o(i.TIM_OC1PolarityConfig), (18 bytes).
    Removing stm32l1xx_tim.o(i.TIM_OC1PreloadConfig), (18 bytes).
    Removing stm32l1xx_tim.o(i.TIM_OC2FastConfig), (26 bytes).
    Removing stm32l1xx_tim.o(i.TIM_OC2Init), (70 bytes).
    Removing stm32l1xx_tim.o(i.TIM_OC2PolarityConfig), (26 bytes).
    Removing stm32l1xx_tim.o(i.TIM_OC2PreloadConfig), (26 bytes).
    Removing stm32l1xx_tim.o(i.TIM_OC3FastConfig), (18 bytes).
    Removing stm32l1xx_tim.o(i.TIM_OC3Init), (66 bytes).
    Removing stm32l1xx_tim.o(i.TIM_OC3PolarityConfig), (26 bytes).
    Removing stm32l1xx_tim.o(i.TIM_OC3PreloadConfig), (18 bytes).
    Removing stm32l1xx_tim.o(i.TIM_OC4FastConfig), (26 bytes).
    Removing stm32l1xx_tim.o(i.TIM_OC4Init), (70 bytes).
    Removing stm32l1xx_tim.o(i.TIM_OC4PolarityConfig), (26 bytes).
    Removing stm32l1xx_tim.o(i.TIM_OC4PreloadConfig), (26 bytes).
    Removing stm32l1xx_tim.o(i.TIM_OCStructInit), (12 bytes).
    Removing stm32l1xx_tim.o(i.TIM_PWMIConfig), (124 bytes).
    Removing stm32l1xx_tim.o(i.TIM_PrescalerConfig), (6 bytes).
    Removing stm32l1xx_tim.o(i.TIM_RemapConfig), (22 bytes).
    Removing stm32l1xx_tim.o(i.TIM_SelectCCDMA), (24 bytes).
    Removing stm32l1xx_tim.o(i.TIM_SelectHallSensor), (24 bytes).
    Removing stm32l1xx_tim.o(i.TIM_SelectInputTrigger), (18 bytes).
    Removing stm32l1xx_tim.o(i.TIM_SelectMasterSlaveMode), (18 bytes).
    Removing stm32l1xx_tim.o(i.TIM_SelectOCREFClear), (18 bytes).
    Removing stm32l1xx_tim.o(i.TIM_SelectOCxM), (82 bytes).
    Removing stm32l1xx_tim.o(i.TIM_SelectOnePulseMode), (18 bytes).
    Removing stm32l1xx_tim.o(i.TIM_SelectOutputTrigger), (18 bytes).
    Removing stm32l1xx_tim.o(i.TIM_SelectSlaveMode), (18 bytes).
    Removing stm32l1xx_tim.o(i.TIM_SetAutoreload), (4 bytes).
    Removing stm32l1xx_tim.o(i.TIM_SetClockDivision), (18 bytes).
    Removing stm32l1xx_tim.o(i.TIM_SetCompare1), (4 bytes).
    Removing stm32l1xx_tim.o(i.TIM_SetCompare2), (4 bytes).
    Removing stm32l1xx_tim.o(i.TIM_SetCompare3), (4 bytes).
    Removing stm32l1xx_tim.o(i.TIM_SetCompare4), (4 bytes).
    Removing stm32l1xx_tim.o(i.TIM_SetCounter), (4 bytes).
    Removing stm32l1xx_tim.o(i.TIM_SetIC1Prescaler), (18 bytes).
    Removing stm32l1xx_tim.o(i.TIM_SetIC2Prescaler), (26 bytes).
    Removing stm32l1xx_tim.o(i.TIM_SetIC3Prescaler), (18 bytes).
    Removing stm32l1xx_tim.o(i.TIM_SetIC4Prescaler), (26 bytes).
    Removing stm32l1xx_tim.o(i.TIM_TIxExternalClockConfig), (62 bytes).
    Removing stm32l1xx_tim.o(i.TIM_TimeBaseStructInit), (16 bytes).
    Removing stm32l1xx_tim.o(i.TIM_UpdateDisableConfig), (24 bytes).
    Removing stm32l1xx_usart.o(.rev16_text), (4 bytes).
    Removing stm32l1xx_usart.o(.revsh_text), (4 bytes).
    Removing stm32l1xx_usart.o(i.USART_ClearITPendingBit), (30 bytes).
    Removing stm32l1xx_usart.o(i.USART_ClockInit), (32 bytes).
    Removing stm32l1xx_usart.o(i.USART_ClockStructInit), (12 bytes).
    Removing stm32l1xx_usart.o(i.USART_DMACmd), (18 bytes).
    Removing stm32l1xx_usart.o(i.USART_DeInit), (156 bytes).
    Removing stm32l1xx_usart.o(i.USART_GetITStatus), (84 bytes).
    Removing stm32l1xx_usart.o(i.USART_HalfDuplexCmd), (24 bytes).
    Removing stm32l1xx_usart.o(i.USART_ITConfig), (74 bytes).
    Removing stm32l1xx_usart.o(i.USART_IrDACmd), (24 bytes).
    Removing stm32l1xx_usart.o(i.USART_IrDAConfig), (18 bytes).
    Removing stm32l1xx_usart.o(i.USART_LINBreakDetectLengthConfig), (18 bytes).
    Removing stm32l1xx_usart.o(i.USART_LINCmd), (24 bytes).
    Removing stm32l1xx_usart.o(i.USART_OneBitMethodCmd), (24 bytes).
    Removing stm32l1xx_usart.o(i.USART_OverSampling8Cmd), (22 bytes).
    Removing stm32l1xx_usart.o(i.USART_ReceiverWakeUpCmd), (24 bytes).
    Removing stm32l1xx_usart.o(i.USART_SendBreak), (10 bytes).
    Removing stm32l1xx_usart.o(i.USART_SetAddress), (18 bytes).
    Removing stm32l1xx_usart.o(i.USART_SetGuardTime), (16 bytes).
    Removing stm32l1xx_usart.o(i.USART_SetPrescaler), (16 bytes).
    Removing stm32l1xx_usart.o(i.USART_SmartCardCmd), (24 bytes).
    Removing stm32l1xx_usart.o(i.USART_SmartCardNACKCmd), (24 bytes).
    Removing stm32l1xx_usart.o(i.USART_StructInit), (24 bytes).
    Removing stm32l1xx_usart.o(i.USART_WakeUpConfig), (18 bytes).
    Removing stm32l_discovery_lcd.o(.rev16_text), (4 bytes).
    Removing stm32l_discovery_lcd.o(.revsh_text), (4 bytes).
    Removing stm32l_discovery_lcd.o(i.LCD_GLASS_DisplayString), (54 bytes).
    Removing stm32l_discovery_lcd.o(i.LCD_GLASS_ScrollSentence), (212 bytes).
    Removing stm32l_discovery_lcd.o(i.LCD_contrast), (60 bytes).
    Removing system_stm32l1xx.o(.rev16_text), (4 bytes).
    Removing system_stm32l1xx.o(.revsh_text), (4 bytes).
    Removing system_stm32l1xx.o(i.SystemCoreClockUpdate), (220 bytes).
    Removing system_stm32l1xx.o(.data), (29 bytes).
    Removing stm32l1xx_it.o(.rev16_text), (4 bytes).
    Removing stm32l1xx_it.o(.revsh_text), (4 bytes).
    Removing main.o(.rev16_text), (4 bytes).
    Removing main.o(.revsh_text), (4 bytes).
    Removing main.o(i.Delay), (20 bytes).
    Removing main.o(i.DelaySW), (22 bytes).
    Removing main.o(i.Init_GPIOs), (176 bytes).
    Removing main.o(i.My_Usart1_ReadLine), (148 bytes).
    Removing main.o(i.RTC_Configuration), (54 bytes).
    Removing main.o(i.acquireTemperatureData), (112 bytes).
    Removing main.o(i.clearADCDMA_TransferComplete), (12 bytes).
    Removing main.o(i.clearUserButtonFlag), (12 bytes).
    Removing main.o(i.conf_analog_all_GPIOS), (124 bytes).
    Removing main.o(i.configureADC_Temp), (176 bytes).
    Removing main.o(i.configureDMA), (132 bytes).
    Removing main.o(i.configureWakeup), (172 bytes).
    Removing main.o(i.getFactoryTSCalibData), (64 bytes).
    Removing main.o(i.insertionSort), (52 bytes).
    Removing main.o(i.interquartileMean), (36 bytes).
    Removing main.o(i.main2), (460 bytes).
    Removing main.o(i.powerDownADC_Temper), (48 bytes).
    Removing main.o(i.processTempData), (172 bytes).
    Removing main.o(i.setADCDMA_TransferComplete), (12 bytes).
    Removing main.o(i.testFactoryCalibData), (30 bytes).
    Removing main.o(i.testUserCalibData), (24 bytes).
    Removing main.o(i.writeCalibData), (80 bytes).
    Removing adc.o(.rev16_text), (4 bytes).
    Removing adc.o(.revsh_text), (4 bytes).

495 unused section(s) (total 18781 bytes) removed from the image.

==============================================================================

Image Symbol Table

    Local Symbols

    Symbol Name                              Value     Ov Type        Size  Object(Section)

    ../clib/microlib/division.c              0x00000000   Number         0  uidiv.o ABSOLUTE
    ../clib/microlib/division.c              0x00000000   Number         0  uldiv.o ABSOLUTE
    ../clib/microlib/init/entry.s            0x00000000   Number         0  entry8a.o ABSOLUTE
    ../clib/microlib/init/entry.s            0x00000000   Number         0  entry7a.o ABSOLUTE
    ../clib/microlib/init/entry.s            0x00000000   Number         0  entry.o ABSOLUTE
    ../clib/microlib/init/entry.s            0x00000000   Number         0  entry11b.o ABSOLUTE
    ../clib/microlib/init/entry.s            0x00000000   Number         0  entry9b.o ABSOLUTE
    ../clib/microlib/init/entry.s            0x00000000   Number         0  entry11a.o ABSOLUTE
    ../clib/microlib/init/entry.s            0x00000000   Number         0  entry10b.o ABSOLUTE
    ../clib/microlib/init/entry.s            0x00000000   Number         0  entry10a.o ABSOLUTE
    ../clib/microlib/init/entry.s            0x00000000   Number         0  entry5.o ABSOLUTE
    ../clib/microlib/init/entry.s            0x00000000   Number         0  entry2.o ABSOLUTE
    ../clib/microlib/init/entry.s            0x00000000   Number         0  entry7b.o ABSOLUTE
    ../clib/microlib/init/entry.s            0x00000000   Number         0  entry8b.o ABSOLUTE
    ../clib/microlib/init/entry.s            0x00000000   Number         0  entry9a.o ABSOLUTE
    ../clib/microlib/longlong.c              0x00000000   Number         0  llushr.o ABSOLUTE
    ../clib/microlib/longlong.c              0x00000000   Number         0  llsshr.o ABSOLUTE
    ../clib/microlib/longlong.c              0x00000000   Number         0  llshl.o ABSOLUTE
    ../clib/microlib/printf/printf.c         0x00000000   Number         0  printf1.o ABSOLUTE
    ../clib/microlib/printf/printf.c         0x00000000   Number         0  printf2.o ABSOLUTE
    ../clib/microlib/printf/printf.c         0x00000000   Number         0  printf3.o ABSOLUTE
    ../clib/microlib/printf/printf.c         0x00000000   Number         0  printf5.o ABSOLUTE
    ../clib/microlib/printf/printf.c         0x00000000   Number         0  printf6.o ABSOLUTE
    ../clib/microlib/printf/printf.c         0x00000000   Number         0  printf0.o ABSOLUTE
    ../clib/microlib/printf/printf.c         0x00000000   Number         0  printfb.o ABSOLUTE
    ../clib/microlib/printf/printf.c         0x00000000   Number         0  printf4.o ABSOLUTE
    ../clib/microlib/printf/printf.c         0x00000000   Number         0  printf8.o ABSOLUTE
    ../clib/microlib/printf/printf.c         0x00000000   Number         0  printfa.o ABSOLUTE
    ../clib/microlib/printf/printf.c         0x00000000   Number         0  printf7.o ABSOLUTE
    ../clib/microlib/printf/stubs.s          0x00000000   Number         0  stubs.o ABSOLUTE
    ../clib/microlib/stdio/fputc.c           0x00000000   Number         0  fputc.o ABSOLUTE
    ../clib/microlib/stdio/semi.s            0x00000000   Number         0  semi.o ABSOLUTE
    ../clib/microlib/stdio/streams.c         0x00000000   Number         0  stdout.o ABSOLUTE
    ../clib/microlib/string/memcpy.c         0x00000000   Number         0  memcpyb.o ABSOLUTE
    ../clib/microlib/string/memcpy.c         0x00000000   Number         0  memcpya.o ABSOLUTE
    ../clib/microlib/string/memset.c         0x00000000   Number         0  memseta.o ABSOLUTE
    ../clib/microlib/string/strcat.c         0x00000000   Number         0  strcat.o ABSOLUTE
    ../clib/microlib/string/strlen.c         0x00000000   Number         0  strlen.o ABSOLUTE
    ../clib/microlib/stubs.s                 0x00000000   Number         0  iusesemip.o ABSOLUTE
    ../clib/microlib/stubs.s                 0x00000000   Number         0  iusefp.o ABSOLUTE
    ../fplib/microlib/fpadd.c                0x00000000   Number         0  dadd.o ABSOLUTE
    ../fplib/microlib/fpdiv.c                0x00000000   Number         0  ddiv.o ABSOLUTE
    ../fplib/microlib/fpepilogue.c           0x00000000   Number         0  depilogue.o ABSOLUTE
    ../fplib/microlib/fpfix.c                0x00000000   Number         0  dfixul.o ABSOLUTE
    ../fplib/microlib/fpflt.c                0x00000000   Number         0  dflti.o ABSOLUTE
    ../fplib/microlib/fpmul.c                0x00000000   Number         0  dmul.o ABSOLUTE
    ..\..\..\Libraries\CMSIS\Device\ST\STM32L1xx\Source\Templates\arm\startup_stm32l1xx_mdp.s 0x00000000   Number         0  startup_stm32l1xx_mdp.o ABSOLUTE
    ..\..\..\Libraries\STM32L1xx_StdPeriph_Driver\src\misc.c 0x00000000   Number         0  misc.o ABSOLUTE
    ..\..\..\Libraries\STM32L1xx_StdPeriph_Driver\src\stm32l1xx_adc.c 0x00000000   Number         0  stm32l1xx_adc.o ABSOLUTE
    ..\..\..\Libraries\STM32L1xx_StdPeriph_Driver\src\stm32l1xx_comp.c 0x00000000   Number         0  stm32l1xx_comp.o ABSOLUTE
    ..\..\..\Libraries\STM32L1xx_StdPeriph_Driver\src\stm32l1xx_crc.c 0x00000000   Number         0  stm32l1xx_crc.o ABSOLUTE
    ..\..\..\Libraries\STM32L1xx_StdPeriph_Driver\src\stm32l1xx_dac.c 0x00000000   Number         0  stm32l1xx_dac.o ABSOLUTE
    ..\..\..\Libraries\STM32L1xx_StdPeriph_Driver\src\stm32l1xx_dbgmcu.c 0x00000000   Number         0  stm32l1xx_dbgmcu.o ABSOLUTE
    ..\..\..\Libraries\STM32L1xx_StdPeriph_Driver\src\stm32l1xx_dma.c 0x00000000   Number         0  stm32l1xx_dma.o ABSOLUTE
    ..\..\..\Libraries\STM32L1xx_StdPeriph_Driver\src\stm32l1xx_exti.c 0x00000000   Number         0  stm32l1xx_exti.o ABSOLUTE
    ..\..\..\Libraries\STM32L1xx_StdPeriph_Driver\src\stm32l1xx_flash.c 0x00000000   Number         0  stm32l1xx_flash.o ABSOLUTE
    ..\..\..\Libraries\STM32L1xx_StdPeriph_Driver\src\stm32l1xx_gpio.c 0x00000000   Number         0  stm32l1xx_gpio.o ABSOLUTE
    ..\..\..\Libraries\STM32L1xx_StdPeriph_Driver\src\stm32l1xx_i2c.c 0x00000000   Number         0  stm32l1xx_i2c.o ABSOLUTE
    ..\..\..\Libraries\STM32L1xx_StdPeriph_Driver\src\stm32l1xx_iwdg.c 0x00000000   Number         0  stm32l1xx_iwdg.o ABSOLUTE
    ..\..\..\Libraries\STM32L1xx_StdPeriph_Driver\src\stm32l1xx_lcd.c 0x00000000   Number         0  stm32l1xx_lcd.o ABSOLUTE
    ..\..\..\Libraries\STM32L1xx_StdPeriph_Driver\src\stm32l1xx_pwr.c 0x00000000   Number         0  stm32l1xx_pwr.o ABSOLUTE
    ..\..\..\Libraries\STM32L1xx_StdPeriph_Driver\src\stm32l1xx_rcc.c 0x00000000   Number         0  stm32l1xx_rcc.o ABSOLUTE
    ..\..\..\Libraries\STM32L1xx_StdPeriph_Driver\src\stm32l1xx_rtc.c 0x00000000   Number         0  stm32l1xx_rtc.o ABSOLUTE
    ..\..\..\Libraries\STM32L1xx_StdPeriph_Driver\src\stm32l1xx_spi.c 0x00000000   Number         0  stm32l1xx_spi.o ABSOLUTE
    ..\..\..\Libraries\STM32L1xx_StdPeriph_Driver\src\stm32l1xx_syscfg.c 0x00000000   Number         0  stm32l1xx_syscfg.o ABSOLUTE
    ..\..\..\Libraries\STM32L1xx_StdPeriph_Driver\src\stm32l1xx_tim.c 0x00000000   Number         0  stm32l1xx_tim.o ABSOLUTE
    ..\..\..\Libraries\STM32L1xx_StdPeriph_Driver\src\stm32l1xx_usart.c 0x00000000   Number         0  stm32l1xx_usart.o ABSOLUTE
    ..\..\..\Libraries\STM32L1xx_StdPeriph_Driver\src\stm32l1xx_wwdg.c 0x00000000   Number         0  stm32l1xx_wwdg.o ABSOLUTE
    ..\..\..\Utilities\STM32L-DISCOVERY\stm32l_discovery_lcd.c 0x00000000   Number         0  stm32l_discovery_lcd.o ABSOLUTE
    ..\\..\\..\\Libraries\\STM32L1xx_StdPeriph_Driver\\src\\misc.c 0x00000000   Number         0  misc.o ABSOLUTE
    ..\\..\\..\\Libraries\\STM32L1xx_StdPeriph_Driver\\src\\stm32l1xx_adc.c 0x00000000   Number         0  stm32l1xx_adc.o ABSOLUTE
    ..\\..\\..\\Libraries\\STM32L1xx_StdPeriph_Driver\\src\\stm32l1xx_comp.c 0x00000000   Number         0  stm32l1xx_comp.o ABSOLUTE
    ..\\..\\..\\Libraries\\STM32L1xx_StdPeriph_Driver\\src\\stm32l1xx_crc.c 0x00000000   Number         0  stm32l1xx_crc.o ABSOLUTE
    ..\\..\\..\\Libraries\\STM32L1xx_StdPeriph_Driver\\src\\stm32l1xx_dac.c 0x00000000   Number         0  stm32l1xx_dac.o ABSOLUTE
    ..\\..\\..\\Libraries\\STM32L1xx_StdPeriph_Driver\\src\\stm32l1xx_dbgmcu.c 0x00000000   Number         0  stm32l1xx_dbgmcu.o ABSOLUTE
    ..\\..\\..\\Libraries\\STM32L1xx_StdPeriph_Driver\\src\\stm32l1xx_dma.c 0x00000000   Number         0  stm32l1xx_dma.o ABSOLUTE
    ..\\..\\..\\Libraries\\STM32L1xx_StdPeriph_Driver\\src\\stm32l1xx_exti.c 0x00000000   Number         0  stm32l1xx_exti.o ABSOLUTE
    ..\\..\\..\\Libraries\\STM32L1xx_StdPeriph_Driver\\src\\stm32l1xx_flash.c 0x00000000   Number         0  stm32l1xx_flash.o ABSOLUTE
    ..\\..\\..\\Libraries\\STM32L1xx_StdPeriph_Driver\\src\\stm32l1xx_gpio.c 0x00000000   Number         0  stm32l1xx_gpio.o ABSOLUTE
    ..\\..\\..\\Libraries\\STM32L1xx_StdPeriph_Driver\\src\\stm32l1xx_i2c.c 0x00000000   Number         0  stm32l1xx_i2c.o ABSOLUTE
    ..\\..\\..\\Libraries\\STM32L1xx_StdPeriph_Driver\\src\\stm32l1xx_iwdg.c 0x00000000   Number         0  stm32l1xx_iwdg.o ABSOLUTE
    ..\\..\\..\\Libraries\\STM32L1xx_StdPeriph_Driver\\src\\stm32l1xx_lcd.c 0x00000000   Number         0  stm32l1xx_lcd.o ABSOLUTE
    ..\\..\\..\\Libraries\\STM32L1xx_StdPeriph_Driver\\src\\stm32l1xx_pwr.c 0x00000000   Number         0  stm32l1xx_pwr.o ABSOLUTE
    ..\\..\\..\\Libraries\\STM32L1xx_StdPeriph_Driver\\src\\stm32l1xx_rcc.c 0x00000000   Number         0  stm32l1xx_rcc.o ABSOLUTE
    ..\\..\\..\\Libraries\\STM32L1xx_StdPeriph_Driver\\src\\stm32l1xx_rtc.c 0x00000000   Number         0  stm32l1xx_rtc.o ABSOLUTE
    ..\\..\\..\\Libraries\\STM32L1xx_StdPeriph_Driver\\src\\stm32l1xx_spi.c 0x00000000   Number         0  stm32l1xx_spi.o ABSOLUTE
    ..\\..\\..\\Libraries\\STM32L1xx_StdPeriph_Driver\\src\\stm32l1xx_syscfg.c 0x00000000   Number         0  stm32l1xx_syscfg.o ABSOLUTE
    ..\\..\\..\\Libraries\\STM32L1xx_StdPeriph_Driver\\src\\stm32l1xx_tim.c 0x00000000   Number         0  stm32l1xx_tim.o ABSOLUTE
    ..\\..\\..\\Libraries\\STM32L1xx_StdPeriph_Driver\\src\\stm32l1xx_usart.c 0x00000000   Number         0  stm32l1xx_usart.o ABSOLUTE
    ..\\..\\..\\Libraries\\STM32L1xx_StdPeriph_Driver\\src\\stm32l1xx_wwdg.c 0x00000000   Number         0  stm32l1xx_wwdg.o ABSOLUTE
    ..\\..\\..\\Utilities\\STM32L-DISCOVERY\\stm32l_discovery_lcd.c 0x00000000   Number         0  stm32l_discovery_lcd.o ABSOLUTE
    ..\\src\\main.c                          0x00000000   Number         0  main.o ABSOLUTE
    ..\\src\\stm32l1xx_it.c                  0x00000000   Number         0  stm32l1xx_it.o ABSOLUTE
    ..\\src\\system_stm32l1xx.c              0x00000000   Number         0  system_stm32l1xx.o ABSOLUTE
    ..\src\main.c                            0x00000000   Number         0  main.o ABSOLUTE
    ..\src\stm32l1xx_it.c                    0x00000000   Number         0  stm32l1xx_it.o ABSOLUTE
    ..\src\system_stm32l1xx.c                0x00000000   Number         0  system_stm32l1xx.o ABSOLUTE
    ADC.c                                    0x00000000   Number         0  adc.o ABSOLUTE
    ADC.c                                    0x00000000   Number         0  adc.o ABSOLUTE
    cdrcmple.s                               0x00000000   Number         0  cdrcmple.o ABSOLUTE
    dc.s                                     0x00000000   Number         0  dc.o ABSOLUTE
    handlers.s                               0x00000000   Number         0  handlers.o ABSOLUTE
    init.s                                   0x00000000   Number         0  init.o ABSOLUTE
    RESET                                    0x08000000   Section      292  startup_stm32l1xx_mdp.o(RESET)
    .ARM.Collect$$$$00000000                 0x08000124   Section        0  entry.o(.ARM.Collect$$$$00000000)
    .ARM.Collect$$$$00000001                 0x08000124   Section        4  entry2.o(.ARM.Collect$$$$00000001)
    .ARM.Collect$$$$00000004                 0x08000128   Section        4  entry5.o(.ARM.Collect$$$$00000004)
    .ARM.Collect$$$$00000008                 0x0800012c   Section        0  entry7b.o(.ARM.Collect$$$$00000008)
    .ARM.Collect$$$$0000000A                 0x0800012c   Section        0  entry8b.o(.ARM.Collect$$$$0000000A)
    .ARM.Collect$$$$0000000B                 0x0800012c   Section        8  entry9a.o(.ARM.Collect$$$$0000000B)
    .ARM.Collect$$$$0000000D                 0x08000134   Section        0  entry10a.o(.ARM.Collect$$$$0000000D)
    .ARM.Collect$$$$0000000F                 0x08000134   Section        0  entry11a.o(.ARM.Collect$$$$0000000F)
    .ARM.Collect$$$$00002712                 0x08000134   Section        4  entry2.o(.ARM.Collect$$$$00002712)
    __lit__00000000                          0x08000134   Data           4  entry2.o(.ARM.Collect$$$$00002712)
    .text                                    0x08000138   Section       36  startup_stm32l1xx_mdp.o(.text)
    .text                                    0x0800015c   Section        0  memcpya.o(.text)
    .text                                    0x08000180   Section        0  memseta.o(.text)
    .text                                    0x080001a4   Section        0  strcat.o(.text)
    .text                                    0x080001bc   Section        0  strlen.o(.text)
    .text                                    0x080001ca   Section        0  dadd.o(.text)
    .text                                    0x08000318   Section        0  dmul.o(.text)
    .text                                    0x080003fc   Section        0  ddiv.o(.text)
    .text                                    0x080004da   Section        0  dflti.o(.text)
    .text                                    0x080004fc   Section        0  uidiv.o(.text)
    .text                                    0x08000528   Section        0  uldiv.o(.text)
    .text                                    0x0800058a   Section        0  llshl.o(.text)
    .text                                    0x080005a8   Section        0  llsshr.o(.text)
    .text                                    0x080005cc   Section        0  depilogue.o(.text)
    .text                                    0x080005cc   Section        0  iusefp.o(.text)
    .text                                    0x08000686   Section        0  dfixul.o(.text)
    .text                                    0x080006b8   Section       48  cdrcmple.o(.text)
    .text                                    0x080006e8   Section       36  init.o(.text)
    .text                                    0x0800070c   Section        0  llushr.o(.text)
    i.ADC_Cmd                                0x0800072c   Section        0  stm32l1xx_adc.o(i.ADC_Cmd)
    i.ADC_CommonInit                         0x08000744   Section        0  stm32l1xx_adc.o(i.ADC_CommonInit)
    i.ADC_CommonStructInit                   0x08000760   Section        0  stm32l1xx_adc.o(i.ADC_CommonStructInit)
    i.ADC_DMACmd                             0x08000766   Section        0  stm32l1xx_adc.o(i.ADC_DMACmd)
    i.ADC_DMARequestAfterLastTransferCmd     0x0800077c   Section        0  stm32l1xx_adc.o(i.ADC_DMARequestAfterLastTransferCmd)
    i.ADC_DeInit                             0x08000794   Section        0  stm32l1xx_adc.o(i.ADC_DeInit)
    i.ADC_GetFlagStatus                      0x080007b4   Section        0  stm32l1xx_adc.o(i.ADC_GetFlagStatus)
    i.ADC_Init                               0x080007c8   Section        0  stm32l1xx_adc.o(i.ADC_Init)
    i.ADC_PowerDownCmd                       0x0800081c   Section        0  stm32l1xx_adc.o(i.ADC_PowerDownCmd)
    i.ADC_RegularChannelConfig               0x0800082e   Section        0  stm32l1xx_adc.o(i.ADC_RegularChannelConfig)
    i.ADC_SoftwareStartConv                  0x08000986   Section        0  stm32l1xx_adc.o(i.ADC_SoftwareStartConv)
    i.ADC_initial                            0x08000990   Section        0  adc.o(i.ADC_initial)
    i.BusFault_Handler                       0x08000ac8   Section        0  stm32l1xx_it.o(i.BusFault_Handler)
    i.DMA1_Channel1_IRQHandler               0x08000acc   Section        0  stm32l1xx_it.o(i.DMA1_Channel1_IRQHandler)
    i.DMA_ClearITPendingBit                  0x08000aec   Section        0  stm32l1xx_dma.o(i.DMA_ClearITPendingBit)
    i.DMA_Cmd                                0x08000b08   Section        0  stm32l1xx_dma.o(i.DMA_Cmd)
    i.DMA_DeInit                             0x08000b20   Section        0  stm32l1xx_dma.o(i.DMA_DeInit)
    i.DMA_GetITStatus                        0x08000c6c   Section        0  stm32l1xx_dma.o(i.DMA_GetITStatus)
    i.DMA_ITConfig                           0x08000c98   Section        0  stm32l1xx_dma.o(i.DMA_ITConfig)
    i.DMA_Init                               0x08000caa   Section        0  stm32l1xx_dma.o(i.DMA_Init)
    i.DebugMon_Handler                       0x08000ce6   Section        0  stm32l1xx_it.o(i.DebugMon_Handler)
    i.EXTI0_IRQHandler                       0x08000ce8   Section        0  stm32l1xx_it.o(i.EXTI0_IRQHandler)
    i.EXTI_ClearITPendingBit                 0x08000cf8   Section        0  stm32l1xx_exti.o(i.EXTI_ClearITPendingBit)
    i.GPIO_Init                              0x08000d04   Section        0  stm32l1xx_gpio.o(i.GPIO_Init)
    i.GPIO_PinAFConfig                       0x08000d88   Section        0  stm32l1xx_gpio.o(i.GPIO_PinAFConfig)
    i.GPIO_StructInit                        0x08000dce   Section        0  stm32l1xx_gpio.o(i.GPIO_StructInit)
    i.GPIO_WriteBit                          0x08000de0   Section        0  stm32l1xx_gpio.o(i.GPIO_WriteBit)
    i.GetADC                                 0x08000dec   Section        0  adc.o(i.GetADC)
    i.HardFault_Handler                      0x08000df8   Section        0  stm32l1xx_it.o(i.HardFault_Handler)
    i.LCDPrint                               0x08000dfc   Section        0  main.o(i.LCDPrint)
    i.LCD_BlinkConfig                        0x08000e7c   Section        0  stm32l1xx_lcd.o(i.LCD_BlinkConfig)
    i.LCD_Cmd                                0x08000e9c   Section        0  stm32l1xx_lcd.o(i.LCD_Cmd)
    i.LCD_ContrastConfig                     0x08000ea8   Section        0  stm32l1xx_lcd.o(i.LCD_ContrastConfig)
    i.LCD_Conv_Char_Seg                      0x08000ec4   Section        0  stm32l_discovery_lcd.o(i.LCD_Conv_Char_Seg)
    LCD_Conv_Char_Seg                        0x08000ec5   Thumb Code   298  stm32l_discovery_lcd.o(i.LCD_Conv_Char_Seg)
    i.LCD_DeadTimeConfig                     0x08000ff8   Section        0  stm32l1xx_lcd.o(i.LCD_DeadTimeConfig)
    i.LCD_GLASS_Clear                        0x08001014   Section        0  stm32l_discovery_lcd.o(i.LCD_GLASS_Clear)
    i.LCD_GLASS_Configure_GPIO               0x08001044   Section        0  stm32l_discovery_lcd.o(i.LCD_GLASS_Configure_GPIO)
    i.LCD_GLASS_DisplayStrDeci               0x080011b8   Section        0  stm32l_discovery_lcd.o(i.LCD_GLASS_DisplayStrDeci)
    i.LCD_GLASS_Init                         0x08001224   Section        0  stm32l_discovery_lcd.o(i.LCD_GLASS_Init)
    i.LCD_GLASS_WriteChar                    0x08001294   Section        0  stm32l_discovery_lcd.o(i.LCD_GLASS_WriteChar)
    i.LCD_GetFlagStatus                      0x080017d8   Section        0  stm32l1xx_lcd.o(i.LCD_GetFlagStatus)
    i.LCD_Init                               0x080017f0   Section        0  stm32l1xx_lcd.o(i.LCD_Init)
    i.LCD_MuxSegmentCmd                      0x08001844   Section        0  stm32l1xx_lcd.o(i.LCD_MuxSegmentCmd)
    i.LCD_PulseOnDurationConfig              0x08001850   Section        0  stm32l1xx_lcd.o(i.LCD_PulseOnDurationConfig)
    i.LCD_UpdateDisplayRequest               0x0800186c   Section        0  stm32l1xx_lcd.o(i.LCD_UpdateDisplayRequest)
    i.LCD_WaitForSynchro                     0x08001878   Section        0  stm32l1xx_lcd.o(i.LCD_WaitForSynchro)
    i.LCD_bar                                0x08001898   Section        0  stm32l_discovery_lcd.o(i.LCD_bar)
    i.LED_Config                             0x080018d4   Section        0  main.o(i.LED_Config)
    i.MemManage_Handler                      0x08001924   Section        0  stm32l1xx_it.o(i.MemManage_Handler)
    i.NMI_Handler                            0x08001928   Section        0  stm32l1xx_it.o(i.NMI_Handler)
    i.NVIC_Configuration                     0x0800192a   Section        0  main.o(i.NVIC_Configuration)
    i.NVIC_Init                              0x08001970   Section        0  misc.o(i.NVIC_Init)
    i.NVIC_PriorityGroupConfig               0x080019e8   Section        0  misc.o(i.NVIC_PriorityGroupConfig)
    i.PWR_RTCAccessCmd                       0x080019fc   Section        0  stm32l1xx_pwr.o(i.PWR_RTCAccessCmd)
    i.PendSV_Handler                         0x08001a08   Section        0  stm32l1xx_it.o(i.PendSV_Handler)
    i.RCC_AHBPeriphClockCmd                  0x08001a0c   Section        0  stm32l1xx_rcc.o(i.RCC_AHBPeriphClockCmd)
    i.RCC_APB1PeriphClockCmd                 0x08001a2c   Section        0  stm32l1xx_rcc.o(i.RCC_APB1PeriphClockCmd)
    i.RCC_APB2PeriphClockCmd                 0x08001a4c   Section        0  stm32l1xx_rcc.o(i.RCC_APB2PeriphClockCmd)
    i.RCC_APB2PeriphResetCmd                 0x08001a6c   Section        0  stm32l1xx_rcc.o(i.RCC_APB2PeriphResetCmd)
    i.RCC_Config                             0x08001a8c   Section        0  main.o(i.RCC_Config)
    i.RCC_Configuration                      0x08001ac4   Section        0  main.o(i.RCC_Configuration)
    i.RCC_GetClocksFreq                      0x08001b34   Section        0  stm32l1xx_rcc.o(i.RCC_GetClocksFreq)
    i.RCC_GetFlagStatus                      0x08001c34   Section        0  stm32l1xx_rcc.o(i.RCC_GetFlagStatus)
    i.RCC_HSEConfig                          0x08001c68   Section        0  stm32l1xx_rcc.o(i.RCC_HSEConfig)
    i.RCC_HSICmd                             0x08001c78   Section        0  stm32l1xx_rcc.o(i.RCC_HSICmd)
    i.RCC_LSEConfig                          0x08001c84   Section        0  stm32l1xx_rcc.o(i.RCC_LSEConfig)
    i.RCC_MSIRangeConfig                     0x08001c94   Section        0  stm32l1xx_rcc.o(i.RCC_MSIRangeConfig)
    i.RCC_RTCCLKConfig                       0x08001cac   Section        0  stm32l1xx_rcc.o(i.RCC_RTCCLKConfig)
    i.RCC_RTCResetCmd                        0x08001cf0   Section        0  stm32l1xx_rcc.o(i.RCC_RTCResetCmd)
    i.RCC_SYSCLKConfig                       0x08001cfc   Section        0  stm32l1xx_rcc.o(i.RCC_SYSCLKConfig)
    i.RTC_ClearITPendingBit                  0x08001d14   Section        0  stm32l1xx_rtc.o(i.RTC_ClearITPendingBit)
    i.RTC_GetITStatus                        0x08001d34   Section        0  stm32l1xx_rtc.o(i.RTC_GetITStatus)
    i.RTC_WKUP_IRQHandler                    0x08001d78   Section        0  stm32l1xx_it.o(i.RTC_WKUP_IRQHandler)
    i.SVC_Handler                            0x08001d96   Section        0  stm32l1xx_it.o(i.SVC_Handler)
    i.SetSysClock                            0x08001d98   Section        0  system_stm32l1xx.o(i.SetSysClock)
    SetSysClock                              0x08001d99   Thumb Code   200  system_stm32l1xx.o(i.SetSysClock)
    i.SysTick_Handler                        0x08001e6c   Section        0  stm32l1xx_it.o(i.SysTick_Handler)
    i.SystemInit                             0x08001e74   Section        0  system_stm32l1xx.o(i.SystemInit)
    i.TIM7_Configuration                     0x08001edc   Section        0  main.o(i.TIM7_Configuration)
    i.TIM7_IRQHandler                        0x08001f1c   Section        0  main.o(i.TIM7_IRQHandler)
    i.TIM_ClearITPendingBit                  0x08001ff8   Section        0  stm32l1xx_tim.o(i.TIM_ClearITPendingBit)
    i.TIM_Cmd                                0x08001ffe   Section        0  stm32l1xx_tim.o(i.TIM_Cmd)
    i.TIM_GetITStatus                        0x08002016   Section        0  stm32l1xx_tim.o(i.TIM_GetITStatus)
    i.TIM_ITConfig                           0x08002038   Section        0  stm32l1xx_tim.o(i.TIM_ITConfig)
    i.TIM_TimeBaseInit                       0x0800204c   Section        0  stm32l1xx_tim.o(i.TIM_TimeBaseInit)
    i.TIM_UpdateRequestConfig                0x080020ac   Section        0  stm32l1xx_tim.o(i.TIM_UpdateRequestConfig)
    i.TimingDelay_Decrement                  0x080020c4   Section        0  main.o(i.TimingDelay_Decrement)
    i.UART1_Cmd                              0x080020dc   Section        0  main.o(i.UART1_Cmd)
    i.UART1_Config                           0x080020f0   Section        0  main.o(i.UART1_Config)
    i.UART1_Init                             0x0800211c   Section        0  main.o(i.UART1_Init)
    i.UART1_Write                            0x08002168   Section        0  main.o(i.UART1_Write)
    i.USART_ClearFlag                        0x080021a4   Section        0  stm32l1xx_usart.o(i.USART_ClearFlag)
    i.USART_Cmd                              0x080021b6   Section        0  stm32l1xx_usart.o(i.USART_Cmd)
    i.USART_GetFlagStatus                    0x080021ce   Section        0  stm32l1xx_usart.o(i.USART_GetFlagStatus)
    i.USART_Init                             0x080021e8   Section        0  stm32l1xx_usart.o(i.USART_Init)
    i.USART_ReceiveData                      0x080022b4   Section        0  stm32l1xx_usart.o(i.USART_ReceiveData)
    i.USART_SendData                         0x080022be   Section        0  stm32l1xx_usart.o(i.USART_SendData)
    i.UsageFault_Handler                     0x080022c6   Section        0  stm32l1xx_it.o(i.UsageFault_Handler)
    i.__0sprintf$3                           0x080022cc   Section        0  printf3.o(i.__0sprintf$3)
    i.__0vsprintf                            0x080022f4   Section        0  printfa.o(i.__0vsprintf)
    i.__scatterload_copy                     0x08002318   Section       14  handlers.o(i.__scatterload_copy)
    i.__scatterload_null                     0x08002326   Section        2  handlers.o(i.__scatterload_null)
    i.__scatterload_zeroinit                 0x08002328   Section       14  handlers.o(i.__scatterload_zeroinit)
    i._fp_digits                             0x08002338   Section        0  printfa.o(i._fp_digits)
    _fp_digits                               0x08002339   Thumb Code   334  printfa.o(i._fp_digits)
    i._printf_core                           0x0800249c   Section        0  printf3.o(i._printf_core)
    _printf_core                             0x0800249d   Thumb Code   436  printf3.o(i._printf_core)
    i._printf_core                           0x08002654   Section        0  printfa.o(i._printf_core)
    _printf_core                             0x08002655   Thumb Code  1744  printfa.o(i._printf_core)
    i._printf_post_padding                   0x08002d30   Section        0  printfa.o(i._printf_post_padding)
    _printf_post_padding                     0x08002d31   Thumb Code    36  printfa.o(i._printf_post_padding)
    i._printf_pre_padding                    0x08002d54   Section        0  printfa.o(i._printf_pre_padding)
    _printf_pre_padding                      0x08002d55   Thumb Code    46  printfa.o(i._printf_pre_padding)
    i._sputc                                 0x08002d82   Section        0  printf3.o(i._sputc)
    _sputc                                   0x08002d83   Thumb Code    10  printf3.o(i._sputc)
    i._sputc                                 0x08002d8c   Section        0  printfa.o(i._sputc)
    _sputc                                   0x08002d8d   Thumb Code    10  printfa.o(i._sputc)
    i.main                                   0x08002d98   Section        0  main.o(i.main)
    i.setUserButtonFlag                      0x08002f3c   Section        0  main.o(i.setUserButtonFlag)
    i.strupr                                 0x08002f48   Section        0  main.o(i.strupr)
    .constdata                               0x08002f66   Section       72  stm32l_discovery_lcd.o(.constdata)
    .conststring                             0x08002fb0   Section       15  main.o(.conststring)
    .data                                    0x20000000   Section       25  stm32l1xx_rcc.o(.data)
    PLLMulTable                              0x20000000   Data           9  stm32l1xx_rcc.o(.data)
    APBAHBPrescTable                         0x20000009   Data          16  stm32l1xx_rcc.o(.data)
    .data                                    0x20000019   Section        3  stm32l_discovery_lcd.o(.data)
    .data                                    0x2000001c   Section      112  main.o(.data)
    TimingDelay                              0x2000004c   Data           4  main.o(.data)
    .bss                                     0x2000008c   Section      396  main.o(.bss)
    .bss                                     0x20000218   Section       20  adc.o(.bss)
    STACK                                    0x20000230   Section     1024  startup_stm32l1xx_mdp.o(STACK)

    Global Symbols

    Symbol Name                              Value     Ov Type        Size  Object(Section)

    BuildAttributes$$THM_ISAv4$P$D$K$B$S$PE$A:L22UL41UL21$X:L11$S22US41US21$IEEE1$IW$USESV6$~STKCKD$USESV7$~SHL$OSPACE$ROPI$EBA8$MICROLIB$REQ8$PRES8$EABIv2 0x00000000   Number         0  anon$$obj.o ABSOLUTE
    __ARM_use_no_argv                        0x00000000   Number         0  main.o ABSOLUTE
    _printf_a                                0x00000000   Number         0  stubs.o ABSOLUTE
    _printf_c                                0x00000000   Number         0  stubs.o ABSOLUTE
    _printf_charcount                        0x00000000   Number         0  stubs.o ABSOLUTE
    _printf_d                                0x00000000   Number         0  stubs.o ABSOLUTE
    _printf_e                                0x00000000   Number         0  stubs.o ABSOLUTE
    _printf_f                                0x00000000   Number         0  stubs.o ABSOLUTE
    _printf_flags                            0x00000000   Number         0  stubs.o ABSOLUTE
    _printf_fp_dec                           0x00000000   Number         0  stubs.o ABSOLUTE
    _printf_fp_hex                           0x00000000   Number         0  stubs.o ABSOLUTE
    _printf_g                                0x00000000   Number         0  stubs.o ABSOLUTE
    _printf_i                                0x00000000   Number         0  stubs.o ABSOLUTE
    _printf_int_dec                          0x00000000   Number         0  stubs.o ABSOLUTE
    _printf_l                                0x00000000   Number         0  stubs.o ABSOLUTE
    _printf_lc                               0x00000000   Number         0  stubs.o ABSOLUTE
    _printf_ll                               0x00000000   Number         0  stubs.o ABSOLUTE
    _printf_lld                              0x00000000   Number         0  stubs.o ABSOLUTE
    _printf_lli                              0x00000000   Number         0  stubs.o ABSOLUTE
    _printf_llo                              0x00000000   Number         0  stubs.o ABSOLUTE
    _printf_llu                              0x00000000   Number         0  stubs.o ABSOLUTE
    _printf_llx                              0x00000000   Number         0  stubs.o ABSOLUTE
    _printf_longlong_dec                     0x00000000   Number         0  stubs.o ABSOLUTE
    _printf_longlong_hex                     0x00000000   Number         0  stubs.o ABSOLUTE
    _printf_longlong_oct                     0x00000000   Number         0  stubs.o ABSOLUTE
    _printf_ls                               0x00000000   Number         0  stubs.o ABSOLUTE
    _printf_mbtowc                           0x00000000   Number         0  stubs.o ABSOLUTE
    _printf_n                                0x00000000   Number         0  stubs.o ABSOLUTE
    _printf_o                                0x00000000   Number         0  stubs.o ABSOLUTE
    _printf_p                                0x00000000   Number         0  stubs.o ABSOLUTE
    _printf_percent                          0x00000000   Number         0  stubs.o ABSOLUTE
    _printf_pre_padding                      0x00000000   Number         0  stubs.o ABSOLUTE
    _printf_return_value                     0x00000000   Number         0  stubs.o ABSOLUTE
    _printf_s                                0x00000000   Number         0  stubs.o ABSOLUTE
    _printf_sizespec                         0x00000000   Number         0  stubs.o ABSOLUTE
    _printf_str                              0x00000000   Number         0  stubs.o ABSOLUTE
    _printf_truncate_signed                  0x00000000   Number         0  stubs.o ABSOLUTE
    _printf_truncate_unsigned                0x00000000   Number         0  stubs.o ABSOLUTE
    _printf_u                                0x00000000   Number         0  stubs.o ABSOLUTE
    _printf_wc                               0x00000000   Number         0  stubs.o ABSOLUTE
    _printf_wctomb                           0x00000000   Number         0  stubs.o ABSOLUTE
    _printf_widthprec                        0x00000000   Number         0  stubs.o ABSOLUTE
    _printf_x                                0x00000000   Number         0  stubs.o ABSOLUTE
    __cpp_initialize__aeabi_                  - Undefined Weak Reference
    __cxa_finalize                            - Undefined Weak Reference
    __decompress                              - Undefined Weak Reference
    _clock_init                               - Undefined Weak Reference
    _microlib_exit                            - Undefined Weak Reference
    __Vectors_Size                           0x00000124   Number         0  startup_stm32l1xx_mdp.o ABSOLUTE
    __Vectors                                0x08000000   Data           4  startup_stm32l1xx_mdp.o(RESET)
    __Vectors_End                            0x08000124   Data           0  startup_stm32l1xx_mdp.o(RESET)
    __main                                   0x08000125   Thumb Code     0  entry.o(.ARM.Collect$$$$00000000)
    _main_stk                                0x08000125   Thumb Code     0  entry2.o(.ARM.Collect$$$$00000001)
    _main_scatterload                        0x08000129   Thumb Code     0  entry5.o(.ARM.Collect$$$$00000004)
    __main_after_scatterload                 0x0800012d   Thumb Code     0  entry5.o(.ARM.Collect$$$$00000004)
    _main_clock                              0x0800012d   Thumb Code     0  entry7b.o(.ARM.Collect$$$$00000008)
    _main_cpp_init                           0x0800012d   Thumb Code     0  entry8b.o(.ARM.Collect$$$$0000000A)
    _main_init                               0x0800012d   Thumb Code     0  entry9a.o(.ARM.Collect$$$$0000000B)
    __rt_final_cpp                           0x08000135   Thumb Code     0  entry10a.o(.ARM.Collect$$$$0000000D)
    __rt_final_exit                          0x08000135   Thumb Code     0  entry11a.o(.ARM.Collect$$$$0000000F)
    Reset_Handler                            0x08000139   Thumb Code     8  startup_stm32l1xx_mdp.o(.text)
    ADC1_IRQHandler                          0x08000153   Thumb Code     0  startup_stm32l1xx_mdp.o(.text)
    AES_IRQHandler                           0x08000153   Thumb Code     0  startup_stm32l1xx_mdp.o(.text)
    COMP_ACQ_IRQHandler                      0x08000153   Thumb Code     0  startup_stm32l1xx_mdp.o(.text)
    COMP_IRQHandler                          0x08000153   Thumb Code     0  startup_stm32l1xx_mdp.o(.text)
    DAC_IRQHandler                           0x08000153   Thumb Code     0  startup_stm32l1xx_mdp.o(.text)
    DMA1_Channel2_IRQHandler                 0x08000153   Thumb Code     0  startup_stm32l1xx_mdp.o(.text)
    DMA1_Channel3_IRQHandler                 0x08000153   Thumb Code     0  startup_stm32l1xx_mdp.o(.text)
    DMA1_Channel4_IRQHandler                 0x08000153   Thumb Code     0  startup_stm32l1xx_mdp.o(.text)
    DMA1_Channel5_IRQHandler                 0x08000153   Thumb Code     0  startup_stm32l1xx_mdp.o(.text)
    DMA1_Channel6_IRQHandler                 0x08000153   Thumb Code     0  startup_stm32l1xx_mdp.o(.text)
    DMA1_Channel7_IRQHandler                 0x08000153   Thumb Code     0  startup_stm32l1xx_mdp.o(.text)
    DMA2_Channel1_IRQHandler                 0x08000153   Thumb Code     0  startup_stm32l1xx_mdp.o(.text)
    DMA2_Channel2_IRQHandler                 0x08000153   Thumb Code     0  startup_stm32l1xx_mdp.o(.text)
    DMA2_Channel3_IRQHandler                 0x08000153   Thumb Code     0  startup_stm32l1xx_mdp.o(.text)
    DMA2_Channel4_IRQHandler                 0x08000153   Thumb Code     0  startup_stm32l1xx_mdp.o(.text)
    DMA2_Channel5_IRQHandler                 0x08000153   Thumb Code     0  startup_stm32l1xx_mdp.o(.text)
    EXTI15_10_IRQHandler                     0x08000153   Thumb Code     0  startup_stm32l1xx_mdp.o(.text)
    EXTI1_IRQHandler                         0x08000153   Thumb Code     0  startup_stm32l1xx_mdp.o(.text)
    EXTI2_IRQHandler                         0x08000153   Thumb Code     0  startup_stm32l1xx_mdp.o(.text)
    EXTI3_IRQHandler                         0x08000153   Thumb Code     0  startup_stm32l1xx_mdp.o(.text)
    EXTI4_IRQHandler                         0x08000153   Thumb Code     0  startup_stm32l1xx_mdp.o(.text)
    EXTI9_5_IRQHandler                       0x08000153   Thumb Code     0  startup_stm32l1xx_mdp.o(.text)
    FLASH_IRQHandler                         0x08000153   Thumb Code     0  startup_stm32l1xx_mdp.o(.text)
    I2C1_ER_IRQHandler                       0x08000153   Thumb Code     0  startup_stm32l1xx_mdp.o(.text)
    I2C1_EV_IRQHandler                       0x08000153   Thumb Code     0  startup_stm32l1xx_mdp.o(.text)
    I2C2_ER_IRQHandler                       0x08000153   Thumb Code     0  startup_stm32l1xx_mdp.o(.text)
    I2C2_EV_IRQHandler                       0x08000153   Thumb Code     0  startup_stm32l1xx_mdp.o(.text)
    LCD_IRQHandler                           0x08000153   Thumb Code     0  startup_stm32l1xx_mdp.o(.text)
    PVD_IRQHandler                           0x08000153   Thumb Code     0  startup_stm32l1xx_mdp.o(.text)
    RCC_IRQHandler                           0x08000153   Thumb Code     0  startup_stm32l1xx_mdp.o(.text)
    RTC_Alarm_IRQHandler                     0x08000153   Thumb Code     0  startup_stm32l1xx_mdp.o(.text)
    SPI1_IRQHandler                          0x08000153   Thumb Code     0  startup_stm32l1xx_mdp.o(.text)
    SPI2_IRQHandler                          0x08000153   Thumb Code     0  startup_stm32l1xx_mdp.o(.text)
    SPI3_IRQHandler                          0x08000153   Thumb Code     0  startup_stm32l1xx_mdp.o(.text)
    TAMPER_STAMP_IRQHandler                  0x08000153   Thumb Code     0  startup_stm32l1xx_mdp.o(.text)
    TIM10_IRQHandler                         0x08000153   Thumb Code     0  startup_stm32l1xx_mdp.o(.text)
    TIM11_IRQHandler                         0x08000153   Thumb Code     0  startup_stm32l1xx_mdp.o(.text)
    TIM2_IRQHandler                          0x08000153   Thumb Code     0  startup_stm32l1xx_mdp.o(.text)
    TIM3_IRQHandler                          0x08000153   Thumb Code     0  startup_stm32l1xx_mdp.o(.text)
    TIM4_IRQHandler                          0x08000153   Thumb Code     0  startup_stm32l1xx_mdp.o(.text)
    TIM5_IRQHandler                          0x08000153   Thumb Code     0  startup_stm32l1xx_mdp.o(.text)
    TIM6_IRQHandler                          0x08000153   Thumb Code     0  startup_stm32l1xx_mdp.o(.text)
    TIM9_IRQHandler                          0x08000153   Thumb Code     0  startup_stm32l1xx_mdp.o(.text)
    USART1_IRQHandler                        0x08000153   Thumb Code     0  startup_stm32l1xx_mdp.o(.text)
    USART2_IRQHandler                        0x08000153   Thumb Code     0  startup_stm32l1xx_mdp.o(.text)
    USART3_IRQHandler                        0x08000153   Thumb Code     0  startup_stm32l1xx_mdp.o(.text)
    USB_FS_WKUP_IRQHandler                   0x08000153   Thumb Code     0  startup_stm32l1xx_mdp.o(.text)
    USB_HP_IRQHandler                        0x08000153   Thumb Code     0  startup_stm32l1xx_mdp.o(.text)
    USB_LP_IRQHandler                        0x08000153   Thumb Code     0  startup_stm32l1xx_mdp.o(.text)
    WWDG_IRQHandler                          0x08000153   Thumb Code     0  startup_stm32l1xx_mdp.o(.text)
    __aeabi_memcpy                           0x0800015d   Thumb Code    36  memcpya.o(.text)
    __aeabi_memcpy4                          0x0800015d   Thumb Code     0  memcpya.o(.text)
    __aeabi_memcpy8                          0x0800015d   Thumb Code     0  memcpya.o(.text)
    __aeabi_memset                           0x08000181   Thumb Code    14  memseta.o(.text)
    __aeabi_memset4                          0x08000181   Thumb Code     0  memseta.o(.text)
    __aeabi_memset8                          0x08000181   Thumb Code     0  memseta.o(.text)
    __aeabi_memclr                           0x0800018f   Thumb Code     4  memseta.o(.text)
    __aeabi_memclr4                          0x0800018f   Thumb Code     0  memseta.o(.text)
    __aeabi_memclr8                          0x0800018f   Thumb Code     0  memseta.o(.text)
    _memset$wrapper                          0x08000193   Thumb Code    18  memseta.o(.text)
    strcat                                   0x080001a5   Thumb Code    24  strcat.o(.text)
    strlen                                   0x080001bd   Thumb Code    14  strlen.o(.text)
    __aeabi_dadd                             0x080001cb   Thumb Code   322  dadd.o(.text)
    __aeabi_dsub                             0x0800030d   Thumb Code     6  dadd.o(.text)
    __aeabi_drsub                            0x08000313   Thumb Code     6  dadd.o(.text)
    __aeabi_dmul                             0x08000319   Thumb Code   228  dmul.o(.text)
    __aeabi_ddiv                             0x080003fd   Thumb Code   222  ddiv.o(.text)
    __aeabi_i2d                              0x080004db   Thumb Code    34  dflti.o(.text)
    __aeabi_uidiv                            0x080004fd   Thumb Code     0  uidiv.o(.text)
    __aeabi_uidivmod                         0x080004fd   Thumb Code    44  uidiv.o(.text)
    __aeabi_uldivmod                         0x08000529   Thumb Code    98  uldiv.o(.text)
    __aeabi_llsl                             0x0800058b   Thumb Code    30  llshl.o(.text)
    _ll_shift_l                              0x0800058b   Thumb Code     0  llshl.o(.text)
    __aeabi_lasr                             0x080005a9   Thumb Code    36  llsshr.o(.text)
    _ll_sshift_r                             0x080005a9   Thumb Code     0  llsshr.o(.text)
    __I$use$fp                               0x080005cd   Thumb Code     0  iusefp.o(.text)
    _double_round                            0x080005cd   Thumb Code    30  depilogue.o(.text)
    _double_epilogue                         0x080005eb   Thumb Code   156  depilogue.o(.text)
    __aeabi_d2ulz                            0x08000687   Thumb Code    48  dfixul.o(.text)
    __aeabi_cdrcmple                         0x080006b9   Thumb Code    48  cdrcmple.o(.text)
    __scatterload                            0x080006e9   Thumb Code    28  init.o(.text)
    __scatterload_rt2                        0x080006e9   Thumb Code     0  init.o(.text)
    __aeabi_llsr                             0x0800070d   Thumb Code    32  llushr.o(.text)
    _ll_ushift_r                             0x0800070d   Thumb Code     0  llushr.o(.text)
    ADC_Cmd                                  0x0800072d   Thumb Code    22  stm32l1xx_adc.o(i.ADC_Cmd)
    ADC_CommonInit                           0x08000745   Thumb Code    22  stm32l1xx_adc.o(i.ADC_CommonInit)
    ADC_CommonStructInit                     0x08000761   Thumb Code     6  stm32l1xx_adc.o(i.ADC_CommonStructInit)
    ADC_DMACmd                               0x08000767   Thumb Code    22  stm32l1xx_adc.o(i.ADC_DMACmd)
    ADC_DMARequestAfterLastTransferCmd       0x0800077d   Thumb Code    22  stm32l1xx_adc.o(i.ADC_DMARequestAfterLastTransferCmd)
    ADC_DeInit                               0x08000795   Thumb Code    28  stm32l1xx_adc.o(i.ADC_DeInit)
    ADC_GetFlagStatus                        0x080007b5   Thumb Code    18  stm32l1xx_adc.o(i.ADC_GetFlagStatus)
    ADC_Init                                 0x080007c9   Thumb Code    74  stm32l1xx_adc.o(i.ADC_Init)
    ADC_PowerDownCmd                         0x0800081d   Thumb Code    18  stm32l1xx_adc.o(i.ADC_PowerDownCmd)
    ADC_RegularChannelConfig                 0x0800082f   Thumb Code   344  stm32l1xx_adc.o(i.ADC_RegularChannelConfig)
    ADC_SoftwareStartConv                    0x08000987   Thumb Code    10  stm32l1xx_adc.o(i.ADC_SoftwareStartConv)
    ADC_initial                              0x08000991   Thumb Code   296  adc.o(i.ADC_initial)
    BusFault_Handler                         0x08000ac9   Thumb Code     4  stm32l1xx_it.o(i.BusFault_Handler)
    DMA1_Channel1_IRQHandler                 0x08000acd   Thumb Code    32  stm32l1xx_it.o(i.DMA1_Channel1_IRQHandler)
    DMA_ClearITPendingBit                    0x08000aed   Thumb Code    18  stm32l1xx_dma.o(i.DMA_ClearITPendingBit)
    DMA_Cmd                                  0x08000b09   Thumb Code    24  stm32l1xx_dma.o(i.DMA_Cmd)
    DMA_DeInit                               0x08000b21   Thumb Code   324  stm32l1xx_dma.o(i.DMA_DeInit)
    DMA_GetITStatus                          0x08000c6d   Thumb Code    36  stm32l1xx_dma.o(i.DMA_GetITStatus)
    DMA_ITConfig                             0x08000c99   Thumb Code    18  stm32l1xx_dma.o(i.DMA_ITConfig)
    DMA_Init                                 0x08000cab   Thumb Code    60  stm32l1xx_dma.o(i.DMA_Init)
    DebugMon_Handler                         0x08000ce7   Thumb Code     2  stm32l1xx_it.o(i.DebugMon_Handler)
    EXTI0_IRQHandler                         0x08000ce9   Thumb Code    14  stm32l1xx_it.o(i.EXTI0_IRQHandler)
    EXTI_ClearITPendingBit                   0x08000cf9   Thumb Code     6  stm32l1xx_exti.o(i.EXTI_ClearITPendingBit)
    GPIO_Init                                0x08000d05   Thumb Code   132  stm32l1xx_gpio.o(i.GPIO_Init)
    GPIO_PinAFConfig                         0x08000d89   Thumb Code    70  stm32l1xx_gpio.o(i.GPIO_PinAFConfig)
    GPIO_StructInit                          0x08000dcf   Thumb Code    18  stm32l1xx_gpio.o(i.GPIO_StructInit)
    GPIO_WriteBit                            0x08000de1   Thumb Code    10  stm32l1xx_gpio.o(i.GPIO_WriteBit)
    GetADC                                   0x08000ded   Thumb Code     6  adc.o(i.GetADC)
    HardFault_Handler                        0x08000df9   Thumb Code     4  stm32l1xx_it.o(i.HardFault_Handler)
    LCDPrint                                 0x08000dfd   Thumb Code   116  main.o(i.LCDPrint)
    LCD_BlinkConfig                          0x08000e7d   Thumb Code    28  stm32l1xx_lcd.o(i.LCD_BlinkConfig)
    LCD_Cmd                                  0x08000e9d   Thumb Code     6  stm32l1xx_lcd.o(i.LCD_Cmd)
    LCD_ContrastConfig                       0x08000ea9   Thumb Code    22  stm32l1xx_lcd.o(i.LCD_ContrastConfig)
    LCD_DeadTimeConfig                       0x08000ff9   Thumb Code    22  stm32l1xx_lcd.o(i.LCD_DeadTimeConfig)
    LCD_GLASS_Clear                          0x08001015   Thumb Code    42  stm32l_discovery_lcd.o(i.LCD_GLASS_Clear)
    LCD_GLASS_Configure_GPIO                 0x08001045   Thumb Code   358  stm32l_discovery_lcd.o(i.LCD_GLASS_Configure_GPIO)
    LCD_GLASS_DisplayStrDeci                 0x080011b9   Thumb Code   108  stm32l_discovery_lcd.o(i.LCD_GLASS_DisplayStrDeci)
    LCD_GLASS_Init                           0x08001225   Thumb Code   110  stm32l_discovery_lcd.o(i.LCD_GLASS_Init)
    LCD_GLASS_WriteChar                      0x08001295   Thumb Code  1344  stm32l_discovery_lcd.o(i.LCD_GLASS_WriteChar)
    LCD_GetFlagStatus                        0x080017d9   Thumb Code    20  stm32l1xx_lcd.o(i.LCD_GetFlagStatus)
    LCD_Init                                 0x080017f1   Thumb Code    78  stm32l1xx_lcd.o(i.LCD_Init)
    LCD_MuxSegmentCmd                        0x08001845   Thumb Code     6  stm32l1xx_lcd.o(i.LCD_MuxSegmentCmd)
    LCD_PulseOnDurationConfig                0x08001851   Thumb Code    22  stm32l1xx_lcd.o(i.LCD_PulseOnDurationConfig)
    LCD_UpdateDisplayRequest                 0x0800186d   Thumb Code     8  stm32l1xx_lcd.o(i.LCD_UpdateDisplayRequest)
    LCD_WaitForSynchro                       0x08001879   Thumb Code    28  stm32l1xx_lcd.o(i.LCD_WaitForSynchro)
    LCD_bar                                  0x08001899   Thumb Code    52  stm32l_discovery_lcd.o(i.LCD_bar)
    LED_Config                               0x080018d5   Thumb Code    70  main.o(i.LED_Config)
    MemManage_Handler                        0x08001925   Thumb Code     4  stm32l1xx_it.o(i.MemManage_Handler)
    NMI_Handler                              0x08001929   Thumb Code     2  stm32l1xx_it.o(i.NMI_Handler)
    NVIC_Configuration                       0x0800192b   Thumb Code    68  main.o(i.NVIC_Configuration)
    NVIC_Init                                0x08001971   Thumb Code   106  misc.o(i.NVIC_Init)
    NVIC_PriorityGroupConfig                 0x080019e9   Thumb Code    10  misc.o(i.NVIC_PriorityGroupConfig)
    PWR_RTCAccessCmd                         0x080019fd   Thumb Code     6  stm32l1xx_pwr.o(i.PWR_RTCAccessCmd)
    PendSV_Handler                           0x08001a09   Thumb Code     2  stm32l1xx_it.o(i.PendSV_Handler)
    RCC_AHBPeriphClockCmd                    0x08001a0d   Thumb Code    26  stm32l1xx_rcc.o(i.RCC_AHBPeriphClockCmd)
    RCC_APB1PeriphClockCmd                   0x08001a2d   Thumb Code    26  stm32l1xx_rcc.o(i.RCC_APB1PeriphClockCmd)
    RCC_APB2PeriphClockCmd                   0x08001a4d   Thumb Code    26  stm32l1xx_rcc.o(i.RCC_APB2PeriphClockCmd)
    RCC_APB2PeriphResetCmd                   0x08001a6d   Thumb Code    26  stm32l1xx_rcc.o(i.RCC_APB2PeriphResetCmd)
    RCC_Config                               0x08001a8d   Thumb Code    56  main.o(i.RCC_Config)
    RCC_Configuration                        0x08001ac5   Thumb Code   108  main.o(i.RCC_Configuration)
    RCC_GetClocksFreq                        0x08001b35   Thumb Code   234  stm32l1xx_rcc.o(i.RCC_GetClocksFreq)
    RCC_GetFlagStatus                        0x08001c35   Thumb Code    48  stm32l1xx_rcc.o(i.RCC_GetFlagStatus)
    RCC_HSEConfig                            0x08001c69   Thumb Code    12  stm32l1xx_rcc.o(i.RCC_HSEConfig)
    RCC_HSICmd                               0x08001c79   Thumb Code     6  stm32l1xx_rcc.o(i.RCC_HSICmd)
    RCC_LSEConfig                            0x08001c85   Thumb Code    12  stm32l1xx_rcc.o(i.RCC_LSEConfig)
    RCC_MSIRangeConfig                       0x08001c95   Thumb Code    18  stm32l1xx_rcc.o(i.RCC_MSIRangeConfig)
    RCC_RTCCLKConfig                         0x08001cad   Thumb Code    64  stm32l1xx_rcc.o(i.RCC_RTCCLKConfig)
    RCC_RTCResetCmd                          0x08001cf1   Thumb Code     6  stm32l1xx_rcc.o(i.RCC_RTCResetCmd)
    RCC_SYSCLKConfig                         0x08001cfd   Thumb Code    18  stm32l1xx_rcc.o(i.RCC_SYSCLKConfig)
    RTC_ClearITPendingBit                    0x08001d15   Thumb Code    28  stm32l1xx_rtc.o(i.RTC_ClearITPendingBit)
    RTC_GetITStatus                          0x08001d35   Thumb Code    64  stm32l1xx_rtc.o(i.RTC_GetITStatus)
    RTC_WKUP_IRQHandler                      0x08001d79   Thumb Code    30  stm32l1xx_it.o(i.RTC_WKUP_IRQHandler)
    SVC_Handler                              0x08001d97   Thumb Code     2  stm32l1xx_it.o(i.SVC_Handler)
    SysTick_Handler                          0x08001e6d   Thumb Code     8  stm32l1xx_it.o(i.SysTick_Handler)
    SystemInit                               0x08001e75   Thumb Code    88  system_stm32l1xx.o(i.SystemInit)
    TIM7_Configuration                       0x08001edd   Thumb Code    58  main.o(i.TIM7_Configuration)
    TIM7_IRQHandler                          0x08001f1d   Thumb Code   194  main.o(i.TIM7_IRQHandler)
    TIM_ClearITPendingBit                    0x08001ff9   Thumb Code     6  stm32l1xx_tim.o(i.TIM_ClearITPendingBit)
    TIM_Cmd                                  0x08001fff   Thumb Code    24  stm32l1xx_tim.o(i.TIM_Cmd)
    TIM_GetITStatus                          0x08002017   Thumb Code    34  stm32l1xx_tim.o(i.TIM_GetITStatus)
    TIM_ITConfig                             0x08002039   Thumb Code    18  stm32l1xx_tim.o(i.TIM_ITConfig)
    TIM_TimeBaseInit                         0x0800204d   Thumb Code    76  stm32l1xx_tim.o(i.TIM_TimeBaseInit)
    TIM_UpdateRequestConfig                  0x080020ad   Thumb Code    24  stm32l1xx_tim.o(i.TIM_UpdateRequestConfig)
    TimingDelay_Decrement                    0x080020c5   Thumb Code    18  main.o(i.TimingDelay_Decrement)
    UART1_Cmd                                0x080020dd   Thumb Code    14  main.o(i.UART1_Cmd)
    UART1_Config                             0x080020f1   Thumb Code    40  main.o(i.UART1_Config)
    UART1_Init                               0x0800211d   Thumb Code    70  main.o(i.UART1_Init)
    UART1_Write                              0x08002169   Thumb Code    54  main.o(i.UART1_Write)
    USART_ClearFlag                          0x080021a5   Thumb Code    18  stm32l1xx_usart.o(i.USART_ClearFlag)
    USART_Cmd                                0x080021b7   Thumb Code    24  stm32l1xx_usart.o(i.USART_Cmd)
    USART_GetFlagStatus                      0x080021cf   Thumb Code    26  stm32l1xx_usart.o(i.USART_GetFlagStatus)
    USART_Init                               0x080021e9   Thumb Code   198  stm32l1xx_usart.o(i.USART_Init)
    USART_ReceiveData                        0x080022b5   Thumb Code    10  stm32l1xx_usart.o(i.USART_ReceiveData)
    USART_SendData                           0x080022bf   Thumb Code     8  stm32l1xx_usart.o(i.USART_SendData)
    UsageFault_Handler                       0x080022c7   Thumb Code     4  stm32l1xx_it.o(i.UsageFault_Handler)
    __0sprintf$3                             0x080022cd   Thumb Code    34  printf3.o(i.__0sprintf$3)
    __1sprintf$3                             0x080022cd   Thumb Code     0  printf3.o(i.__0sprintf$3)
    __2sprintf                               0x080022cd   Thumb Code     0  printf3.o(i.__0sprintf$3)
    __0vsprintf                              0x080022f5   Thumb Code    30  printfa.o(i.__0vsprintf)
    __1vsprintf                              0x080022f5   Thumb Code     0  printfa.o(i.__0vsprintf)
    __2vsprintf                              0x080022f5   Thumb Code     0  printfa.o(i.__0vsprintf)
    __c89vsprintf                            0x080022f5   Thumb Code     0  printfa.o(i.__0vsprintf)
    vsprintf                                 0x080022f5   Thumb Code     0  printfa.o(i.__0vsprintf)
    __scatterload_copy                       0x08002319   Thumb Code    14  handlers.o(i.__scatterload_copy)
    __scatterload_null                       0x08002327   Thumb Code     2  handlers.o(i.__scatterload_null)
    __scatterload_zeroinit                   0x08002329   Thumb Code    14  handlers.o(i.__scatterload_zeroinit)
    main                                     0x08002d99   Thumb Code   364  main.o(i.main)
    setUserButtonFlag                        0x08002f3d   Thumb Code     8  main.o(i.setUserButtonFlag)
    strupr                                   0x08002f49   Thumb Code    30  main.o(i.strupr)
    CapLetterMap                             0x08002f66   Data          52  stm32l_discovery_lcd.o(.constdata)
    NumberMap                                0x08002f9a   Data          20  stm32l_discovery_lcd.o(.constdata)
    Region$$Table$$Base                      0x08002fc0   Number         0  anon$$obj.o(Region$$Table)
    Region$$Table$$Limit                     0x08002fe0   Number         0  anon$$obj.o(Region$$Table)
    KeyPressed                               0x20000019   Data           1  stm32l_discovery_lcd.o(.data)
    t_bar                                    0x2000001a   Data           2  stm32l_discovery_lcd.o(.data)
    ADC_CommonInitStructure                  0x2000001c   Data           4  main.o(.data)
    ADC_ConvertedValue                       0x20000020   Data           2  main.o(.data)
    T_StartupTimeDelay                       0x20000022   Data           2  main.o(.data)
    ADC_Result                               0x20000024   Data           4  main.o(.data)
    INTemperature                            0x20000028   Data           4  main.o(.data)
    refAVG                                   0x2000002c   Data           4  main.o(.data)
    tempAVG                                  0x20000030   Data           4  main.o(.data)
    vdd_ref                                  0x20000034   Data           4  main.o(.data)
    Address                                  0x20000038   Data           4  main.o(.data)
    temperature_C                            0x2000003c   Data           4  main.o(.data)
    CurrentlyDisplayed                       0x20000040   Data           1  main.o(.data)
    calibdata                                0x20000042   Data           8  main.o(.data)
    flag_ADCDMA_TransferComplete             0x2000004a   Data           1  main.o(.data)
    flag_UserButton                          0x2000004b   Data           1  main.o(.data)
    FLASHStatus                              0x20000050   Data           1  main.o(.data)
    i2                                       0x20000054   Data           4  main.o(.data)
    buffer                                   0x20000058   Data           4  main.o(.data)
    i                                        0x2000005c   Data           1  main.o(.data)
    resp                                     0x2000005d   Data           5  main.o(.data)
    r1                                       0x20000064   Data           4  main.o(.data)
    duty_cycle                               0x20000068   Data           4  main.o(.data)
    count                                    0x2000006c   Data           4  main.o(.data)
    LED                                      0x20000070   Data          28  main.o(.data)
    tab                                      0x2000008c   Data          12  main.o(.bss)
    ADC_InitStructure                        0x20000098   Data          24  main.o(.bss)
    DMA_InitStructure                        0x200000b0   Data          44  main.o(.bss)
    ADC_ConvertedValueBuff                   0x200000dc   Data          40  main.o(.bss)
    strDisp                                  0x20000104   Data          20  main.o(.bss)
    RCC_Clocks                               0x20000118   Data          16  main.o(.bss)
    buff                                     0x20000128   Data         100  main.o(.bss)
    buff2                                    0x2000018c   Data         100  main.o(.bss)
    buff3                                    0x200001f0   Data          10  main.o(.bss)
    flag                                     0x200001fc   Data          28  main.o(.bss)
    ADC_ConvertedValues                      0x20000218   Data          20  adc.o(.bss)
    __initial_sp                             0x20000630   Data           0  startup_stm32l1xx_mdp.o(STACK)



==============================================================================

Memory Map of the image

  Image Entry point : 0x08000125

  Load Region LR_IROM1 (Base: 0x08000000, Size: 0x0000306c, Max: 0x00040000, ABSOLUTE)

    Execution Region ER_IROM1 (Base: 0x08000000, Size: 0x00002fe0, Max: 0x00040000, ABSOLUTE)

    Base Addr    Size         Type   Attr      Idx    E Section Name        Object

    0x08000000   0x00000124   Data   RO            3    RESET               startup_stm32l1xx_mdp.o
    0x08000124   0x00000000   Code   RO         3753  * .ARM.Collect$$$$00000000  mc_w.l(entry.o)
    0x08000124   0x00000004   Code   RO         4035    .ARM.Collect$$$$00000001  mc_w.l(entry2.o)
    0x08000128   0x00000004   Code   RO         4038    .ARM.Collect$$$$00000004  mc_w.l(entry5.o)
    0x0800012c   0x00000000   Code   RO         4040    .ARM.Collect$$$$00000008  mc_w.l(entry7b.o)
    0x0800012c   0x00000000   Code   RO         4042    .ARM.Collect$$$$0000000A  mc_w.l(entry8b.o)
    0x0800012c   0x00000008   Code   RO         4043    .ARM.Collect$$$$0000000B  mc_w.l(entry9a.o)
    0x08000134   0x00000000   Code   RO         4045    .ARM.Collect$$$$0000000D  mc_w.l(entry10a.o)
    0x08000134   0x00000000   Code   RO         4047    .ARM.Collect$$$$0000000F  mc_w.l(entry11a.o)
    0x08000134   0x00000004   Code   RO         4036    .ARM.Collect$$$$00002712  mc_w.l(entry2.o)
    0x08000138   0x00000024   Code   RO            4    .text               startup_stm32l1xx_mdp.o
    0x0800015c   0x00000024   Code   RO         3756    .text               mc_w.l(memcpya.o)
    0x08000180   0x00000024   Code   RO         3758    .text               mc_w.l(memseta.o)
    0x080001a4   0x00000018   Code   RO         3760    .text               mc_w.l(strcat.o)
    0x080001bc   0x0000000e   Code   RO         3762    .text               mc_w.l(strlen.o)
    0x080001ca   0x0000014e   Code   RO         4027    .text               mf_w.l(dadd.o)
    0x08000318   0x000000e4   Code   RO         4029    .text               mf_w.l(dmul.o)
    0x080003fc   0x000000de   Code   RO         4031    .text               mf_w.l(ddiv.o)
    0x080004da   0x00000022   Code   RO         4033    .text               mf_w.l(dflti.o)
    0x080004fc   0x0000002c   Code   RO         4052    .text               mc_w.l(uidiv.o)
    0x08000528   0x00000062   Code   RO         4054    .text               mc_w.l(uldiv.o)
    0x0800058a   0x0000001e   Code   RO         4056    .text               mc_w.l(llshl.o)
    0x080005a8   0x00000024   Code   RO         4058    .text               mc_w.l(llsshr.o)
    0x080005cc   0x00000000   Code   RO         4060    .text               mc_w.l(iusefp.o)
    0x080005cc   0x000000ba   Code   RO         4061    .text               mf_w.l(depilogue.o)
    0x08000686   0x00000030   Code   RO         4063    .text               mf_w.l(dfixul.o)
    0x080006b6   0x00000002   PAD
    0x080006b8   0x00000030   Code   RO         4065    .text               mf_w.l(cdrcmple.o)
    0x080006e8   0x00000024   Code   RO         4067    .text               mc_w.l(init.o)
    0x0800070c   0x00000020   Code   RO         4070    .text               mc_w.l(llushr.o)
    0x0800072c   0x00000016   Code   RO          212    i.ADC_Cmd           stm32l1xx_adc.o
    0x08000742   0x00000002   PAD
    0x08000744   0x0000001c   Code   RO          213    i.ADC_CommonInit    stm32l1xx_adc.o
    0x08000760   0x00000006   Code   RO          214    i.ADC_CommonStructInit  stm32l1xx_adc.o
    0x08000766   0x00000016   Code   RO          216    i.ADC_DMACmd        stm32l1xx_adc.o
    0x0800077c   0x00000016   Code   RO          217    i.ADC_DMARequestAfterLastTransferCmd  stm32l1xx_adc.o
    0x08000792   0x00000002   PAD
    0x08000794   0x00000020   Code   RO          218    i.ADC_DeInit        stm32l1xx_adc.o
    0x080007b4   0x00000012   Code   RO          226    i.ADC_GetFlagStatus  stm32l1xx_adc.o
    0x080007c6   0x00000002   PAD
    0x080007c8   0x00000054   Code   RO          232    i.ADC_Init          stm32l1xx_adc.o
    0x0800081c   0x00000012   Code   RO          236    i.ADC_PowerDownCmd  stm32l1xx_adc.o
    0x0800082e   0x00000158   Code   RO          237    i.ADC_RegularChannelConfig  stm32l1xx_adc.o
    0x08000986   0x0000000a   Code   RO          239    i.ADC_SoftwareStartConv  stm32l1xx_adc.o
    0x08000990   0x00000138   Code   RO         3726    i.ADC_initial       adc.o
    0x08000ac8   0x00000004   Code   RO         3378    i.BusFault_Handler  stm32l1xx_it.o
    0x08000acc   0x00000020   Code   RO         3379    i.DMA1_Channel1_IRQHandler  stm32l1xx_it.o
    0x08000aec   0x0000001c   Code   RO          714    i.DMA_ClearITPendingBit  stm32l1xx_dma.o
    0x08000b08   0x00000018   Code   RO          715    i.DMA_Cmd           stm32l1xx_dma.o
    0x08000b20   0x0000014c   Code   RO          716    i.DMA_DeInit        stm32l1xx_dma.o
    0x08000c6c   0x0000002c   Code   RO          719    i.DMA_GetITStatus   stm32l1xx_dma.o
    0x08000c98   0x00000012   Code   RO          720    i.DMA_ITConfig      stm32l1xx_dma.o
    0x08000caa   0x0000003c   Code   RO          721    i.DMA_Init          stm32l1xx_dma.o
    0x08000ce6   0x00000002   Code   RO         3380    i.DebugMon_Handler  stm32l1xx_it.o
    0x08000ce8   0x0000000e   Code   RO         3381    i.EXTI0_IRQHandler  stm32l1xx_it.o
    0x08000cf6   0x00000002   PAD
    0x08000cf8   0x0000000c   Code   RO          794    i.EXTI_ClearITPendingBit  stm32l1xx_exti.o
    0x08000d04   0x00000084   Code   RO         1140    i.GPIO_Init         stm32l1xx_gpio.o
    0x08000d88   0x00000046   Code   RO         1141    i.GPIO_PinAFConfig  stm32l1xx_gpio.o
    0x08000dce   0x00000012   Code   RO         1149    i.GPIO_StructInit   stm32l1xx_gpio.o
    0x08000de0   0x0000000a   Code   RO         1152    i.GPIO_WriteBit     stm32l1xx_gpio.o
    0x08000dea   0x00000002   PAD
    0x08000dec   0x0000000c   Code   RO         3727    i.GetADC            adc.o
    0x08000df8   0x00000004   Code   RO         3382    i.HardFault_Handler  stm32l1xx_it.o
    0x08000dfc   0x00000080   Code   RO         3470    i.LCDPrint          main.o
    0x08000e7c   0x00000020   Code   RO         1499    i.LCD_BlinkConfig   stm32l1xx_lcd.o
    0x08000e9c   0x0000000c   Code   RO         1502    i.LCD_Cmd           stm32l1xx_lcd.o
    0x08000ea8   0x0000001c   Code   RO         1503    i.LCD_ContrastConfig  stm32l1xx_lcd.o
    0x08000ec4   0x00000134   Code   RO         3251    i.LCD_Conv_Char_Seg  stm32l_discovery_lcd.o
    0x08000ff8   0x0000001c   Code   RO         1505    i.LCD_DeadTimeConfig  stm32l1xx_lcd.o
    0x08001014   0x00000030   Code   RO         3252    i.LCD_GLASS_Clear   stm32l_discovery_lcd.o
    0x08001044   0x00000174   Code   RO         3253    i.LCD_GLASS_Configure_GPIO  stm32l_discovery_lcd.o
    0x080011b8   0x0000006c   Code   RO         3254    i.LCD_GLASS_DisplayStrDeci  stm32l_discovery_lcd.o
    0x08001224   0x0000006e   Code   RO         3256    i.LCD_GLASS_Init    stm32l_discovery_lcd.o
    0x08001292   0x00000002   PAD
    0x08001294   0x00000544   Code   RO         3258    i.LCD_GLASS_WriteChar  stm32l_discovery_lcd.o
    0x080017d8   0x00000018   Code   RO         1506    i.LCD_GetFlagStatus  stm32l1xx_lcd.o
    0x080017f0   0x00000054   Code   RO         1510    i.LCD_Init          stm32l1xx_lcd.o
    0x08001844   0x0000000c   Code   RO         1511    i.LCD_MuxSegmentCmd  stm32l1xx_lcd.o
    0x08001850   0x0000001c   Code   RO         1512    i.LCD_PulseOnDurationConfig  stm32l1xx_lcd.o
    0x0800186c   0x0000000c   Code   RO         1514    i.LCD_UpdateDisplayRequest  stm32l1xx_lcd.o
    0x08001878   0x00000020   Code   RO         1515    i.LCD_WaitForSynchro  stm32l1xx_lcd.o
    0x08001898   0x0000003c   Code   RO         3259    i.LCD_bar           stm32l_discovery_lcd.o
    0x080018d4   0x00000050   Code   RO         3471    i.LED_Config        main.o
    0x08001924   0x00000004   Code   RO         3383    i.MemManage_Handler  stm32l1xx_it.o
    0x08001928   0x00000002   Code   RO         3384    i.NMI_Handler       stm32l1xx_it.o
    0x0800192a   0x00000044   Code   RO         3473    i.NVIC_Configuration  main.o
    0x0800196e   0x00000002   PAD
    0x08001970   0x00000078   Code   RO          161    i.NVIC_Init         misc.o
    0x080019e8   0x00000014   Code   RO          162    i.NVIC_PriorityGroupConfig  misc.o
    0x080019fc   0x0000000c   Code   RO         1631    i.PWR_RTCAccessCmd  stm32l1xx_pwr.o
    0x08001a08   0x00000002   Code   RO         3385    i.PendSV_Handler    stm32l1xx_it.o
    0x08001a0a   0x00000002   PAD
    0x08001a0c   0x00000020   Code   RO         1719    i.RCC_AHBPeriphClockCmd  stm32l1xx_rcc.o
    0x08001a2c   0x00000020   Code   RO         1722    i.RCC_APB1PeriphClockCmd  stm32l1xx_rcc.o
    0x08001a4c   0x00000020   Code   RO         1725    i.RCC_APB2PeriphClockCmd  stm32l1xx_rcc.o
    0x08001a6c   0x00000020   Code   RO         1727    i.RCC_APB2PeriphResetCmd  stm32l1xx_rcc.o
    0x08001a8c   0x00000038   Code   RO         3474    i.RCC_Config        main.o
    0x08001ac4   0x00000070   Code   RO         3475    i.RCC_Configuration  main.o
    0x08001b34   0x00000100   Code   RO         1734    i.RCC_GetClocksFreq  stm32l1xx_rcc.o
    0x08001c34   0x00000034   Code   RO         1735    i.RCC_GetFlagStatus  stm32l1xx_rcc.o
    0x08001c68   0x00000010   Code   RO         1739    i.RCC_HSEConfig     stm32l1xx_rcc.o
    0x08001c78   0x0000000c   Code   RO         1740    i.RCC_HSICmd        stm32l1xx_rcc.o
    0x08001c84   0x00000010   Code   RO         1743    i.RCC_LSEConfig     stm32l1xx_rcc.o
    0x08001c94   0x00000018   Code   RO         1747    i.RCC_MSIRangeConfig  stm32l1xx_rcc.o
    0x08001cac   0x00000044   Code   RO         1753    i.RCC_RTCCLKConfig  stm32l1xx_rcc.o
    0x08001cf0   0x0000000c   Code   RO         1754    i.RCC_RTCResetCmd   stm32l1xx_rcc.o
    0x08001cfc   0x00000018   Code   RO         1755    i.RCC_SYSCLKConfig  stm32l1xx_rcc.o
    0x08001d14   0x00000020   Code   RO         1972    i.RTC_ClearITPendingBit  stm32l1xx_rtc.o
    0x08001d34   0x00000044   Code   RO         1984    i.RTC_GetITStatus   stm32l1xx_rtc.o
    0x08001d78   0x0000001e   Code   RO         3386    i.RTC_WKUP_IRQHandler  stm32l1xx_it.o
    0x08001d96   0x00000002   Code   RO         3387    i.SVC_Handler       stm32l1xx_it.o
    0x08001d98   0x000000d4   Code   RO         3341    i.SetSysClock       system_stm32l1xx.o
    0x08001e6c   0x00000008   Code   RO         3388    i.SysTick_Handler   stm32l1xx_it.o
    0x08001e74   0x00000068   Code   RO         3343    i.SystemInit        system_stm32l1xx.o
    0x08001edc   0x00000040   Code   RO         3477    i.TIM7_Configuration  main.o
    0x08001f1c   0x000000dc   Code   RO         3478    i.TIM7_IRQHandler   main.o
    0x08001ff8   0x00000006   Code   RO         2556    i.TIM_ClearITPendingBit  stm32l1xx_tim.o
    0x08001ffe   0x00000018   Code   RO         2561    i.TIM_Cmd           stm32l1xx_tim.o
    0x08002016   0x00000022   Code   RO         2581    i.TIM_GetITStatus   stm32l1xx_tim.o
    0x08002038   0x00000012   Code   RO         2585    i.TIM_ITConfig      stm32l1xx_tim.o
    0x0800204a   0x00000002   PAD
    0x0800204c   0x00000060   Code   RO         2629    i.TIM_TimeBaseInit  stm32l1xx_tim.o
    0x080020ac   0x00000018   Code   RO         2632    i.TIM_UpdateRequestConfig  stm32l1xx_tim.o
    0x080020c4   0x00000018   Code   RO         3479    i.TimingDelay_Decrement  main.o
    0x080020dc   0x00000014   Code   RO         3480    i.UART1_Cmd         main.o
    0x080020f0   0x0000002c   Code   RO         3481    i.UART1_Config      main.o
    0x0800211c   0x0000004c   Code   RO         3482    i.UART1_Init        main.o
    0x08002168   0x0000003c   Code   RO         3483    i.UART1_Write       main.o
    0x080021a4   0x00000012   Code   RO         3063    i.USART_ClearFlag   stm32l1xx_usart.o
    0x080021b6   0x00000018   Code   RO         3067    i.USART_Cmd         stm32l1xx_usart.o
    0x080021ce   0x0000001a   Code   RO         3070    i.USART_GetFlagStatus  stm32l1xx_usart.o
    0x080021e8   0x000000cc   Code   RO         3074    i.USART_Init        stm32l1xx_usart.o
    0x080022b4   0x0000000a   Code   RO         3081    i.USART_ReceiveData  stm32l1xx_usart.o
    0x080022be   0x00000008   Code   RO         3084    i.USART_SendData    stm32l1xx_usart.o
    0x080022c6   0x00000004   Code   RO         3389    i.UsageFault_Handler  stm32l1xx_it.o
    0x080022ca   0x00000002   PAD
    0x080022cc   0x00000028   Code   RO         3857    i.__0sprintf$3      mc_w.l(printf3.o)
    0x080022f4   0x00000024   Code   RO         4005    i.__0vsprintf       mc_w.l(printfa.o)
    0x08002318   0x0000000e   Code   RO         4075    i.__scatterload_copy  mc_w.l(handlers.o)
    0x08002326   0x00000002   Code   RO         4076    i.__scatterload_null  mc_w.l(handlers.o)
    0x08002328   0x0000000e   Code   RO         4077    i.__scatterload_zeroinit  mc_w.l(handlers.o)
    0x08002336   0x00000002   PAD
    0x08002338   0x00000164   Code   RO         4006    i._fp_digits        mc_w.l(printfa.o)
    0x0800249c   0x000001b8   Code   RO         3862    i._printf_core      mc_w.l(printf3.o)
    0x08002654   0x000006dc   Code   RO         4007    i._printf_core      mc_w.l(printfa.o)
    0x08002d30   0x00000024   Code   RO         4008    i._printf_post_padding  mc_w.l(printfa.o)
    0x08002d54   0x0000002e   Code   RO         4009    i._printf_pre_padding  mc_w.l(printfa.o)
    0x08002d82   0x0000000a   Code   RO         3864    i._sputc            mc_w.l(printf3.o)
    0x08002d8c   0x0000000a   Code   RO         4011    i._sputc            mc_w.l(printfa.o)
    0x08002d96   0x00000002   PAD
    0x08002d98   0x000001a4   Code   RO         3494    i.main              main.o
    0x08002f3c   0x0000000c   Code   RO         3499    i.setUserButtonFlag  main.o
    0x08002f48   0x0000001e   Code   RO         3500    i.strupr            main.o
    0x08002f66   0x00000048   Data   RO         3261    .constdata          stm32l_discovery_lcd.o
    0x08002fae   0x00000002   PAD
    0x08002fb0   0x0000000f   Data   RO         3505    .conststring        main.o
    0x08002fbf   0x00000001   PAD
    0x08002fc0   0x00000020   Data   RO         4073    Region$$Table       anon$$obj.o


    Execution Region RW_IRAM1 (Base: 0x20000000, Size: 0x00000630, Max: 0x00008000, ABSOLUTE)

    Base Addr    Size         Type   Attr      Idx    E Section Name        Object

    0x20000000   0x00000019   Data   RW         1757    .data               stm32l1xx_rcc.o
    0x20000019   0x00000003   Data   RW         3262    .data               stm32l_discovery_lcd.o
    0x2000001c   0x00000070   Data   RW         3506    .data               main.o
    0x2000008c   0x0000018c   Zero   RW         3504    .bss                main.o
    0x20000218   0x00000014   Zero   RW         3728    .bss                adc.o
    0x2000022c   0x00000004   PAD
    0x20000230   0x00000400   Zero   RW            1    STACK               startup_stm32l1xx_mdp.o


==============================================================================

Image component sizes


      Code (inc. data)   RO Data    RW Data    ZI Data      Debug   Object Name

       324         22          0          0         20       1877   adc.o
      1414        154         15        112        396      11656   main.o
       140         24          0          0          0       1727   misc.o
        36          8        292          0       1024        948   startup_stm32l1xx_mdp.o
       606         20          0          0          0       8542   stm32l1xx_adc.o
       506         26          0          0          0       5543   stm32l1xx_dma.o
        12          6          0          0          0        573   stm32l1xx_exti.o
       230          0          0          0          0       3189   stm32l1xx_gpio.o
       108          0          0          0          0       5266   stm32l1xx_it.o
       292         52          0          0          0       7061   stm32l1xx_lcd.o
        12          6          0          0          0        559   stm32l1xx_pwr.o
       608         86          0         25          0      10029   stm32l1xx_rcc.o
       100          8          0          0          0       1302   stm32l1xx_rtc.o
       202         20          0          0          0       4428   stm32l1xx_tim.o
       290          6          0          0          0       4722   stm32l1xx_usart.o
         0          0          0          0          0     269284   stm32l1xx_wwdg.o
      2354         68         72          3          0       5991   stm32l_discovery_lcd.o
       316         28          0          0          0       1437   system_stm32l1xx.o

    ----------------------------------------------------------------------
      7570        534        414        140       1444     344134   Object Totals
         0          0         32          0          0          0   (incl. Generated)
        20          0          3          0          4          0   (incl. Padding)

    ----------------------------------------------------------------------

      Code (inc. data)   RO Data    RW Data    ZI Data      Debug   Library Member Name

         0          0          0          0          0          0   entry.o
         0          0          0          0          0          0   entry10a.o
         0          0          0          0          0          0   entry11a.o
         8          4          0          0          0          0   entry2.o
         4          0          0          0          0          0   entry5.o
         0          0          0          0          0          0   entry7b.o
         0          0          0          0          0          0   entry8b.o
         8          4          0          0          0          0   entry9a.o
        30          0          0          0          0          0   handlers.o
        36          8          0          0          0         68   init.o
         0          0          0          0          0          0   iusefp.o
        30          0          0          0          0         68   llshl.o
        36          0          0          0          0         68   llsshr.o
        32          0          0          0          0         68   llushr.o
        36          0          0          0          0         68   memcpya.o
        36          0          0          0          0        108   memseta.o
       490         10          0          0          0        252   printf3.o
      2240         86          0          0          0        508   printfa.o
        24          0          0          0          0         68   strcat.o
        14          0          0          0          0         68   strlen.o
        44          0          0          0          0         80   uidiv.o
        98          0          0          0          0         92   uldiv.o
        48          0          0          0          0         68   cdrcmple.o
       334          0          0          0          0        148   dadd.o
       222          0          0          0          0        100   ddiv.o
       186          0          0          0          0        176   depilogue.o
        48          0          0          0          0         68   dfixul.o
        34          0          0          0          0         76   dflti.o
       228          0          0          0          0         96   dmul.o

    ----------------------------------------------------------------------
      4272        112          0          0          0       2248   Library Totals
         6          0          0          0          0          0   (incl. Padding)

    ----------------------------------------------------------------------

      Code (inc. data)   RO Data    RW Data    ZI Data      Debug   Library Name

      3166        112          0          0          0       1516   mc_w.l
      1100          0          0          0          0        732   mf_w.l

    ----------------------------------------------------------------------
      4272        112          0          0          0       2248   Library Totals

    ----------------------------------------------------------------------

==============================================================================


      Code (inc. data)   RO Data    RW Data    ZI Data      Debug   

     11842        646        414        140       1444     340346   Grand Totals
     11842        646        414        140       1444     340346   ELF Image Totals
     11842        646        414        140          0          0   ROM Totals

==============================================================================

    Total RO  Size (Code + RO Data)                12256 (  11.97kB)
    Total RW  Size (RW Data + ZI Data)              1584 (   1.55kB)
    Total ROM Size (Code + RO Data + RW Data)      12396 (  12.11kB)

==============================================================================

