<html>
<body>
<pre>
<h1>µVision Build Log</h1>
<h2>Tool Versions:</h2>
IDE-Version: £gVision V5.18a
Copyright (C) 2016 ARM Ltd and ARM Germany GmbH. All rights reserved.
License Information: a a, a, LIC=LJWBS-LCKQ3-15WTV-PV01P-LJ2C0-H16NR
 
Tool Versions:
Toolchain:       MDK-ARM Professional  Version: 5.18a
Toolchain Path:  C:\Keil_v5\ARM\ARMCC\Bin
C Compiler:      Armcc.exe V5.06 update 1 (build 61)
Assembler:       Armasm.exe V5.06 update 1 (build 61)
Linker/Locator:  ArmLink.exe V5.06 update 1 (build 61)
Library Manager: ArmAr.exe V5.06 update 1 (build 61)
Hex Converter:   FromElf.exe V5.06 update 1 (build 61)
CPU DLL:         SARMCM3.DLL V5.18a
Dialog DLL:      DCM.DLL V1.13.6.0
Target DLL:      STLink\ST-LINKIII-KEIL_SWO.dll V2.0.18.0
Dialog DLL:      TCM.DLL V1.14.8.0
 
<h2>Project:</h2>
C:\Keil_v5\powenko\Projects\03_UART-reciver-data-working\MDK-ARM\Project.uvprojx
Project File Date:  04/13/2016

<h2>Output:</h2>
*** Using Compiler 'V5.06 update 1 (build 61)', folder: 'C:\Keil_v5\ARM\ARMCC\Bin'
Build target 'STM32L152RC (32L152C-DISCOVERY)'
compiling main.c...
..\src\main.c(35): warning:  #1295-D: Deprecated declaration GetADC - give arg types
  extern int GetADC();
..\src\main.c(36): warning:  #1295-D: Deprecated declaration ADC_initial - give arg types
  extern void ADC_initial();
..\src\main.c(272): warning:  #111-D: statement is unreachable
      return "";
..\src\main.c(360): warning:  #188-D: enumerated type mixed with another type
  							GPIO_WriteBit(
PIOA,
PIO_Pin_11,status);
..\src\main.c(363): warning:  #188-D: enumerated type mixed with another type
  							GPIO_WriteBit(
PIOA,
PIO_Pin_12,status);
..\src\main.c(366): warning:  #188-D: enumerated type mixed with another type
  							GPIO_WriteBit(
PIOA,
PIO_Pin_15,status);
..\src\main.c(369): warning:  #188-D: enumerated type mixed with another type
  							GPIO_WriteBit(
PIOD,
PIO_Pin_2,status);
..\src\main.c(372): warning:  #188-D: enumerated type mixed with another type
  							GPIO_WriteBit(
PIOC,
PIO_Pin_10,status);
..\src\main.c(375): warning:  #188-D: enumerated type mixed with another type
  							GPIO_WriteBit(
PIOC,
PIO_Pin_11,status);
..\src\main.c(378): warning:  #188-D: enumerated type mixed with another type
  							GPIO_WriteBit(
PIOC,
PIO_Pin_12,status);
..\src\main.c(410): warning:  #177-D: variable "a" was declared but never referenced
      char *a=buffer;
..\src\main.c(411): warning:  #550-D: variable "cnt" was set but never used
      int cnt;
..\src\main.c: 12 warnings, 0 errors
linking...
Program Size: Code=11842 RO-data=414 RW-data=140 ZI-data=1444  
".\STM32L-Discovery\STM32L-Discovery.axf" - 0 Error(s), 12 Warning(s).

<h2>Collection of Component include folders:</h2>
  C:\Keil_v5\powenko\Projects\03_UART-reciver-data-working\MDK-ARM\RTE
  C:\Keil_v5\ARM\PACK\Keil\STM32L1xx_DFP\1.0.2\Device\Include

<h2>Collection of Component Files used:</h2>
Build Time Elapsed:  00:00:01
</pre>
</body>
</html>
