<html>
<body>
<pre>
<h1>µVision Build Log</h1>
<h2>Tool Versions:</h2>
IDE-Version: µVision V5.17.0.0
Copyright (C) 2015 ARM Ltd and ARM Germany GmbH. All rights reserved.
License Information: powen ko, looptek, LIC=----
 
Tool Versions:
Toolchain:       MDK-Lite  Version: 5.17
Toolchain Path:  C:\Keil_v5\ARM\ARMCC\Bin
C Compiler:      Armcc.exe V5.06 update 1 (build 61)
Assembler:       Armasm.exe V5.06 update 1 (build 61)
Linker/Locator:  ArmLink.exe V5.06 update 1 (build 61)
Library Manager: ArmAr.exe V5.06 update 1 (build 61)
Hex Converter:   FromElf.exe V5.06 update 1 (build 61)
CPU DLL:         SARMCM3.DLL V5.17
Dialog DLL:      DCM.DLL V1.13.4.0
Target DLL:      STLink\ST-LINKIII-KEIL_SWO.dll V2.0.18.0
Dialog DLL:      TCM.DLL V1.14.6.0
 
<h2>Project:</h2>
\\vmware-host\Shared Folders\Desktop\STM32Cube_FW_L1_V1.4.0\Projects\STM32L152C-Discovery\Examples\GPIO\GPIO_IOToggle\MDK-ARM\Project.uvprojx
Project File Date:  09/27/2015

<h2>Output:</h2>
*** Using Compiler 'V5.06 update 1 (build 61)', folder: 'C:\Keil_v5\ARM\ARMCC\Bin'
Rebuild target 'STM32L152C-Discovery'
compiling stm32l152c_discovery.c...
compiling main.c...
compiling stm32l1xx_it.c...
compiling system_stm32l1xx.c...
assembling startup_stm32l152xc.s...
compiling stm32l1xx_hal_cortex.c...
compiling stm32l1xx_hal.c...
compiling stm32l1xx_hal_pwr_ex.c...
compiling stm32l1xx_hal_rcc.c...
compiling stm32l1xx_hal_pwr.c...
compiling stm32l1xx_hal_gpio.c...
linking...
Program Size: Code=4300 RO-data=356 RW-data=36 ZI-data=1044  
"STM32L152C-Discovery\STM32L152C-Discovery.axf" - 0 Error(s), 0 Warning(s).

<h2>Software Packages used:</h2>

Package Vendor: ARM
                http://www.keil.com/pack/ARM.CMSIS.4.5.0.pack
                ARM::CMSIS:CORE:4.3.0
                CMSIS (Cortex Microcontroller Software Interface Standard)
   * Component: CORE Version: 4.3.0

<h2>Collection of Component include folders:</h2>
  \\vmware-host\Shared Folders\Desktop\STM32Cube_FW_L1_V1.4.0\Projects\STM32L152C-Discovery\Examples\GPIO\GPIO_IOToggle\MDK-ARM\RTE
  C:\Keil_v5\ARM\PACK\ARM\CMSIS\4.5.0\CMSIS\Include
  C:\Keil_v5\ARM\PACK\Keil\STM32L1xx_DFP\1.0.2\Device\Include

<h2>Collection of Component Files used:</h2>

   * Component: ARM::CMSIS:CORE:4.3.0
Build Time Elapsed:  00:00:15
</pre>
</body>
</html>
